generating points... ALPHA_MN BETA_MN BETA_RHOMBO_B CEMENTITE CHI_A12 CR3MN5 CU2S DELTA DIAMOND_A4 DIGENITE DISULF D_NIMO ETA FCC_A1 FC_MONO FC_ORTHO FES_P GAMMA_DP GAMMA_PRIME GRAPHITE G_PHASE HCP_A3 KSI_CARBIDE LAVES LAV_C14 LIQUID M23C6 M23C6_WY M3C2 M6C M6C_WY M7C3 MNS_Q MOB2 MU_PHASE NBB NI2CR NIAL NITI2 PYRR P_PHASE R_PHASE SIGMA TI4C2S2 TIB TIB2 TIS ZET done
Adding points to LIQUID. T=1655.872, X_AL=0.01, X_C=0.00, X_CR=0.27, X_FE=0.01, X_MN=0.00, X_MO=0.08, X_NB=0.00, X_S=0.00, X_SI=0.00, X_TI=0.00, ΔT=0.500, NL: 1.000, NP(LIQUID)=1.000 
Adding points to LIQUID. T=1655.372, X_AL=0.01, X_C=0.00, X_CR=0.27, X_FE=0.01, X_MN=0.00, X_MO=0.08, X_NB=0.00, X_S=0.00, X_SI=0.00, X_TI=0.00, ΔT=0.500, NL: 1.000, NP(LIQUID)=1.000 
Adding points to LIQUID. T=1654.872, X_AL=0.01, X_C=0.00, X_CR=0.27, X_FE=0.01, X_MN=0.00, X_MO=0.08, X_NB=0.00, X_S=0.00, X_SI=0.00, X_TI=0.00, ΔT=0.500, NL: 1.000, NP(LIQUID)=1.000 
Adding points to LIQUID. T=1654.372, X_AL=0.01, X_C=0.00, X_CR=0.27, X_FE=0.01, X_MN=0.00, X_MO=0.08, X_NB=0.00, X_S=0.00, X_SI=0.00, X_TI=0.00, ΔT=0.500, NL: 1.000, NP(LIQUID)=1.000 
Adding points to LIQUID. T=1653.872, X_AL=0.01, X_C=0.00, X_CR=0.27, X_FE=0.01, X_MN=0.00, X_MO=0.08, X_NB=0.00, X_S=0.00, X_SI=0.00, X_TI=0.00, ΔT=0.500, NL: 1.000, NP(LIQUID)=1.000 
Adding points to LIQUID. T=1653.372, X_AL=0.01, X_C=0.00, X_CR=0.27, X_FE=0.01, X_MN=0.00, X_MO=0.08, X_NB=0.00, X_S=0.00, X_SI=0.00, X_TI=0.00, ΔT=0.500, NL: 1.000, NP(LIQUID)=1.000 
Adding points to LIQUID. T=1652.872, X_AL=0.01, X_C=0.00, X_CR=0.27, X_FE=0.01, X_MN=0.00, X_MO=0.08, X_NB=0.00, X_S=0.00, X_SI=0.00, X_TI=0.00, ΔT=0.500, NL: 1.000, NP(LIQUID)=1.000 
Adding points to LIQUID. T=1652.372, X_AL=0.01, X_C=0.00, X_CR=0.27, X_FE=0.01, X_MN=0.00, X_MO=0.08, X_NB=0.00, X_S=0.00, X_SI=0.00, X_TI=0.00, ΔT=0.500, NL: 1.000, NP(LIQUID)=1.000 
Adding points to LIQUID. T=1651.872, X_AL=0.01, X_C=0.00, X_CR=0.27, X_FE=0.01, X_MN=0.00, X_MO=0.08, X_NB=0.00, X_S=0.00, X_SI=0.00, X_TI=0.00, ΔT=0.500, NL: 1.000, NP(LIQUID)=1.000 
Adding points to LIQUID. T=1651.372, X_AL=0.01, X_C=0.00, X_CR=0.27, X_FE=0.01, X_MN=0.00, X_MO=0.08, X_NB=0.00, X_S=0.00, X_SI=0.00, X_TI=0.00, ΔT=0.500, NL: 1.000, NP(LIQUID)=1.000 
Adding points to LIQUID. Adding points to FCC_A1. New phases seen: {'FCC_A1'}. T=1650.872, X_AL=0.01, X_C=0.00, X_CR=0.27, X_FE=0.01, X_MN=0.00, X_MO=0.08, X_NB=0.00, X_S=0.00, X_SI=0.00, X_TI=0.00, ΔT=0.500, NL: 0.999, NP(LIQUID)=0.999 NP(FCC_A1)=0.001 
Adding points to LIQUID. Adding points to FCC_A1. T=1650.372, X_AL=0.01, X_C=0.00, X_CR=0.27, X_FE=0.01, X_MN=0.00, X_MO=0.08, X_NB=0.00, X_S=0.00, X_SI=0.00, X_TI=0.00, ΔT=0.500, NL: 0.963, NP(LIQUID)=0.963 NP(FCC_A1)=0.037 
Adding points to LIQUID. Adding points to FCC_A1. T=1649.872, X_AL=0.01, X_C=0.00, X_CR=0.27, X_FE=0.01, X_MN=0.00, X_MO=0.08, X_NB=0.00, X_S=0.00, X_SI=0.00, X_TI=0.00, ΔT=0.500, NL: 0.928, NP(LIQUID)=0.964 NP(FCC_A1)=0.036 
Adding points to LIQUID. Adding points to FCC_A1. T=1649.372, X_AL=0.01, X_C=0.00, X_CR=0.27, X_FE=0.01, X_MN=0.00, X_MO=0.08, X_NB=0.00, X_S=0.00, X_SI=0.00, X_TI=0.00, ΔT=0.500, NL: 0.895, NP(LIQUID)=0.964 NP(FCC_A1)=0.036 
Adding points to LIQUID. Adding points to FCC_A1. T=1648.872, X_AL=0.01, X_C=0.00, X_CR=0.27, X_FE=0.01, X_MN=0.00, X_MO=0.08, X_NB=0.00, X_S=0.00, X_SI=0.00, X_TI=0.00, ΔT=0.500, NL: 0.863, NP(LIQUID)=0.965 NP(FCC_A1)=0.035 
Adding points to LIQUID. Adding points to FCC_A1. T=1648.372, X_AL=0.01, X_C=0.00, X_CR=0.27, X_FE=0.01, X_MN=0.00, X_MO=0.08, X_NB=0.00, X_S=0.00, X_SI=0.00, X_TI=0.00, ΔT=0.500, NL: 0.833, NP(LIQUID)=0.965 NP(FCC_A1)=0.035 
Adding points to LIQUID. Adding points to FCC_A1. T=1647.872, X_AL=0.01, X_C=0.00, X_CR=0.27, X_FE=0.01, X_MN=0.00, X_MO=0.08, X_NB=0.00, X_S=0.00, X_SI=0.00, X_TI=0.00, ΔT=0.500, NL: 0.804, NP(LIQUID)=0.965 NP(FCC_A1)=0.035 
Adding points to LIQUID. Adding points to FCC_A1. T=1647.372, X_AL=0.01, X_C=0.00, X_CR=0.27, X_FE=0.01, X_MN=0.00, X_MO=0.08, X_NB=0.00, X_S=0.00, X_SI=0.00, X_TI=0.00, ΔT=0.500, NL: 0.777, NP(LIQUID)=0.966 NP(FCC_A1)=0.034 
Adding points to LIQUID. Adding points to FCC_A1. T=1646.872, X_AL=0.01, X_C=0.00, X_CR=0.27, X_FE=0.01, X_MN=0.00, X_MO=0.08, X_NB=0.00, X_S=0.00, X_SI=0.00, X_TI=0.00, ΔT=0.500, NL: 0.751, NP(LIQUID)=0.966 NP(FCC_A1)=0.034 
Adding points to LIQUID. Adding points to FCC_A1. T=1646.372, X_AL=0.01, X_C=0.00, X_CR=0.27, X_FE=0.01, X_MN=0.00, X_MO=0.08, X_NB=0.00, X_S=0.00, X_SI=0.00, X_TI=0.00, ΔT=0.500, NL: 0.725, NP(LIQUID)=0.967 NP(FCC_A1)=0.033 
Adding points to LIQUID. Adding points to FCC_A1. T=1645.872, X_AL=0.01, X_C=0.00, X_CR=0.27, X_FE=0.01, X_MN=0.00, X_MO=0.09, X_NB=0.00, X_S=0.00, X_SI=0.00, X_TI=0.00, ΔT=0.500, NL: 0.701, NP(LIQUID)=0.967 NP(FCC_A1)=0.033 
Adding points to LIQUID. Adding points to FCC_A1. T=1645.372, X_AL=0.01, X_C=0.00, X_CR=0.28, X_FE=0.01, X_MN=0.00, X_MO=0.09, X_NB=0.00, X_S=0.00, X_SI=0.00, X_TI=0.00, ΔT=0.500, NL: 0.679, NP(LIQUID)=0.967 NP(FCC_A1)=0.033 
Adding points to LIQUID. Adding points to FCC_A1. T=1644.872, X_AL=0.01, X_C=0.00, X_CR=0.28, X_FE=0.01, X_MN=0.00, X_MO=0.09, X_NB=0.00, X_S=0.00, X_SI=0.00, X_TI=0.00, ΔT=0.500, NL: 0.657, NP(LIQUID)=0.968 NP(FCC_A1)=0.032 
Adding points to LIQUID. Adding points to FCC_A1. T=1644.372, X_AL=0.01, X_C=0.00, X_CR=0.28, X_FE=0.01, X_MN=0.00, X_MO=0.09, X_NB=0.00, X_S=0.00, X_SI=0.00, X_TI=0.00, ΔT=0.500, NL: 0.636, NP(LIQUID)=0.968 NP(FCC_A1)=0.032 
Adding points to LIQUID. Adding points to FCC_A1. T=1643.872, X_AL=0.01, X_C=0.00, X_CR=0.28, X_FE=0.01, X_MN=0.00, X_MO=0.09, X_NB=0.00, X_S=0.00, X_SI=0.00, X_TI=0.00, ΔT=0.500, NL: 0.616, NP(LIQUID)=0.968 NP(FCC_A1)=0.032 
Adding points to LIQUID. Adding points to FCC_A1. T=1643.372, X_AL=0.01, X_C=0.00, X_CR=0.28, X_FE=0.01, X_MN=0.00, X_MO=0.09, X_NB=0.00, X_S=0.00, X_SI=0.00, X_TI=0.00, ΔT=0.500, NL: 0.596, NP(LIQUID)=0.969 NP(FCC_A1)=0.031 
Adding points to LIQUID. Adding points to FCC_A1. T=1642.872, X_AL=0.01, X_C=0.00, X_CR=0.28, X_FE=0.00, X_MN=0.00, X_MO=0.09, X_NB=0.00, X_S=0.00, X_SI=0.00, X_TI=0.00, ΔT=0.500, NL: 0.578, NP(LIQUID)=0.969 NP(FCC_A1)=0.031 
Adding points to LIQUID. Adding points to FCC_A1. T=1642.372, X_AL=0.01, X_C=0.00, X_CR=0.28, X_FE=0.00, X_MN=0.00, X_MO=0.09, X_NB=0.00, X_S=0.00, X_SI=0.00, X_TI=0.00, ΔT=0.500, NL: 0.560, NP(LIQUID)=0.969 NP(FCC_A1)=0.031 
Adding points to LIQUID. Adding points to FCC_A1. T=1641.872, X_AL=0.01, X_C=0.00, X_CR=0.28, X_FE=0.00, X_MN=0.00, X_MO=0.09, X_NB=0.00, X_S=0.00, X_SI=0.00, X_TI=0.00, ΔT=0.500, NL: 0.543, NP(LIQUID)=0.970 NP(FCC_A1)=0.030 
Adding points to LIQUID. Adding points to FCC_A1. T=1641.372, X_AL=0.01, X_C=0.00, X_CR=0.28, X_FE=0.00, X_MN=0.00, X_MO=0.09, X_NB=0.00, X_S=0.00, X_SI=0.00, X_TI=0.00, ΔT=0.500, NL: 0.527, NP(LIQUID)=0.970 NP(FCC_A1)=0.030 
Adding points to LIQUID. Adding points to FCC_A1. T=1640.872, X_AL=0.01, X_C=0.00, X_CR=0.28, X_FE=0.00, X_MN=0.00, X_MO=0.09, X_NB=0.00, X_S=0.00, X_SI=0.00, X_TI=0.00, ΔT=0.500, NL: 0.511, NP(LIQUID)=0.970 NP(FCC_A1)=0.030 
Adding points to LIQUID. Adding points to FCC_A1. T=1640.372, X_AL=0.01, X_C=0.00, X_CR=0.28, X_FE=0.00, X_MN=0.00, X_MO=0.09, X_NB=0.00, X_S=0.00, X_SI=0.00, X_TI=0.00, ΔT=0.500, NL: 0.496, NP(LIQUID)=0.971 NP(FCC_A1)=0.029 
Adding points to LIQUID. Adding points to FCC_A1. T=1639.872, X_AL=0.01, X_C=0.00, X_CR=0.28, X_FE=0.00, X_MN=0.00, X_MO=0.09, X_NB=0.00, X_S=0.00, X_SI=0.00, X_TI=0.00, ΔT=0.500, NL: 0.482, NP(LIQUID)=0.971 NP(FCC_A1)=0.029 
Adding points to LIQUID. Adding points to FCC_A1. T=1639.372, X_AL=0.01, X_C=0.00, X_CR=0.28, X_FE=0.00, X_MN=0.00, X_MO=0.09, X_NB=0.00, X_S=0.00, X_SI=0.00, X_TI=0.00, ΔT=0.500, NL: 0.468, NP(LIQUID)=0.971 NP(FCC_A1)=0.029 
Adding points to LIQUID. Adding points to FCC_A1. T=1638.872, X_AL=0.01, X_C=0.00, X_CR=0.28, X_FE=0.00, X_MN=0.00, X_MO=0.09, X_NB=0.00, X_S=0.00, X_SI=0.00, X_TI=0.00, ΔT=0.500, NL: 0.455, NP(LIQUID)=0.972 NP(FCC_A1)=0.028 
Adding points to LIQUID. Adding points to FCC_A1. T=1638.372, X_AL=0.01, X_C=0.00, X_CR=0.28, X_FE=0.00, X_MN=0.00, X_MO=0.09, X_NB=0.00, X_S=0.00, X_SI=0.00, X_TI=0.00, ΔT=0.500, NL: 0.442, NP(LIQUID)=0.972 NP(FCC_A1)=0.028 
Adding points to LIQUID. Adding points to FCC_A1. T=1637.872, X_AL=0.01, X_C=0.00, X_CR=0.28, X_FE=0.00, X_MN=0.00, X_MO=0.09, X_NB=0.00, X_S=0.00, X_SI=0.00, X_TI=0.00, ΔT=0.500, NL: 0.430, NP(LIQUID)=0.972 NP(FCC_A1)=0.028 
Adding points to LIQUID. Adding points to FCC_A1. T=1637.372, X_AL=0.01, X_C=0.00, X_CR=0.28, X_FE=0.00, X_MN=0.00, X_MO=0.09, X_NB=0.00, X_S=0.00, X_SI=0.00, X_TI=0.00, ΔT=0.500, NL: 0.418, NP(LIQUID)=0.972 NP(FCC_A1)=0.028 
Adding points to LIQUID. Adding points to FCC_A1. T=1636.872, X_AL=0.01, X_C=0.00, X_CR=0.28, X_FE=0.00, X_MN=0.00, X_MO=0.09, X_NB=0.00, X_S=0.00, X_SI=0.00, X_TI=0.00, ΔT=0.500, NL: 0.406, NP(LIQUID)=0.973 NP(FCC_A1)=0.027 
Adding points to LIQUID. Adding points to FCC_A1. T=1636.372, X_AL=0.01, X_C=0.00, X_CR=0.28, X_FE=0.00, X_MN=0.00, X_MO=0.09, X_NB=0.00, X_S=0.00, X_SI=0.00, X_TI=0.00, ΔT=0.500, NL: 0.395, NP(LIQUID)=0.973 NP(FCC_A1)=0.027 
Adding points to LIQUID. Adding points to FCC_A1. T=1635.872, X_AL=0.01, X_C=0.00, X_CR=0.28, X_FE=0.00, X_MN=0.00, X_MO=0.09, X_NB=0.00, X_S=0.00, X_SI=0.00, X_TI=0.00, ΔT=0.500, NL: 0.385, NP(LIQUID)=0.973 NP(FCC_A1)=0.027 
Adding points to LIQUID. Adding points to FCC_A1. T=1635.372, X_AL=0.01, X_C=0.00, X_CR=0.29, X_FE=0.00, X_MN=0.00, X_MO=0.09, X_NB=0.00, X_S=0.00, X_SI=0.00, X_TI=0.00, ΔT=0.500, NL: 0.375, NP(LIQUID)=0.974 NP(FCC_A1)=0.026 
Adding points to LIQUID. Adding points to FCC_A1. T=1634.872, X_AL=0.01, X_C=0.00, X_CR=0.29, X_FE=0.00, X_MN=0.00, X_MO=0.09, X_NB=0.00, X_S=0.00, X_SI=0.00, X_TI=0.00, ΔT=0.500, NL: 0.365, NP(LIQUID)=0.974 NP(FCC_A1)=0.026 
Adding points to LIQUID. Adding points to FCC_A1. T=1634.372, X_AL=0.01, X_C=0.00, X_CR=0.29, X_FE=0.00, X_MN=0.00, X_MO=0.10, X_NB=0.00, X_S=0.00, X_SI=0.00, X_TI=0.00, ΔT=0.500, NL: 0.355, NP(LIQUID)=0.974 NP(FCC_A1)=0.026 
Adding points to LIQUID. Adding points to FCC_A1. T=1633.872, X_AL=0.01, X_C=0.00, X_CR=0.29, X_FE=0.00, X_MN=0.00, X_MO=0.10, X_NB=0.00, X_S=0.00, X_SI=0.00, X_TI=0.00, ΔT=0.500, NL: 0.346, NP(LIQUID)=0.974 NP(FCC_A1)=0.026 
Adding points to LIQUID. Adding points to FCC_A1. T=1633.372, X_AL=0.01, X_C=0.00, X_CR=0.29, X_FE=0.00, X_MN=0.00, X_MO=0.10, X_NB=0.00, X_S=0.00, X_SI=0.00, X_TI=0.00, ΔT=0.500, NL: 0.337, NP(LIQUID)=0.975 NP(FCC_A1)=0.025 
Adding points to LIQUID. Adding points to FCC_A1. T=1632.872, X_AL=0.01, X_C=0.00, X_CR=0.29, X_FE=0.00, X_MN=0.00, X_MO=0.10, X_NB=0.00, X_S=0.00, X_SI=0.00, X_TI=0.00, ΔT=0.500, NL: 0.329, NP(LIQUID)=0.975 NP(FCC_A1)=0.025 
Adding points to LIQUID. Adding points to FCC_A1. T=1632.372, X_AL=0.01, X_C=0.00, X_CR=0.29, X_FE=0.00, X_MN=0.00, X_MO=0.10, X_NB=0.00, X_S=0.00, X_SI=0.00, X_TI=0.00, ΔT=0.500, NL: 0.321, NP(LIQUID)=0.975 NP(FCC_A1)=0.025 
Adding points to TIS. Adding points to FCC_A1. New phases seen: {'TIS'}. No liquid phase found at T=1631.872, X_AL=0.01, X_C=0.00, X_CR=0.29, X_FE=0.00, X_MN=0.00, X_MO=0.10, X_NB=0.00, X_S=0.00, X_SI=0.00, X_TI=0.00. (Found {'FCC_A1', 'TIS'}) Stepping back and reducing step size.
Adding points to LIQUID. Adding points to FCC_A1. T=1631.956, X_AL=0.01, X_C=0.00, X_CR=0.29, X_FE=0.00, X_MN=0.00, X_MO=0.10, X_NB=0.00, X_S=0.00, X_SI=0.00, X_TI=0.00, ΔT=0.417, NL: 0.314, NP(LIQUID)=0.979 NP(FCC_A1)=0.021 
Adding points to FCC_A1. Adding points to LIQUID. T=1631.539, X_AL=0.01, X_C=0.00, X_CR=0.29, X_FE=0.00, X_MN=0.00, X_MO=0.10, X_NB=0.00, X_S=0.00, X_SI=0.00, X_TI=0.00, ΔT=0.417, NL: 0.308, NP(LIQUID)=0.980 NP(FCC_A1)=0.020 
Adding points to FCC_A1. Adding points to LIQUID. T=1631.122, X_AL=0.01, X_C=0.00, X_CR=0.29, X_FE=0.00, X_MN=0.00, X_MO=0.10, X_NB=0.00, X_S=0.00, X_SI=0.00, X_TI=0.00, ΔT=0.417, NL: 0.301, NP(LIQUID)=0.980 NP(FCC_A1)=0.020 
Adding points to FCC_A1. Adding points to LIQUID. T=1630.706, X_AL=0.01, X_C=0.00, X_CR=0.29, X_FE=0.00, X_MN=0.00, X_MO=0.10, X_NB=0.00, X_S=0.00, X_SI=0.00, X_TI=0.00, ΔT=0.417, NL: 0.295, NP(LIQUID)=0.980 NP(FCC_A1)=0.020 
Adding points to FCC_A1. Adding points to LIQUID. T=1630.289, X_AL=0.01, X_C=0.00, X_CR=0.29, X_FE=0.00, X_MN=0.00, X_MO=0.10, X_NB=0.00, X_S=0.00, X_SI=0.00, X_TI=0.00, ΔT=0.417, NL: 0.289, NP(LIQUID)=0.980 NP(FCC_A1)=0.020 
Adding points to FCC_A1. Adding points to LIQUID. T=1629.872, X_AL=0.01, X_C=0.00, X_CR=0.29, X_FE=0.00, X_MN=0.00, X_MO=0.10, X_NB=0.00, X_S=0.00, X_SI=0.00, X_TI=0.00, ΔT=0.417, NL: 0.284, NP(LIQUID)=0.980 NP(FCC_A1)=0.020 
Adding points to LIQUID. Adding points to FCC_A1. T=1629.456, X_AL=0.01, X_C=0.00, X_CR=0.29, X_FE=0.00, X_MN=0.00, X_MO=0.10, X_NB=0.00, X_S=0.00, X_SI=0.00, X_TI=0.00, ΔT=0.417, NL: 0.278, NP(LIQUID)=0.980 NP(FCC_A1)=0.020 
Adding points to LIQUID. Adding points to FCC_A1. T=1629.039, X_AL=0.01, X_C=0.00, X_CR=0.29, X_FE=0.00, X_MN=0.00, X_MO=0.10, X_NB=0.00, X_S=0.00, X_SI=0.00, X_TI=0.00, ΔT=0.417, NL: 0.273, NP(LIQUID)=0.980 NP(FCC_A1)=0.020 
Adding points to LIQUID. Adding points to FCC_A1. T=1628.622, X_AL=0.01, X_C=0.00, X_CR=0.29, X_FE=0.00, X_MN=0.00, X_MO=0.10, X_NB=0.00, X_S=0.00, X_SI=0.00, X_TI=0.00, ΔT=0.417, NL: 0.267, NP(LIQUID)=0.981 NP(FCC_A1)=0.019 
Adding points to LIQUID. Adding points to FCC_A1. T=1628.206, X_AL=0.01, X_C=0.00, X_CR=0.29, X_FE=0.00, X_MN=0.00, X_MO=0.10, X_NB=0.00, X_S=0.00, X_SI=0.00, X_TI=0.00, ΔT=0.417, NL: 0.262, NP(LIQUID)=0.981 NP(FCC_A1)=0.019 
Adding points to FCC_A1. Adding points to LIQUID. T=1627.789, X_AL=0.01, X_C=0.00, X_CR=0.29, X_FE=0.00, X_MN=0.00, X_MO=0.10, X_NB=0.00, X_S=0.00, X_SI=0.00, X_TI=0.00, ΔT=0.417, NL: 0.257, NP(LIQUID)=0.981 NP(FCC_A1)=0.019 
Adding points to FCC_A1. Adding points to LIQUID. T=1627.372, X_AL=0.01, X_C=0.00, X_CR=0.29, X_FE=0.00, X_MN=0.00, X_MO=0.10, X_NB=0.00, X_S=0.00, X_SI=0.00, X_TI=0.00, ΔT=0.417, NL: 0.252, NP(LIQUID)=0.981 NP(FCC_A1)=0.019 
Adding points to LIQUID. Adding points to FCC_A1. T=1626.956, X_AL=0.01, X_C=0.00, X_CR=0.29, X_FE=0.00, X_MN=0.00, X_MO=0.10, X_NB=0.00, X_S=0.00, X_SI=0.00, X_TI=0.00, ΔT=0.417, NL: 0.248, NP(LIQUID)=0.981 NP(FCC_A1)=0.019 
Adding points to FCC_A1. Adding points to LIQUID. T=1626.539, X_AL=0.01, X_C=0.00, X_CR=0.29, X_FE=0.00, X_MN=0.00, X_MO=0.10, X_NB=0.00, X_S=0.00, X_SI=0.00, X_TI=0.00, ΔT=0.417, NL: 0.243, NP(LIQUID)=0.981 NP(FCC_A1)=0.019 
Adding points to FCC_A1. Adding points to LIQUID. T=1626.122, X_AL=0.01, X_C=0.00, X_CR=0.29, X_FE=0.00, X_MN=0.00, X_MO=0.10, X_NB=0.00, X_S=0.00, X_SI=0.00, X_TI=0.00, ΔT=0.417, NL: 0.238, NP(LIQUID)=0.982 NP(FCC_A1)=0.018 
Adding points to FCC_A1. Adding points to LIQUID. T=1625.706, X_AL=0.01, X_C=0.00, X_CR=0.29, X_FE=0.00, X_MN=0.00, X_MO=0.10, X_NB=0.00, X_S=0.00, X_SI=0.00, X_TI=0.00, ΔT=0.417, NL: 0.234, NP(LIQUID)=0.982 NP(FCC_A1)=0.018 
Adding points to FCC_A1. Adding points to LIQUID. T=1625.289, X_AL=0.01, X_C=0.00, X_CR=0.29, X_FE=0.00, X_MN=0.00, X_MO=0.10, X_NB=0.00, X_S=0.00, X_SI=0.00, X_TI=0.00, ΔT=0.417, NL: 0.230, NP(LIQUID)=0.982 NP(FCC_A1)=0.018 
Adding points to FCC_A1. Adding points to LIQUID. T=1624.872, X_AL=0.01, X_C=0.00, X_CR=0.29, X_FE=0.00, X_MN=0.00, X_MO=0.10, X_NB=0.00, X_S=0.00, X_SI=0.00, X_TI=0.00, ΔT=0.417, NL: 0.226, NP(LIQUID)=0.982 NP(FCC_A1)=0.018 
Adding points to FCC_A1. Adding points to LIQUID. T=1624.456, X_AL=0.01, X_C=0.00, X_CR=0.29, X_FE=0.00, X_MN=0.00, X_MO=0.10, X_NB=0.00, X_S=0.00, X_SI=0.00, X_TI=0.00, ΔT=0.417, NL: 0.222, NP(LIQUID)=0.982 NP(FCC_A1)=0.018 
Adding points to FCC_A1. Adding points to LIQUID. T=1624.039, X_AL=0.01, X_C=0.00, X_CR=0.29, X_FE=0.00, X_MN=0.00, X_MO=0.10, X_NB=0.00, X_S=0.00, X_SI=0.00, X_TI=0.00, ΔT=0.417, NL: 0.218, NP(LIQUID)=0.982 NP(FCC_A1)=0.018 
Adding points to FCC_A1. Adding points to LIQUID. T=1623.622, X_AL=0.01, X_C=0.00, X_CR=0.29, X_FE=0.00, X_MN=0.00, X_MO=0.10, X_NB=0.00, X_S=0.00, X_SI=0.00, X_TI=0.00, ΔT=0.417, NL: 0.214, NP(LIQUID)=0.982 NP(FCC_A1)=0.018 
Adding points to FCC_A1. Adding points to LIQUID. T=1623.206, X_AL=0.01, X_C=0.00, X_CR=0.29, X_FE=0.00, X_MN=0.00, X_MO=0.10, X_NB=0.00, X_S=0.00, X_SI=0.00, X_TI=0.00, ΔT=0.417, NL: 0.210, NP(LIQUID)=0.982 NP(FCC_A1)=0.018 
Adding points to FCC_A1. Adding points to LIQUID. T=1622.789, X_AL=0.01, X_C=0.00, X_CR=0.30, X_FE=0.00, X_MN=0.00, X_MO=0.10, X_NB=0.00, X_S=0.00, X_SI=0.00, X_TI=0.00, ΔT=0.417, NL: 0.206, NP(LIQUID)=0.983 NP(FCC_A1)=0.017 
Adding points to FCC_A1. Adding points to LIQUID. T=1622.372, X_AL=0.01, X_C=0.00, X_CR=0.30, X_FE=0.00, X_MN=0.00, X_MO=0.10, X_NB=0.00, X_S=0.00, X_SI=0.00, X_TI=0.00, ΔT=0.417, NL: 0.203, NP(LIQUID)=0.983 NP(FCC_A1)=0.017 
Adding points to FCC_A1. Adding points to LIQUID. T=1621.956, X_AL=0.01, X_C=0.00, X_CR=0.30, X_FE=0.00, X_MN=0.00, X_MO=0.10, X_NB=0.00, X_S=0.00, X_SI=0.00, X_TI=0.00, ΔT=0.417, NL: 0.199, NP(LIQUID)=0.983 NP(FCC_A1)=0.017 
Adding points to FCC_A1. Adding points to LIQUID. T=1621.539, X_AL=0.01, X_C=0.00, X_CR=0.30, X_FE=0.00, X_MN=0.00, X_MO=0.10, X_NB=0.00, X_S=0.00, X_SI=0.00, X_TI=0.00, ΔT=0.417, NL: 0.196, NP(LIQUID)=0.983 NP(FCC_A1)=0.017 
Adding points to FCC_A1. Adding points to LIQUID. T=1621.122, X_AL=0.01, X_C=0.00, X_CR=0.30, X_FE=0.00, X_MN=0.00, X_MO=0.11, X_NB=0.00, X_S=0.00, X_SI=0.00, X_TI=0.00, ΔT=0.417, NL: 0.193, NP(LIQUID)=0.983 NP(FCC_A1)=0.017 
Adding points to FCC_A1. Adding points to LIQUID. T=1620.706, X_AL=0.01, X_C=0.00, X_CR=0.30, X_FE=0.00, X_MN=0.00, X_MO=0.11, X_NB=0.00, X_S=0.00, X_SI=0.00, X_TI=0.00, ΔT=0.417, NL: 0.189, NP(LIQUID)=0.983 NP(FCC_A1)=0.017 
Adding points to FCC_A1. Adding points to LIQUID. T=1620.289, X_AL=0.01, X_C=0.00, X_CR=0.30, X_FE=0.00, X_MN=0.00, X_MO=0.11, X_NB=0.00, X_S=0.00, X_SI=0.00, X_TI=0.00, ΔT=0.417, NL: 0.186, NP(LIQUID)=0.983 NP(FCC_A1)=0.017 
Adding points to FCC_A1. Adding points to LIQUID. T=1619.872, X_AL=0.01, X_C=0.00, X_CR=0.30, X_FE=0.00, X_MN=0.00, X_MO=0.11, X_NB=0.00, X_S=0.00, X_SI=0.00, X_TI=0.00, ΔT=0.417, NL: 0.183, NP(LIQUID)=0.983 NP(FCC_A1)=0.017 
Adding points to LIQUID. Adding points to FCC_A1. T=1619.456, X_AL=0.01, X_C=0.00, X_CR=0.30, X_FE=0.00, X_MN=0.00, X_MO=0.11, X_NB=0.00, X_S=0.00, X_SI=0.00, X_TI=0.00, ΔT=0.417, NL: 0.180, NP(LIQUID)=0.984 NP(FCC_A1)=0.016 
Adding points to FCC_A1. Adding points to LIQUID. T=1619.039, X_AL=0.01, X_C=0.00, X_CR=0.30, X_FE=0.00, X_MN=0.00, X_MO=0.11, X_NB=0.00, X_S=0.00, X_SI=0.00, X_TI=0.00, ΔT=0.417, NL: 0.177, NP(LIQUID)=0.984 NP(FCC_A1)=0.016 
Adding points to FCC_A1. Adding points to LIQUID. T=1618.622, X_AL=0.01, X_C=0.00, X_CR=0.30, X_FE=0.00, X_MN=0.00, X_MO=0.11, X_NB=0.00, X_S=0.00, X_SI=0.00, X_TI=0.00, ΔT=0.417, NL: 0.174, NP(LIQUID)=0.984 NP(FCC_A1)=0.016 
Adding points to LIQUID. Adding points to FCC_A1. T=1618.206, X_AL=0.01, X_C=0.00, X_CR=0.30, X_FE=0.00, X_MN=0.00, X_MO=0.11, X_NB=0.00, X_S=0.00, X_SI=0.00, X_TI=0.00, ΔT=0.417, NL: 0.172, NP(LIQUID)=0.984 NP(FCC_A1)=0.016 
Adding points to FCC_A1. Adding points to LIQUID. T=1617.789, X_AL=0.01, X_C=0.00, X_CR=0.30, X_FE=0.00, X_MN=0.00, X_MO=0.11, X_NB=0.00, X_S=0.00, X_SI=0.00, X_TI=0.00, ΔT=0.417, NL: 0.169, NP(LIQUID)=0.984 NP(FCC_A1)=0.016 
Adding points to FCC_A1. Adding points to LIQUID. T=1617.372, X_AL=0.01, X_C=0.00, X_CR=0.30, X_FE=0.00, X_MN=0.00, X_MO=0.11, X_NB=0.00, X_S=0.00, X_SI=0.00, X_TI=0.00, ΔT=0.417, NL: 0.166, NP(LIQUID)=0.984 NP(FCC_A1)=0.016 
Adding points to FCC_A1. Adding points to LIQUID. T=1616.956, X_AL=0.01, X_C=0.00, X_CR=0.30, X_FE=0.00, X_MN=0.00, X_MO=0.11, X_NB=0.00, X_S=0.00, X_SI=0.00, X_TI=0.00, ΔT=0.417, NL: 0.164, NP(LIQUID)=0.984 NP(FCC_A1)=0.016 
Adding points to FCC_A1. Adding points to LIQUID. T=1616.539, X_AL=0.01, X_C=0.00, X_CR=0.30, X_FE=0.00, X_MN=0.00, X_MO=0.11, X_NB=0.00, X_S=0.00, X_SI=0.00, X_TI=0.00, ΔT=0.417, NL: 0.161, NP(LIQUID)=0.984 NP(FCC_A1)=0.016 
Adding points to FCC_A1. Adding points to LIQUID. T=1616.122, X_AL=0.01, X_C=0.00, X_CR=0.30, X_FE=0.00, X_MN=0.00, X_MO=0.11, X_NB=0.00, X_S=0.00, X_SI=0.00, X_TI=0.00, ΔT=0.417, NL: 0.159, NP(LIQUID)=0.984 NP(FCC_A1)=0.016 
Adding points to FCC_A1. Adding points to LIQUID. T=1615.706, X_AL=0.01, X_C=0.00, X_CR=0.30, X_FE=0.00, X_MN=0.00, X_MO=0.11, X_NB=0.00, X_S=0.00, X_SI=0.00, X_TI=0.00, ΔT=0.417, NL: 0.156, NP(LIQUID)=0.985 NP(FCC_A1)=0.015 
Adding points to FCC_A1. Adding points to LIQUID. T=1615.289, X_AL=0.01, X_C=0.00, X_CR=0.30, X_FE=0.00, X_MN=0.00, X_MO=0.11, X_NB=0.00, X_S=0.00, X_SI=0.00, X_TI=0.00, ΔT=0.417, NL: 0.154, NP(LIQUID)=0.985 NP(FCC_A1)=0.015 
Adding points to LIQUID. Adding points to FCC_A1. T=1614.872, X_AL=0.01, X_C=0.00, X_CR=0.30, X_FE=0.00, X_MN=0.00, X_MO=0.11, X_NB=0.00, X_S=0.00, X_SI=0.00, X_TI=0.00, ΔT=0.417, NL: 0.151, NP(LIQUID)=0.985 NP(FCC_A1)=0.015 
Adding points to LIQUID. Adding points to FCC_A1. T=1614.456, X_AL=0.01, X_C=0.00, X_CR=0.30, X_FE=0.00, X_MN=0.00, X_MO=0.11, X_NB=0.00, X_S=0.00, X_SI=0.00, X_TI=0.00, ΔT=0.417, NL: 0.149, NP(LIQUID)=0.985 NP(FCC_A1)=0.015 
Adding points to FCC_A1. Adding points to LIQUID. T=1614.039, X_AL=0.01, X_C=0.00, X_CR=0.30, X_FE=0.00, X_MN=0.00, X_MO=0.11, X_NB=0.00, X_S=0.00, X_SI=0.00, X_TI=0.00, ΔT=0.417, NL: 0.147, NP(LIQUID)=0.985 NP(FCC_A1)=0.015 
Adding points to LIQUID. Adding points to FCC_A1. T=1613.622, X_AL=0.01, X_C=0.00, X_CR=0.30, X_FE=0.00, X_MN=0.00, X_MO=0.11, X_NB=0.00, X_S=0.00, X_SI=0.00, X_TI=0.00, ΔT=0.417, NL: 0.145, NP(LIQUID)=0.985 NP(FCC_A1)=0.015 
Adding points to LIQUID. Adding points to FCC_A1. T=1613.206, X_AL=0.01, X_C=0.00, X_CR=0.30, X_FE=0.00, X_MN=0.00, X_MO=0.11, X_NB=0.00, X_S=0.00, X_SI=0.00, X_TI=0.00, ΔT=0.417, NL: 0.143, NP(LIQUID)=0.985 NP(FCC_A1)=0.015 
Adding points to TIS. Adding points to FCC_A1. Adding points to LIQUID. T=1612.789, X_AL=0.01, X_C=0.00, X_CR=0.30, X_FE=0.00, X_MN=0.00, X_MO=0.11, X_NB=0.00, X_S=0.00, X_SI=0.00, X_TI=0.00, ΔT=0.417, NL: 0.140, NP(LIQUID)=0.985 NP(FCC_A1)=0.015 NP(TIS)=0.000 
Adding points to FCC_A1. Adding points to LIQUID. Adding points to TIS. T=1612.372, X_AL=0.01, X_C=0.00, X_CR=0.30, X_FE=0.00, X_MN=0.00, X_MO=0.11, X_NB=0.00, X_S=0.00, X_SI=0.00, X_TI=0.00, ΔT=0.417, NL: 0.137, NP(LIQUID)=0.979 NP(FCC_A1)=0.021 NP(TIS)=0.000 
Adding points to FCC_A1. Adding points to LIQUID. Adding points to TIS. T=1611.956, X_AL=0.01, X_C=0.00, X_CR=0.30, X_FE=0.00, X_MN=0.00, X_MO=0.11, X_NB=0.00, X_S=0.00, X_SI=0.00, X_TI=0.00, ΔT=0.417, NL: 0.135, NP(LIQUID)=0.979 NP(FCC_A1)=0.021 NP(TIS)=0.000 
Adding points to FCC_A1. Adding points to LIQUID. Adding points to TIS. T=1611.539, X_AL=0.01, X_C=0.00, X_CR=0.30, X_FE=0.00, X_MN=0.00, X_MO=0.11, X_NB=0.00, X_S=0.00, X_SI=0.00, X_TI=0.00, ΔT=0.417, NL: 0.132, NP(LIQUID)=0.979 NP(FCC_A1)=0.021 NP(TIS)=0.000 
Adding points to LIQUID. Adding points to FCC_A1. Adding points to TIS. T=1611.122, X_AL=0.01, X_C=0.00, X_CR=0.30, X_FE=0.00, X_MN=0.00, X_MO=0.11, X_NB=0.00, X_S=0.00, X_SI=0.00, X_TI=0.00, ΔT=0.417, NL: 0.129, NP(LIQUID)=0.979 NP(FCC_A1)=0.021 NP(TIS)=0.000 
Adding points to LIQUID. Adding points to FCC_A1. Adding points to TIS. T=1610.706, X_AL=0.01, X_C=0.00, X_CR=0.30, X_FE=0.00, X_MN=0.00, X_MO=0.11, X_NB=0.00, X_S=0.00, X_SI=0.00, X_TI=0.00, ΔT=0.417, NL: 0.126, NP(LIQUID)=0.979 NP(FCC_A1)=0.020 NP(TIS)=0.000 
Adding points to LIQUID. Adding points to FCC_A1. Adding points to TIS. T=1610.289, X_AL=0.01, X_C=0.00, X_CR=0.30, X_FE=0.00, X_MN=0.00, X_MO=0.11, X_NB=0.00, X_S=0.00, X_SI=0.00, X_TI=0.00, ΔT=0.417, NL: 0.124, NP(LIQUID)=0.980 NP(FCC_A1)=0.020 NP(TIS)=0.000 
Adding points to LIQUID. Adding points to FCC_A1. Adding points to TIS. T=1609.872, X_AL=0.01, X_C=0.00, X_CR=0.30, X_FE=0.00, X_MN=0.00, X_MO=0.11, X_NB=0.00, X_S=0.00, X_SI=0.00, X_TI=0.00, ΔT=0.417, NL: 0.121, NP(LIQUID)=0.980 NP(FCC_A1)=0.020 NP(TIS)=0.000 
Adding points to FCC_A1. Adding points to LIQUID. Adding points to TIS. T=1609.456, X_AL=0.01, X_C=0.00, X_CR=0.30, X_FE=0.00, X_MN=0.00, X_MO=0.11, X_NB=0.00, X_S=0.00, X_SI=0.00, X_TI=0.00, ΔT=0.417, NL: 0.119, NP(LIQUID)=0.980 NP(FCC_A1)=0.020 NP(TIS)=0.000 
Adding points to LIQUID. Adding points to FCC_A1. Adding points to TIS. T=1609.039, X_AL=0.01, X_C=0.00, X_CR=0.30, X_FE=0.00, X_MN=0.00, X_MO=0.11, X_NB=0.00, X_S=0.00, X_SI=0.00, X_TI=0.00, ΔT=0.417, NL: 0.116, NP(LIQUID)=0.980 NP(FCC_A1)=0.020 NP(TIS)=0.000 
Adding points to LIQUID. Adding points to FCC_A1. Adding points to TIS. T=1608.622, X_AL=0.01, X_C=0.00, X_CR=0.31, X_FE=0.00, X_MN=0.00, X_MO=0.11, X_NB=0.00, X_S=0.00, X_SI=0.00, X_TI=0.00, ΔT=0.417, NL: 0.114, NP(LIQUID)=0.980 NP(FCC_A1)=0.020 NP(TIS)=0.000 
Adding points to LIQUID. Adding points to FCC_A1. Adding points to TIS. T=1608.206, X_AL=0.01, X_C=0.00, X_CR=0.31, X_FE=0.00, X_MN=0.00, X_MO=0.11, X_NB=0.00, X_S=0.00, X_SI=0.00, X_TI=0.00, ΔT=0.417, NL: 0.112, NP(LIQUID)=0.981 NP(FCC_A1)=0.019 NP(TIS)=0.000 
Adding points to FCC_A1. Adding points to LIQUID. Adding points to TIS. T=1607.789, X_AL=0.01, X_C=0.00, X_CR=0.31, X_FE=0.00, X_MN=0.00, X_MO=0.11, X_NB=0.00, X_S=0.00, X_SI=0.00, X_TI=0.00, ΔT=0.417, NL: 0.110, NP(LIQUID)=0.981 NP(FCC_A1)=0.019 NP(TIS)=0.000 
Adding points to FCC_A1. Adding points to LIQUID. Adding points to TIS. T=1607.372, X_AL=0.01, X_C=0.00, X_CR=0.31, X_FE=0.00, X_MN=0.00, X_MO=0.12, X_NB=0.00, X_S=0.00, X_SI=0.00, X_TI=0.00, ΔT=0.417, NL: 0.108, NP(LIQUID)=0.981 NP(FCC_A1)=0.019 NP(TIS)=0.000 
Adding points to FCC_A1. Adding points to LIQUID. Adding points to TIS. T=1606.956, X_AL=0.01, X_C=0.00, X_CR=0.31, X_FE=0.00, X_MN=0.00, X_MO=0.12, X_NB=0.00, X_S=0.00, X_SI=0.00, X_TI=0.00, ΔT=0.417, NL: 0.106, NP(LIQUID)=0.981 NP(FCC_A1)=0.019 NP(TIS)=0.000 
Adding points to FCC_A1. Adding points to LIQUID. Adding points to TIS. T=1606.539, X_AL=0.01, X_C=0.00, X_CR=0.31, X_FE=0.00, X_MN=0.00, X_MO=0.12, X_NB=0.00, X_S=0.00, X_SI=0.00, X_TI=0.00, ΔT=0.417, NL: 0.104, NP(LIQUID)=0.981 NP(FCC_A1)=0.019 NP(TIS)=0.000 
Adding points to FCC_A1. Adding points to LIQUID. Adding points to TIS. T=1606.122, X_AL=0.01, X_C=0.00, X_CR=0.31, X_FE=0.00, X_MN=0.00, X_MO=0.12, X_NB=0.00, X_S=0.00, X_SI=0.00, X_TI=0.00, ΔT=0.417, NL: 0.102, NP(LIQUID)=0.981 NP(FCC_A1)=0.019 NP(TIS)=0.000 
Adding points to FCC_A1. Adding points to LIQUID. Adding points to TIS. T=1605.706, X_AL=0.01, X_C=0.00, X_CR=0.31, X_FE=0.00, X_MN=0.00, X_MO=0.12, X_NB=0.00, X_S=0.00, X_SI=0.00, X_TI=0.00, ΔT=0.417, NL: 0.100, NP(LIQUID)=0.982 NP(FCC_A1)=0.018 NP(TIS)=0.000 
Adding points to FCC_A1. Adding points to LIQUID. Adding points to TIS. T=1605.289, X_AL=0.01, X_C=0.00, X_CR=0.31, X_FE=0.00, X_MN=0.00, X_MO=0.12, X_NB=0.00, X_S=0.00, X_SI=0.00, X_TI=0.00, ΔT=0.417, NL: 0.098, NP(LIQUID)=0.982 NP(FCC_A1)=0.018 NP(TIS)=0.000 
Adding points to FCC_A1. Adding points to LIQUID. Adding points to TIS. T=1604.872, X_AL=0.01, X_C=0.00, X_CR=0.31, X_FE=0.00, X_MN=0.00, X_MO=0.12, X_NB=0.00, X_S=0.00, X_SI=0.00, X_TI=0.00, ΔT=0.417, NL: 0.096, NP(LIQUID)=0.982 NP(FCC_A1)=0.018 NP(TIS)=0.000 
Adding points to FCC_A1. Adding points to LIQUID. Adding points to TIS. T=1604.456, X_AL=0.01, X_C=0.00, X_CR=0.31, X_FE=0.00, X_MN=0.00, X_MO=0.12, X_NB=0.00, X_S=0.00, X_SI=0.00, X_TI=0.00, ΔT=0.417, NL: 0.095, NP(LIQUID)=0.982 NP(FCC_A1)=0.018 NP(TIS)=0.000 
Adding points to FCC_A1. Adding points to LIQUID. Adding points to TIS. T=1604.039, X_AL=0.01, X_C=0.00, X_CR=0.31, X_FE=0.00, X_MN=0.01, X_MO=0.12, X_NB=0.00, X_S=0.00, X_SI=0.00, X_TI=0.00, ΔT=0.417, NL: 0.093, NP(LIQUID)=0.982 NP(FCC_A1)=0.018 NP(TIS)=0.000 
Adding points to FCC_A1. Adding points to LIQUID. Adding points to TIS. T=1603.622, X_AL=0.01, X_C=0.00, X_CR=0.31, X_FE=0.00, X_MN=0.01, X_MO=0.12, X_NB=0.00, X_S=0.00, X_SI=0.00, X_TI=0.00, ΔT=0.417, NL: 0.091, NP(LIQUID)=0.982 NP(FCC_A1)=0.018 NP(TIS)=0.000 
Adding points to FCC_A1. Adding points to LIQUID. Adding points to TIS. T=1603.206, X_AL=0.01, X_C=0.00, X_CR=0.31, X_FE=0.00, X_MN=0.01, X_MO=0.12, X_NB=0.00, X_S=0.00, X_SI=0.00, X_TI=0.00, ΔT=0.417, NL: 0.090, NP(LIQUID)=0.982 NP(FCC_A1)=0.017 NP(TIS)=0.000 
Adding points to LIQUID. Adding points to FCC_A1. Adding points to TIS. T=1602.789, X_AL=0.01, X_C=0.00, X_CR=0.31, X_FE=0.00, X_MN=0.01, X_MO=0.12, X_NB=0.00, X_S=0.00, X_SI=0.00, X_TI=0.00, ΔT=0.417, NL: 0.088, NP(LIQUID)=0.983 NP(FCC_A1)=0.017 NP(TIS)=0.000 
Adding points to LIQUID. Adding points to FCC_A1. Adding points to TIS. T=1602.372, X_AL=0.01, X_C=0.00, X_CR=0.31, X_FE=0.00, X_MN=0.01, X_MO=0.12, X_NB=0.00, X_S=0.00, X_SI=0.00, X_TI=0.00, ΔT=0.417, NL: 0.086, NP(LIQUID)=0.983 NP(FCC_A1)=0.017 NP(TIS)=0.000 
Adding points to LIQUID. Adding points to FCC_A1. Adding points to TIS. T=1601.956, X_AL=0.01, X_C=0.00, X_CR=0.31, X_FE=0.00, X_MN=0.01, X_MO=0.12, X_NB=0.00, X_S=0.00, X_SI=0.00, X_TI=0.00, ΔT=0.417, NL: 0.085, NP(LIQUID)=0.983 NP(FCC_A1)=0.017 NP(TIS)=0.000 
Adding points to FCC_A1. Adding points to LIQUID. Adding points to TIS. T=1601.539, X_AL=0.01, X_C=0.00, X_CR=0.31, X_FE=0.00, X_MN=0.01, X_MO=0.12, X_NB=0.00, X_S=0.00, X_SI=0.00, X_TI=0.00, ΔT=0.417, NL: 0.084, NP(LIQUID)=0.983 NP(FCC_A1)=0.017 NP(TIS)=0.000 
Adding points to LIQUID. Adding points to FCC_A1. Adding points to TIS. T=1601.122, X_AL=0.01, X_C=0.00, X_CR=0.31, X_FE=0.00, X_MN=0.01, X_MO=0.12, X_NB=0.00, X_S=0.00, X_SI=0.00, X_TI=0.00, ΔT=0.417, NL: 0.082, NP(LIQUID)=0.983 NP(FCC_A1)=0.017 NP(TIS)=0.000 
Adding points to LIQUID. Adding points to FCC_A1. Adding points to TIS. T=1600.706, X_AL=0.01, X_C=0.00, X_CR=0.31, X_FE=0.00, X_MN=0.01, X_MO=0.12, X_NB=0.00, X_S=0.00, X_SI=0.01, X_TI=0.00, ΔT=0.417, NL: 0.081, NP(LIQUID)=0.983 NP(FCC_A1)=0.017 NP(TIS)=0.000 
Adding points to LIQUID. Adding points to FCC_A1. Adding points to TIS. T=1600.289, X_AL=0.01, X_C=0.00, X_CR=0.31, X_FE=0.00, X_MN=0.01, X_MO=0.12, X_NB=0.00, X_S=0.00, X_SI=0.01, X_TI=0.00, ΔT=0.417, NL: 0.079, NP(LIQUID)=0.983 NP(FCC_A1)=0.016 NP(TIS)=0.000 
Adding points to FCC_A1. Adding points to LIQUID. Adding points to TIS. T=1599.872, X_AL=0.01, X_C=0.00, X_CR=0.31, X_FE=0.00, X_MN=0.01, X_MO=0.12, X_NB=0.00, X_S=0.00, X_SI=0.01, X_TI=0.00, ΔT=0.417, NL: 0.078, NP(LIQUID)=0.984 NP(FCC_A1)=0.016 NP(TIS)=0.000 
Adding points to FCC_A1. Adding points to LIQUID. Adding points to TIS. T=1599.456, X_AL=0.01, X_C=0.00, X_CR=0.31, X_FE=0.00, X_MN=0.01, X_MO=0.12, X_NB=0.00, X_S=0.00, X_SI=0.01, X_TI=0.00, ΔT=0.417, NL: 0.077, NP(LIQUID)=0.984 NP(FCC_A1)=0.016 NP(TIS)=0.000 
Adding points to FCC_A1. Adding points to LIQUID. Adding points to TIS. T=1599.039, X_AL=0.01, X_C=0.00, X_CR=0.31, X_FE=0.00, X_MN=0.01, X_MO=0.12, X_NB=0.00, X_S=0.00, X_SI=0.01, X_TI=0.00, ΔT=0.417, NL: 0.076, NP(LIQUID)=0.984 NP(FCC_A1)=0.016 NP(TIS)=0.000 
Adding points to FCC_A1. Adding points to LIQUID. Adding points to TIS. T=1598.622, X_AL=0.01, X_C=0.00, X_CR=0.31, X_FE=0.00, X_MN=0.01, X_MO=0.12, X_NB=0.00, X_S=0.00, X_SI=0.01, X_TI=0.00, ΔT=0.417, NL: 0.074, NP(LIQUID)=0.984 NP(FCC_A1)=0.016 NP(TIS)=0.000 
Adding points to FCC_A1. Adding points to LIQUID. Adding points to TIS. T=1598.206, X_AL=0.01, X_C=0.00, X_CR=0.31, X_FE=0.00, X_MN=0.01, X_MO=0.12, X_NB=0.00, X_S=0.00, X_SI=0.01, X_TI=0.00, ΔT=0.417, NL: 0.073, NP(LIQUID)=0.984 NP(FCC_A1)=0.016 NP(TIS)=0.000 
Adding points to LIQUID. Adding points to FCC_A1. Adding points to TIS. T=1597.789, X_AL=0.01, X_C=0.00, X_CR=0.31, X_FE=0.00, X_MN=0.01, X_MO=0.12, X_NB=0.00, X_S=0.00, X_SI=0.01, X_TI=0.00, ΔT=0.417, NL: 0.072, NP(LIQUID)=0.984 NP(FCC_A1)=0.016 NP(TIS)=0.000 
Adding points to FCC_A1. Adding points to LIQUID. Adding points to TIS. T=1597.372, X_AL=0.01, X_C=0.00, X_CR=0.31, X_FE=0.00, X_MN=0.01, X_MO=0.12, X_NB=0.00, X_S=0.00, X_SI=0.01, X_TI=0.00, ΔT=0.417, NL: 0.071, NP(LIQUID)=0.984 NP(FCC_A1)=0.016 NP(TIS)=0.000 
Adding points to LIQUID. Adding points to FCC_A1. Adding points to TIS. T=1596.956, X_AL=0.01, X_C=0.00, X_CR=0.31, X_FE=0.00, X_MN=0.01, X_MO=0.12, X_NB=0.00, X_S=0.00, X_SI=0.01, X_TI=0.00, ΔT=0.417, NL: 0.070, NP(LIQUID)=0.984 NP(FCC_A1)=0.015 NP(TIS)=0.000 
Adding points to FCC_A1. Adding points to LIQUID. Adding points to TIS. T=1596.539, X_AL=0.01, X_C=0.00, X_CR=0.31, X_FE=0.00, X_MN=0.01, X_MO=0.12, X_NB=0.00, X_S=0.00, X_SI=0.01, X_TI=0.00, ΔT=0.417, NL: 0.069, NP(LIQUID)=0.985 NP(FCC_A1)=0.015 NP(TIS)=0.000 
Adding points to LIQUID. Adding points to FCC_A1. Adding points to TIS. T=1596.122, X_AL=0.01, X_C=0.00, X_CR=0.31, X_FE=0.00, X_MN=0.01, X_MO=0.12, X_NB=0.00, X_S=0.00, X_SI=0.01, X_TI=0.00, ΔT=0.417, NL: 0.068, NP(LIQUID)=0.985 NP(FCC_A1)=0.015 NP(TIS)=0.000 
Adding points to LIQUID. Adding points to FCC_A1. Adding points to TIS. T=1595.706, X_AL=0.01, X_C=0.00, X_CR=0.32, X_FE=0.00, X_MN=0.01, X_MO=0.12, X_NB=0.00, X_S=0.00, X_SI=0.01, X_TI=0.00, ΔT=0.417, NL: 0.067, NP(LIQUID)=0.985 NP(FCC_A1)=0.015 NP(TIS)=0.000 
Adding points to LIQUID. Adding points to FCC_A1. Adding points to TIS. T=1595.289, X_AL=0.01, X_C=0.00, X_CR=0.32, X_FE=0.00, X_MN=0.01, X_MO=0.12, X_NB=0.00, X_S=0.00, X_SI=0.01, X_TI=0.00, ΔT=0.417, NL: 0.066, NP(LIQUID)=0.985 NP(FCC_A1)=0.015 NP(TIS)=0.000 
Adding points to FCC_A1. Adding points to LIQUID. Adding points to TIS. T=1594.872, X_AL=0.01, X_C=0.00, X_CR=0.32, X_FE=0.00, X_MN=0.01, X_MO=0.13, X_NB=0.00, X_S=0.00, X_SI=0.01, X_TI=0.00, ΔT=0.417, NL: 0.065, NP(LIQUID)=0.985 NP(FCC_A1)=0.015 NP(TIS)=0.000 
Adding points to LIQUID. Adding points to FCC_A1. Adding points to TIS. T=1594.456, X_AL=0.01, X_C=0.00, X_CR=0.32, X_FE=0.00, X_MN=0.01, X_MO=0.13, X_NB=0.00, X_S=0.00, X_SI=0.01, X_TI=0.00, ΔT=0.417, NL: 0.064, NP(LIQUID)=0.985 NP(FCC_A1)=0.015 NP(TIS)=0.000 
Adding points to LIQUID. Adding points to FCC_A1. Adding points to TIS. T=1594.039, X_AL=0.01, X_C=0.00, X_CR=0.32, X_FE=0.00, X_MN=0.01, X_MO=0.13, X_NB=0.00, X_S=0.00, X_SI=0.01, X_TI=0.00, ΔT=0.417, NL: 0.063, NP(LIQUID)=0.985 NP(FCC_A1)=0.015 NP(TIS)=0.000 
Adding points to FCC_A1. Adding points to LIQUID. Adding points to TIS. T=1593.622, X_AL=0.01, X_C=0.00, X_CR=0.32, X_FE=0.00, X_MN=0.01, X_MO=0.13, X_NB=0.00, X_S=0.00, X_SI=0.01, X_TI=0.00, ΔT=0.417, NL: 0.062, NP(LIQUID)=0.985 NP(FCC_A1)=0.015 NP(TIS)=0.000 
Adding points to FCC_A1. Adding points to LIQUID. Adding points to TIS. T=1593.206, X_AL=0.01, X_C=0.00, X_CR=0.32, X_FE=0.00, X_MN=0.01, X_MO=0.13, X_NB=0.00, X_S=0.00, X_SI=0.01, X_TI=0.00, ΔT=0.417, NL: 0.061, NP(LIQUID)=0.986 NP(FCC_A1)=0.014 NP(TIS)=0.000 
Adding points to FCC_A1. Adding points to LIQUID. Adding points to TIS. T=1592.789, X_AL=0.01, X_C=0.00, X_CR=0.32, X_FE=0.00, X_MN=0.01, X_MO=0.13, X_NB=0.00, X_S=0.00, X_SI=0.01, X_TI=0.00, ΔT=0.417, NL: 0.060, NP(LIQUID)=0.986 NP(FCC_A1)=0.014 NP(TIS)=0.000 
Adding points to FCC_A1. Adding points to LIQUID. Adding points to TIS. T=1592.372, X_AL=0.01, X_C=0.00, X_CR=0.32, X_FE=0.00, X_MN=0.01, X_MO=0.13, X_NB=0.00, X_S=0.00, X_SI=0.01, X_TI=0.00, ΔT=0.417, NL: 0.059, NP(LIQUID)=0.986 NP(FCC_A1)=0.014 NP(TIS)=0.000 
Adding points to LIQUID. Adding points to FCC_A1. Adding points to TIS. T=1591.956, X_AL=0.01, X_C=0.00, X_CR=0.32, X_FE=0.00, X_MN=0.01, X_MO=0.13, X_NB=0.00, X_S=0.00, X_SI=0.01, X_TI=0.00, ΔT=0.417, NL: 0.058, NP(LIQUID)=0.986 NP(FCC_A1)=0.014 NP(TIS)=0.000 
Adding points to FCC_A1. Adding points to LIQUID. Adding points to TIS. T=1591.539, X_AL=0.01, X_C=0.00, X_CR=0.32, X_FE=0.00, X_MN=0.01, X_MO=0.13, X_NB=0.00, X_S=0.00, X_SI=0.01, X_TI=0.00, ΔT=0.417, NL: 0.058, NP(LIQUID)=0.986 NP(FCC_A1)=0.014 NP(TIS)=0.000 
Adding points to LIQUID. Adding points to FCC_A1. Adding points to TIS. T=1591.122, X_AL=0.01, X_C=0.00, X_CR=0.32, X_FE=0.00, X_MN=0.01, X_MO=0.13, X_NB=0.00, X_S=0.00, X_SI=0.01, X_TI=0.00, ΔT=0.417, NL: 0.057, NP(LIQUID)=0.986 NP(FCC_A1)=0.014 NP(TIS)=0.000 
Adding points to LIQUID. Adding points to FCC_A1. Adding points to TIS. T=1590.706, X_AL=0.01, X_C=0.00, X_CR=0.32, X_FE=0.00, X_MN=0.01, X_MO=0.13, X_NB=0.00, X_S=0.00, X_SI=0.01, X_TI=0.00, ΔT=0.417, NL: 0.056, NP(LIQUID)=0.986 NP(FCC_A1)=0.014 NP(TIS)=0.000 
Adding points to LIQUID. Adding points to FCC_A1. Adding points to TIS. T=1590.289, X_AL=0.01, X_C=0.00, X_CR=0.32, X_FE=0.00, X_MN=0.01, X_MO=0.13, X_NB=0.00, X_S=0.00, X_SI=0.01, X_TI=0.00, ΔT=0.417, NL: 0.055, NP(LIQUID)=0.986 NP(FCC_A1)=0.014 NP(TIS)=0.000 
Adding points to LIQUID. Adding points to FCC_A1. Adding points to TIS. T=1589.872, X_AL=0.01, X_C=0.00, X_CR=0.32, X_FE=0.00, X_MN=0.01, X_MO=0.13, X_NB=0.00, X_S=0.00, X_SI=0.01, X_TI=0.00, ΔT=0.417, NL: 0.054, NP(LIQUID)=0.986 NP(FCC_A1)=0.014 NP(TIS)=0.000 
Adding points to FCC_A1. Adding points to LIQUID. Adding points to TIS. T=1589.456, X_AL=0.01, X_C=0.00, X_CR=0.32, X_FE=0.00, X_MN=0.01, X_MO=0.13, X_NB=0.00, X_S=0.00, X_SI=0.01, X_TI=0.00, ΔT=0.417, NL: 0.054, NP(LIQUID)=0.986 NP(FCC_A1)=0.013 NP(TIS)=0.000 
Adding points to LIQUID. Adding points to FCC_A1. Adding points to TIS. T=1589.039, X_AL=0.01, X_C=0.00, X_CR=0.32, X_FE=0.00, X_MN=0.01, X_MO=0.13, X_NB=0.00, X_S=0.00, X_SI=0.01, X_TI=0.00, ΔT=0.417, NL: 0.053, NP(LIQUID)=0.987 NP(FCC_A1)=0.013 NP(TIS)=0.000 
Adding points to LIQUID. Adding points to FCC_A1. Adding points to TIS. T=1588.622, X_AL=0.01, X_C=0.00, X_CR=0.32, X_FE=0.00, X_MN=0.01, X_MO=0.13, X_NB=0.00, X_S=0.00, X_SI=0.01, X_TI=0.00, ΔT=0.417, NL: 0.052, NP(LIQUID)=0.987 NP(FCC_A1)=0.013 NP(TIS)=0.000 
Adding points to FCC_A1. Adding points to LIQUID. Adding points to TIS. T=1588.206, X_AL=0.01, X_C=0.00, X_CR=0.32, X_FE=0.00, X_MN=0.01, X_MO=0.13, X_NB=0.00, X_S=0.00, X_SI=0.01, X_TI=0.00, ΔT=0.417, NL: 0.052, NP(LIQUID)=0.987 NP(FCC_A1)=0.013 NP(TIS)=0.000 
Adding points to FCC_A1. Adding points to LIQUID. Adding points to TIS. T=1587.789, X_AL=0.01, X_C=0.00, X_CR=0.32, X_FE=0.00, X_MN=0.01, X_MO=0.13, X_NB=0.00, X_S=0.00, X_SI=0.01, X_TI=0.00, ΔT=0.417, NL: 0.051, NP(LIQUID)=0.987 NP(FCC_A1)=0.013 NP(TIS)=0.000 
Adding points to FCC_A1. Adding points to LIQUID. Adding points to TIS. T=1587.372, X_AL=0.01, X_C=0.00, X_CR=0.32, X_FE=0.00, X_MN=0.01, X_MO=0.13, X_NB=0.00, X_S=0.00, X_SI=0.01, X_TI=0.00, ΔT=0.417, NL: 0.050, NP(LIQUID)=0.987 NP(FCC_A1)=0.013 NP(TIS)=0.000 
Adding points to LIQUID. Adding points to FCC_A1. Adding points to TIS. T=1586.956, X_AL=0.01, X_C=0.00, X_CR=0.32, X_FE=0.00, X_MN=0.01, X_MO=0.13, X_NB=0.00, X_S=0.00, X_SI=0.01, X_TI=0.00, ΔT=0.417, NL: 0.050, NP(LIQUID)=0.987 NP(FCC_A1)=0.013 NP(TIS)=0.000 
Adding points to FCC_A1. Adding points to LIQUID. Adding points to TIS. T=1586.539, X_AL=0.01, X_C=0.00, X_CR=0.32, X_FE=0.00, X_MN=0.01, X_MO=0.13, X_NB=0.00, X_S=0.00, X_SI=0.01, X_TI=0.00, ΔT=0.417, NL: 0.049, NP(LIQUID)=0.987 NP(FCC_A1)=0.013 NP(TIS)=0.000 
Adding points to FCC_A1. Adding points to LIQUID. Adding points to TIS. T=1586.122, X_AL=0.01, X_C=0.00, X_CR=0.32, X_FE=0.00, X_MN=0.01, X_MO=0.13, X_NB=0.00, X_S=0.00, X_SI=0.01, X_TI=0.00, ΔT=0.417, NL: 0.048, NP(LIQUID)=0.987 NP(FCC_A1)=0.013 NP(TIS)=0.000 
Adding points to FCC_A1. Adding points to LIQUID. Adding points to MNS_Q. Adding points to TIS. New phases seen: {'MNS_Q'}. T=1585.706, X_AL=0.01, X_C=0.00, X_CR=0.32, X_FE=0.00, X_MN=0.01, X_MO=0.13, X_NB=0.00, X_S=0.00, X_SI=0.01, X_TI=0.00, ΔT=0.417, NL: 0.048, NP(LIQUID)=0.987 NP(FCC_A1)=0.013 NP(MNS_Q)=0.000 NP(TIS)=0.000 
Adding points to LIQUID. Adding points to FCC_A1. Adding points to MNS_Q. Adding points to TIS. T=1585.289, X_AL=0.01, X_C=0.00, X_CR=0.32, X_FE=0.00, X_MN=0.01, X_MO=0.13, X_NB=0.00, X_S=0.00, X_SI=0.01, X_TI=0.00, ΔT=0.417, NL: 0.047, NP(LIQUID)=0.985 NP(FCC_A1)=0.015 NP(MNS_Q)=0.000 NP(TIS)=0.000 
Adding points to LIQUID. Adding points to FCC_A1. Adding points to MNS_Q. Adding points to TIS. T=1584.872, X_AL=0.01, X_C=0.00, X_CR=0.32, X_FE=0.00, X_MN=0.01, X_MO=0.13, X_NB=0.00, X_S=0.00, X_SI=0.01, X_TI=0.00, ΔT=0.417, NL: 0.046, NP(LIQUID)=0.985 NP(FCC_A1)=0.015 NP(MNS_Q)=0.000 NP(TIS)=0.000 
Adding points to LIQUID. Adding points to FCC_A1. Adding points to MNS_Q. Adding points to TIS. T=1584.456, X_AL=0.01, X_C=0.00, X_CR=0.32, X_FE=0.00, X_MN=0.01, X_MO=0.13, X_NB=0.00, X_S=0.00, X_SI=0.01, X_TI=0.00, ΔT=0.417, NL: 0.046, NP(LIQUID)=0.985 NP(FCC_A1)=0.014 NP(MNS_Q)=0.000 NP(TIS)=0.000 
Adding points to FCC_A1. Adding points to LIQUID. Adding points to MNS_Q. Adding points to TIS. T=1584.039, X_AL=0.01, X_C=0.00, X_CR=0.32, X_FE=0.00, X_MN=0.01, X_MO=0.13, X_NB=0.00, X_S=0.00, X_SI=0.01, X_TI=0.00, ΔT=0.417, NL: 0.045, NP(LIQUID)=0.986 NP(FCC_A1)=0.014 NP(MNS_Q)=0.000 NP(TIS)=0.000 
Adding points to FCC_A1. Adding points to LIQUID. Adding points to MNS_Q. Adding points to TIS. T=1583.622, X_AL=0.01, X_C=0.00, X_CR=0.32, X_FE=0.00, X_MN=0.01, X_MO=0.13, X_NB=0.00, X_S=0.00, X_SI=0.01, X_TI=0.00, ΔT=0.417, NL: 0.044, NP(LIQUID)=0.986 NP(FCC_A1)=0.014 NP(MNS_Q)=0.000 NP(TIS)=0.000 
Adding points to FCC_A1. Adding points to LIQUID. Adding points to MNS_Q. Adding points to TIS. T=1583.206, X_AL=0.01, X_C=0.00, X_CR=0.32, X_FE=0.00, X_MN=0.01, X_MO=0.13, X_NB=0.00, X_S=0.00, X_SI=0.01, X_TI=0.00, ΔT=0.417, NL: 0.044, NP(LIQUID)=0.986 NP(FCC_A1)=0.014 NP(MNS_Q)=0.000 NP(TIS)=0.000 
Adding points to FCC_A1. Adding points to LIQUID. Adding points to MNS_Q. Adding points to TIS. T=1582.789, X_AL=0.01, X_C=0.00, X_CR=0.32, X_FE=0.00, X_MN=0.01, X_MO=0.13, X_NB=0.00, X_S=0.00, X_SI=0.01, X_TI=0.00, ΔT=0.417, NL: 0.043, NP(LIQUID)=0.986 NP(FCC_A1)=0.014 NP(MNS_Q)=0.000 NP(TIS)=0.000 
Adding points to FCC_A1. Adding points to LIQUID. Adding points to MNS_Q. Adding points to TIS. T=1582.372, X_AL=0.01, X_C=0.00, X_CR=0.32, X_FE=0.00, X_MN=0.01, X_MO=0.13, X_NB=0.00, X_S=0.00, X_SI=0.01, X_TI=0.00, ΔT=0.417, NL: 0.042, NP(LIQUID)=0.986 NP(FCC_A1)=0.014 NP(MNS_Q)=0.000 NP(TIS)=0.000 
Adding points to FCC_A1. Adding points to LIQUID. Adding points to MNS_Q. Adding points to TIS. T=1581.956, X_AL=0.01, X_C=0.00, X_CR=0.32, X_FE=0.00, X_MN=0.01, X_MO=0.13, X_NB=0.00, X_S=0.00, X_SI=0.01, X_TI=0.00, ΔT=0.417, NL: 0.042, NP(LIQUID)=0.986 NP(FCC_A1)=0.014 NP(MNS_Q)=0.000 NP(TIS)=0.000 
Adding points to LIQUID. Adding points to FCC_A1. Adding points to MNS_Q. Adding points to TIS. T=1581.539, X_AL=0.01, X_C=0.00, X_CR=0.32, X_FE=0.00, X_MN=0.01, X_MO=0.13, X_NB=0.00, X_S=0.00, X_SI=0.01, X_TI=0.00, ΔT=0.417, NL: 0.041, NP(LIQUID)=0.986 NP(FCC_A1)=0.014 NP(MNS_Q)=0.000 NP(TIS)=0.000 
Adding points to FCC_A1. Adding points to LIQUID. Adding points to MNS_Q. Adding points to TIS. T=1581.122, X_AL=0.01, X_C=0.00, X_CR=0.33, X_FE=0.00, X_MN=0.01, X_MO=0.13, X_NB=0.00, X_S=0.00, X_SI=0.01, X_TI=0.00, ΔT=0.417, NL: 0.041, NP(LIQUID)=0.986 NP(FCC_A1)=0.014 NP(MNS_Q)=0.000 NP(TIS)=0.000 
Adding points to FCC_A1. Adding points to LIQUID. Adding points to MNS_Q. Adding points to TIS. T=1580.706, X_AL=0.01, X_C=0.00, X_CR=0.33, X_FE=0.00, X_MN=0.01, X_MO=0.14, X_NB=0.00, X_S=0.00, X_SI=0.01, X_TI=0.00, ΔT=0.417, NL: 0.040, NP(LIQUID)=0.986 NP(FCC_A1)=0.013 NP(MNS_Q)=0.000 NP(TIS)=0.000 
Adding points to LIQUID. Adding points to FCC_A1. Adding points to MNS_Q. Adding points to TIS. T=1580.289, X_AL=0.01, X_C=0.01, X_CR=0.33, X_FE=0.00, X_MN=0.01, X_MO=0.14, X_NB=0.00, X_S=0.00, X_SI=0.01, X_TI=0.00, ΔT=0.417, NL: 0.040, NP(LIQUID)=0.987 NP(FCC_A1)=0.013 NP(MNS_Q)=0.000 NP(TIS)=0.000 
Adding points to LIQUID. Adding points to FCC_A1. Adding points to MNS_Q. Adding points to TIS. T=1579.872, X_AL=0.01, X_C=0.01, X_CR=0.33, X_FE=0.00, X_MN=0.01, X_MO=0.14, X_NB=0.00, X_S=0.00, X_SI=0.01, X_TI=0.00, ΔT=0.417, NL: 0.039, NP(LIQUID)=0.987 NP(FCC_A1)=0.013 NP(MNS_Q)=0.000 NP(TIS)=0.000 
Adding points to LIQUID. Adding points to FCC_A1. Adding points to MNS_Q. Adding points to TIS. T=1579.456, X_AL=0.01, X_C=0.01, X_CR=0.33, X_FE=0.00, X_MN=0.01, X_MO=0.14, X_NB=0.00, X_S=0.00, X_SI=0.01, X_TI=0.00, ΔT=0.417, NL: 0.039, NP(LIQUID)=0.987 NP(FCC_A1)=0.013 NP(MNS_Q)=0.000 NP(TIS)=0.000 
Adding points to LIQUID. Adding points to FCC_A1. Adding points to MNS_Q. Adding points to TIS. T=1579.039, X_AL=0.01, X_C=0.01, X_CR=0.33, X_FE=0.00, X_MN=0.01, X_MO=0.14, X_NB=0.00, X_S=0.00, X_SI=0.01, X_TI=0.00, ΔT=0.417, NL: 0.038, NP(LIQUID)=0.987 NP(FCC_A1)=0.013 NP(MNS_Q)=0.000 NP(TIS)=0.000 
Adding points to LIQUID. Adding points to FCC_A1. Adding points to MNS_Q. Adding points to TIS. T=1578.622, X_AL=0.01, X_C=0.01, X_CR=0.33, X_FE=0.00, X_MN=0.01, X_MO=0.14, X_NB=0.00, X_S=0.00, X_SI=0.01, X_TI=0.00, ΔT=0.417, NL: 0.038, NP(LIQUID)=0.987 NP(FCC_A1)=0.013 NP(MNS_Q)=0.000 NP(TIS)=0.000 
Adding points to LIQUID. Adding points to FCC_A1. Adding points to MNS_Q. Adding points to TIS. T=1578.206, X_AL=0.01, X_C=0.01, X_CR=0.33, X_FE=0.00, X_MN=0.01, X_MO=0.14, X_NB=0.00, X_S=0.00, X_SI=0.01, X_TI=0.00, ΔT=0.417, NL: 0.037, NP(LIQUID)=0.987 NP(FCC_A1)=0.013 NP(MNS_Q)=0.000 NP(TIS)=0.000 
Adding points to LIQUID. Adding points to FCC_A1. Adding points to MNS_Q. Adding points to TIS. T=1577.789, X_AL=0.01, X_C=0.01, X_CR=0.33, X_FE=0.00, X_MN=0.01, X_MO=0.14, X_NB=0.00, X_S=0.00, X_SI=0.01, X_TI=0.00, ΔT=0.417, NL: 0.037, NP(LIQUID)=0.987 NP(FCC_A1)=0.013 NP(MNS_Q)=0.000 NP(TIS)=0.000 
Adding points to LIQUID. Adding points to FCC_A1. Adding points to MNS_Q. Adding points to TIS. T=1577.372, X_AL=0.01, X_C=0.01, X_CR=0.33, X_FE=0.00, X_MN=0.01, X_MO=0.14, X_NB=0.00, X_S=0.00, X_SI=0.01, X_TI=0.00, ΔT=0.417, NL: 0.036, NP(LIQUID)=0.987 NP(FCC_A1)=0.013 NP(MNS_Q)=0.000 NP(TIS)=0.000 
Adding points to LIQUID. Adding points to FCC_A1. Adding points to MNS_Q. Adding points to TIS. T=1576.956, X_AL=0.01, X_C=0.01, X_CR=0.33, X_FE=0.00, X_MN=0.01, X_MO=0.14, X_NB=0.00, X_S=0.00, X_SI=0.01, X_TI=0.00, ΔT=0.417, NL: 0.036, NP(LIQUID)=0.987 NP(FCC_A1)=0.013 NP(MNS_Q)=0.000 NP(TIS)=0.000 
Adding points to FCC_A1. Adding points to LIQUID. Adding points to MNS_Q. Adding points to TIS. T=1576.539, X_AL=0.00, X_C=0.01, X_CR=0.33, X_FE=0.00, X_MN=0.01, X_MO=0.14, X_NB=0.00, X_S=0.00, X_SI=0.01, X_TI=0.00, ΔT=0.417, NL: 0.035, NP(LIQUID)=0.987 NP(FCC_A1)=0.013 NP(MNS_Q)=0.000 NP(TIS)=0.000 
Adding points to FCC_A1. Adding points to LIQUID. Adding points to MNS_Q. Adding points to TIS. T=1576.122, X_AL=0.00, X_C=0.01, X_CR=0.33, X_FE=0.00, X_MN=0.01, X_MO=0.14, X_NB=0.00, X_S=0.00, X_SI=0.01, X_TI=0.00, ΔT=0.417, NL: 0.035, NP(LIQUID)=0.987 NP(FCC_A1)=0.012 NP(MNS_Q)=0.000 NP(TIS)=0.000 
Adding points to FCC_A1. Adding points to LIQUID. Adding points to MNS_Q. Adding points to TIS. T=1575.706, X_AL=0.00, X_C=0.01, X_CR=0.33, X_FE=0.00, X_MN=0.01, X_MO=0.14, X_NB=0.00, X_S=0.00, X_SI=0.01, X_TI=0.00, ΔT=0.417, NL: 0.034, NP(LIQUID)=0.988 NP(FCC_A1)=0.012 NP(MNS_Q)=0.000 NP(TIS)=0.000 
Adding points to FCC_A1. Adding points to LIQUID. Adding points to MNS_Q. Adding points to TIS. T=1575.289, X_AL=0.00, X_C=0.01, X_CR=0.33, X_FE=0.00, X_MN=0.01, X_MO=0.14, X_NB=0.00, X_S=0.00, X_SI=0.01, X_TI=0.00, ΔT=0.417, NL: 0.034, NP(LIQUID)=0.988 NP(FCC_A1)=0.012 NP(MNS_Q)=0.000 NP(TIS)=0.000 
Adding points to LIQUID. Adding points to FCC_A1. Adding points to MNS_Q. Adding points to TIS. T=1574.872, X_AL=0.00, X_C=0.01, X_CR=0.33, X_FE=0.00, X_MN=0.01, X_MO=0.14, X_NB=0.00, X_S=0.00, X_SI=0.01, X_TI=0.00, ΔT=0.417, NL: 0.034, NP(LIQUID)=0.988 NP(FCC_A1)=0.012 NP(MNS_Q)=0.000 NP(TIS)=0.000 
Adding points to LIQUID. Adding points to FCC_A1. Adding points to MNS_Q. Adding points to TIS. T=1574.456, X_AL=0.00, X_C=0.01, X_CR=0.33, X_FE=0.00, X_MN=0.01, X_MO=0.14, X_NB=0.00, X_S=0.00, X_SI=0.01, X_TI=0.00, ΔT=0.417, NL: 0.033, NP(LIQUID)=0.988 NP(FCC_A1)=0.012 NP(MNS_Q)=0.000 NP(TIS)=0.000 
Adding points to FCC_A1. Adding points to LIQUID. Adding points to MNS_Q. Adding points to TIS. T=1574.039, X_AL=0.00, X_C=0.01, X_CR=0.33, X_FE=0.00, X_MN=0.01, X_MO=0.14, X_NB=0.00, X_S=0.00, X_SI=0.01, X_TI=0.00, ΔT=0.417, NL: 0.033, NP(LIQUID)=0.988 NP(FCC_A1)=0.012 NP(MNS_Q)=0.000 NP(TIS)=0.000 
Adding points to LIQUID. Adding points to MNS_Q. Adding points to FCC_A1. Adding points to TIS. T=1573.622, X_AL=0.00, X_C=0.01, X_CR=0.33, X_FE=0.00, X_MN=0.01, X_MO=0.14, X_NB=0.00, X_S=0.00, X_SI=0.01, X_TI=0.00, ΔT=0.417, NL: 0.032, NP(LIQUID)=0.988 NP(FCC_A1)=0.012 NP(MNS_Q)=0.000 NP(TIS)=0.000 
Adding points to LIQUID. Adding points to MNS_Q. Adding points to FCC_A1. Adding points to TIS. T=1573.206, X_AL=0.00, X_C=0.01, X_CR=0.33, X_FE=0.00, X_MN=0.01, X_MO=0.14, X_NB=0.00, X_S=0.00, X_SI=0.01, X_TI=0.00, ΔT=0.417, NL: 0.032, NP(LIQUID)=0.988 NP(FCC_A1)=0.012 NP(MNS_Q)=0.000 NP(TIS)=0.000 
Adding points to FCC_A1. Adding points to LIQUID. Adding points to MNS_Q. Adding points to TIS. T=1572.789, X_AL=0.00, X_C=0.01, X_CR=0.33, X_FE=0.00, X_MN=0.01, X_MO=0.14, X_NB=0.00, X_S=0.00, X_SI=0.01, X_TI=0.00, ΔT=0.417, NL: 0.032, NP(LIQUID)=0.988 NP(FCC_A1)=0.012 NP(MNS_Q)=0.000 NP(TIS)=0.000 
Adding points to LIQUID. Adding points to FCC_A1. Adding points to MNS_Q. Adding points to TIS. T=1572.372, X_AL=0.00, X_C=0.01, X_CR=0.33, X_FE=0.00, X_MN=0.01, X_MO=0.14, X_NB=0.00, X_S=0.00, X_SI=0.01, X_TI=0.00, ΔT=0.417, NL: 0.031, NP(LIQUID)=0.988 NP(FCC_A1)=0.012 NP(MNS_Q)=0.000 NP(TIS)=0.000 
Adding points to LIQUID. Adding points to FCC_A1. Adding points to MNS_Q. Adding points to TIS. T=1571.956, X_AL=0.00, X_C=0.01, X_CR=0.33, X_FE=0.00, X_MN=0.01, X_MO=0.14, X_NB=0.00, X_S=0.00, X_SI=0.01, X_TI=0.00, ΔT=0.417, NL: 0.031, NP(LIQUID)=0.988 NP(FCC_A1)=0.012 NP(MNS_Q)=0.000 NP(TIS)=0.000 
Adding points to FCC_A1. Adding points to LIQUID. Adding points to MNS_Q. Adding points to TIS. T=1571.539, X_AL=0.00, X_C=0.01, X_CR=0.33, X_FE=0.00, X_MN=0.01, X_MO=0.14, X_NB=0.00, X_S=0.00, X_SI=0.01, X_TI=0.00, ΔT=0.417, NL: 0.030, NP(LIQUID)=0.988 NP(FCC_A1)=0.012 NP(MNS_Q)=0.000 NP(TIS)=0.000 
Adding points to FCC_A1. Adding points to LIQUID. Adding points to MNS_Q. Adding points to TIS. T=1571.122, X_AL=0.00, X_C=0.01, X_CR=0.33, X_FE=0.00, X_MN=0.01, X_MO=0.14, X_NB=0.00, X_S=0.00, X_SI=0.01, X_TI=0.00, ΔT=0.417, NL: 0.030, NP(LIQUID)=0.988 NP(FCC_A1)=0.011 NP(MNS_Q)=0.000 NP(TIS)=0.000 
Adding points to LIQUID. Adding points to FCC_A1. Adding points to MNS_Q. Adding points to TIS. T=1570.706, X_AL=0.00, X_C=0.01, X_CR=0.33, X_FE=0.00, X_MN=0.01, X_MO=0.14, X_NB=0.00, X_S=0.00, X_SI=0.01, X_TI=0.00, ΔT=0.417, NL: 0.030, NP(LIQUID)=0.989 NP(FCC_A1)=0.011 NP(MNS_Q)=0.000 NP(TIS)=0.000 
Adding points to LIQUID. Adding points to FCC_A1. Adding points to MNS_Q. Adding points to TIS. T=1570.289, X_AL=0.00, X_C=0.01, X_CR=0.33, X_FE=0.00, X_MN=0.01, X_MO=0.14, X_NB=0.00, X_S=0.00, X_SI=0.01, X_TI=0.00, ΔT=0.417, NL: 0.029, NP(LIQUID)=0.989 NP(FCC_A1)=0.011 NP(MNS_Q)=0.000 NP(TIS)=0.000 
Adding points to LIQUID. Adding points to FCC_A1. Adding points to MNS_Q. Adding points to TIS. T=1569.872, X_AL=0.00, X_C=0.01, X_CR=0.33, X_FE=0.00, X_MN=0.01, X_MO=0.14, X_NB=0.00, X_S=0.00, X_SI=0.01, X_TI=0.00, ΔT=0.417, NL: 0.029, NP(LIQUID)=0.989 NP(FCC_A1)=0.011 NP(MNS_Q)=0.000 NP(TIS)=0.000 
Adding points to LIQUID. Adding points to FCC_A1. Adding points to MNS_Q. Adding points to TIS. T=1569.456, X_AL=0.00, X_C=0.01, X_CR=0.33, X_FE=0.00, X_MN=0.01, X_MO=0.14, X_NB=0.00, X_S=0.00, X_SI=0.01, X_TI=0.00, ΔT=0.417, NL: 0.029, NP(LIQUID)=0.989 NP(FCC_A1)=0.011 NP(MNS_Q)=0.000 NP(TIS)=0.000 
Adding points to LIQUID. Adding points to FCC_A1. Adding points to MNS_Q. Adding points to TIS. T=1569.039, X_AL=0.00, X_C=0.01, X_CR=0.33, X_FE=0.00, X_MN=0.01, X_MO=0.14, X_NB=0.00, X_S=0.00, X_SI=0.01, X_TI=0.00, ΔT=0.417, NL: 0.028, NP(LIQUID)=0.989 NP(FCC_A1)=0.011 NP(MNS_Q)=0.000 NP(TIS)=0.000 
Adding points to LIQUID. Adding points to FCC_A1. Adding points to MNS_Q. Adding points to TIS. T=1568.622, X_AL=0.00, X_C=0.01, X_CR=0.33, X_FE=0.00, X_MN=0.01, X_MO=0.14, X_NB=0.00, X_S=0.00, X_SI=0.01, X_TI=0.00, ΔT=0.417, NL: 0.028, NP(LIQUID)=0.989 NP(FCC_A1)=0.011 NP(MNS_Q)=0.000 NP(TIS)=0.000 
Adding points to LIQUID. Adding points to FCC_A1. Adding points to MNS_Q. Adding points to TIS. T=1568.206, X_AL=0.00, X_C=0.01, X_CR=0.33, X_FE=0.00, X_MN=0.01, X_MO=0.14, X_NB=0.00, X_S=0.00, X_SI=0.01, X_TI=0.00, ΔT=0.417, NL: 0.028, NP(LIQUID)=0.989 NP(FCC_A1)=0.011 NP(MNS_Q)=0.000 NP(TIS)=0.000 
Adding points to LIQUID. Adding points to FCC_A1. Adding points to MNS_Q. Adding points to TIS. T=1567.789, X_AL=0.00, X_C=0.01, X_CR=0.33, X_FE=0.00, X_MN=0.01, X_MO=0.14, X_NB=0.00, X_S=0.00, X_SI=0.01, X_TI=0.00, ΔT=0.417, NL: 0.028, NP(LIQUID)=0.989 NP(FCC_A1)=0.011 NP(MNS_Q)=0.000 NP(TIS)=0.000 
Adding points to LIQUID. Adding points to FCC_A1. Adding points to MNS_Q. Adding points to TIS. T=1567.372, X_AL=0.00, X_C=0.01, X_CR=0.33, X_FE=0.00, X_MN=0.01, X_MO=0.14, X_NB=0.00, X_S=0.00, X_SI=0.01, X_TI=0.00, ΔT=0.417, NL: 0.027, NP(LIQUID)=0.989 NP(FCC_A1)=0.011 NP(MNS_Q)=0.000 NP(TIS)=0.000 
Adding points to LIQUID. Adding points to FCC_A1. Adding points to MNS_Q. Adding points to TIS. T=1566.956, X_AL=0.00, X_C=0.01, X_CR=0.33, X_FE=0.00, X_MN=0.01, X_MO=0.14, X_NB=0.00, X_S=0.00, X_SI=0.01, X_TI=0.00, ΔT=0.417, NL: 0.027, NP(LIQUID)=0.989 NP(FCC_A1)=0.011 NP(MNS_Q)=0.000 NP(TIS)=0.000 
Adding points to FCC_A1. Adding points to LIQUID. Adding points to MNS_Q. Adding points to TIS. T=1566.539, X_AL=0.00, X_C=0.01, X_CR=0.34, X_FE=0.00, X_MN=0.01, X_MO=0.14, X_NB=0.00, X_S=0.00, X_SI=0.01, X_TI=0.00, ΔT=0.417, NL: 0.027, NP(LIQUID)=0.989 NP(FCC_A1)=0.011 NP(MNS_Q)=0.000 NP(TIS)=0.000 
Adding points to FCC_A1. Adding points to LIQUID. Adding points to MNS_Q. Adding points to SIGMA. Adding points to TIS. New phases seen: {'SIGMA'}. T=1566.122, X_AL=0.00, X_C=0.01, X_CR=0.34, X_FE=0.00, X_MN=0.01, X_MO=0.14, X_NB=0.00, X_S=0.00, X_SI=0.01, X_TI=0.00, ΔT=0.417, NL: 0.023, NP(LIQUID)=0.862 NP(FCC_A1)=0.086 NP(MNS_Q)=0.001 NP(SIGMA)=0.052 NP(TIS)=0.000 
Adding points to LIQUID. Adding points to FCC_A1. Adding points to MNS_Q. Adding points to SIGMA. Adding points to TIS. T=1565.706, X_AL=0.00, X_C=0.01, X_CR=0.34, X_FE=0.00, X_MN=0.01, X_MO=0.14, X_NB=0.01, X_S=0.00, X_SI=0.01, X_TI=0.00, ΔT=0.417, NL: 0.023, NP(LIQUID)=0.984 NP(FCC_A1)=0.014 NP(MNS_Q)=0.000 NP(SIGMA)=0.003 NP(TIS)=0.000 
Adding points to LIQUID. Adding points to FCC_A1. Adding points to MNS_Q. Adding points to SIGMA. Adding points to TIS. T=1565.289, X_AL=0.00, X_C=0.01, X_CR=0.34, X_FE=0.00, X_MN=0.01, X_MO=0.14, X_NB=0.01, X_S=0.00, X_SI=0.01, X_TI=0.00, ΔT=0.417, NL: 0.022, NP(LIQUID)=0.984 NP(FCC_A1)=0.014 NP(MNS_Q)=0.000 NP(SIGMA)=0.003 NP(TIS)=0.000 
Adding points to LIQUID. Adding points to FCC_A1. Adding points to MNS_Q. Adding points to SIGMA. Adding points to TIS. T=1564.872, X_AL=0.00, X_C=0.01, X_CR=0.34, X_FE=0.00, X_MN=0.01, X_MO=0.14, X_NB=0.01, X_S=0.00, X_SI=0.01, X_TI=0.00, ΔT=0.417, NL: 0.022, NP(LIQUID)=0.984 NP(FCC_A1)=0.013 NP(MNS_Q)=0.000 NP(SIGMA)=0.003 NP(TIS)=0.000 
Adding points to LIQUID. Adding points to FCC_A1. Adding points to MNS_Q. Adding points to SIGMA. Adding points to TIS. T=1564.456, X_AL=0.00, X_C=0.01, X_CR=0.34, X_FE=0.00, X_MN=0.01, X_MO=0.14, X_NB=0.01, X_S=0.00, X_SI=0.01, X_TI=0.00, ΔT=0.417, NL: 0.022, NP(LIQUID)=0.984 NP(FCC_A1)=0.013 NP(MNS_Q)=0.000 NP(SIGMA)=0.003 NP(TIS)=0.000 
Adding points to FCC_A1. Adding points to LIQUID. Adding points to MNS_Q. Adding points to SIGMA. Adding points to TIS. T=1564.039, X_AL=0.00, X_C=0.01, X_CR=0.34, X_FE=0.00, X_MN=0.01, X_MO=0.14, X_NB=0.01, X_S=0.00, X_SI=0.01, X_TI=0.00, ΔT=0.417, NL: 0.021, NP(LIQUID)=0.984 NP(FCC_A1)=0.013 NP(MNS_Q)=0.000 NP(SIGMA)=0.002 NP(TIS)=0.000 
Adding points to LIQUID. Adding points to FCC_A1. Adding points to MNS_Q. Adding points to SIGMA. Adding points to TIS. T=1563.622, X_AL=0.00, X_C=0.01, X_CR=0.34, X_FE=0.00, X_MN=0.01, X_MO=0.14, X_NB=0.01, X_S=0.00, X_SI=0.01, X_TI=0.00, ΔT=0.417, NL: 0.021, NP(LIQUID)=0.985 NP(FCC_A1)=0.013 NP(MNS_Q)=0.000 NP(SIGMA)=0.002 NP(TIS)=0.000 
Adding points to FCC_A1. Adding points to LIQUID. Adding points to MNS_Q. Adding points to SIGMA. Adding points to TIS. T=1563.206, X_AL=0.00, X_C=0.01, X_CR=0.34, X_FE=0.00, X_MN=0.01, X_MO=0.14, X_NB=0.01, X_S=0.00, X_SI=0.01, X_TI=0.00, ΔT=0.417, NL: 0.021, NP(LIQUID)=0.985 NP(FCC_A1)=0.013 NP(MNS_Q)=0.000 NP(SIGMA)=0.002 NP(TIS)=0.000 
Adding points to LIQUID. Adding points to FCC_A1. Adding points to MNS_Q. Adding points to SIGMA. Adding points to TIS. T=1562.789, X_AL=0.00, X_C=0.01, X_CR=0.34, X_FE=0.00, X_MN=0.01, X_MO=0.14, X_NB=0.01, X_S=0.00, X_SI=0.01, X_TI=0.00, ΔT=0.417, NL: 0.020, NP(LIQUID)=0.985 NP(FCC_A1)=0.013 NP(MNS_Q)=0.000 NP(SIGMA)=0.002 NP(TIS)=0.000 
Adding points to LIQUID. Adding points to FCC_A1. Adding points to MNS_Q. Adding points to SIGMA. Adding points to TIS. T=1562.372, X_AL=0.00, X_C=0.01, X_CR=0.34, X_FE=0.00, X_MN=0.01, X_MO=0.14, X_NB=0.01, X_S=0.00, X_SI=0.01, X_TI=0.00, ΔT=0.417, NL: 0.020, NP(LIQUID)=0.985 NP(FCC_A1)=0.012 NP(MNS_Q)=0.000 NP(SIGMA)=0.002 NP(TIS)=0.000 
Adding points to LIQUID. Adding points to FCC_A1. Adding points to MNS_Q. Adding points to SIGMA. Adding points to TIS. T=1561.956, X_AL=0.00, X_C=0.01, X_CR=0.34, X_FE=0.00, X_MN=0.01, X_MO=0.14, X_NB=0.01, X_S=0.00, X_SI=0.01, X_TI=0.00, ΔT=0.417, NL: 0.020, NP(LIQUID)=0.985 NP(FCC_A1)=0.012 NP(MNS_Q)=0.000 NP(SIGMA)=0.002 NP(TIS)=0.000 
Adding points to LIQUID. Adding points to MNS_Q. Adding points to FCC_A1. Adding points to SIGMA. Adding points to TIS. T=1561.539, X_AL=0.00, X_C=0.01, X_CR=0.34, X_FE=0.00, X_MN=0.01, X_MO=0.14, X_NB=0.01, X_S=0.00, X_SI=0.01, X_TI=0.00, ΔT=0.417, NL: 0.019, NP(LIQUID)=0.985 NP(FCC_A1)=0.012 NP(MNS_Q)=0.000 NP(SIGMA)=0.002 NP(TIS)=0.000 
Adding points to LIQUID. Adding points to FCC_A1. Adding points to MNS_Q. Adding points to SIGMA. Adding points to TIS. T=1561.122, X_AL=0.00, X_C=0.01, X_CR=0.34, X_FE=0.00, X_MN=0.01, X_MO=0.14, X_NB=0.01, X_S=0.00, X_SI=0.01, X_TI=0.00, ΔT=0.417, NL: 0.019, NP(LIQUID)=0.986 NP(FCC_A1)=0.012 NP(MNS_Q)=0.000 NP(SIGMA)=0.002 NP(TIS)=0.000 
Adding points to LIQUID. Adding points to FCC_A1. Adding points to MNS_Q. Adding points to SIGMA. Adding points to TIS. T=1560.706, X_AL=0.00, X_C=0.01, X_CR=0.34, X_FE=0.00, X_MN=0.01, X_MO=0.14, X_NB=0.01, X_S=0.00, X_SI=0.01, X_TI=0.00, ΔT=0.417, NL: 0.019, NP(LIQUID)=0.986 NP(FCC_A1)=0.012 NP(MNS_Q)=0.000 NP(SIGMA)=0.002 NP(TIS)=0.000 
Adding points to LIQUID. Adding points to FCC_A1. Adding points to MNS_Q. Adding points to SIGMA. Adding points to TIS. T=1560.289, X_AL=0.00, X_C=0.01, X_CR=0.34, X_FE=0.00, X_MN=0.01, X_MO=0.14, X_NB=0.01, X_S=0.00, X_SI=0.01, X_TI=0.00, ΔT=0.417, NL: 0.019, NP(LIQUID)=0.986 NP(FCC_A1)=0.012 NP(MNS_Q)=0.000 NP(SIGMA)=0.002 NP(TIS)=0.000 
Adding points to LIQUID. Adding points to FCC_A1. Adding points to MNS_Q. Adding points to SIGMA. Adding points to TIS. T=1559.872, X_AL=0.00, X_C=0.01, X_CR=0.34, X_FE=0.00, X_MN=0.01, X_MO=0.14, X_NB=0.01, X_S=0.00, X_SI=0.01, X_TI=0.00, ΔT=0.417, NL: 0.018, NP(LIQUID)=0.986 NP(FCC_A1)=0.012 NP(MNS_Q)=0.000 NP(SIGMA)=0.002 NP(TIS)=0.000 
Adding points to FCC_A1. Adding points to MNS_Q. Adding points to LIQUID. Adding points to SIGMA. Adding points to TIS. T=1559.456, X_AL=0.00, X_C=0.01, X_CR=0.34, X_FE=0.00, X_MN=0.01, X_MO=0.13, X_NB=0.01, X_S=0.00, X_SI=0.01, X_TI=0.00, ΔT=0.417, NL: 0.018, NP(LIQUID)=0.986 NP(FCC_A1)=0.011 NP(MNS_Q)=0.000 NP(SIGMA)=0.002 NP(TIS)=0.000 
Adding points to FCC_A1. Adding points to MNS_Q. Adding points to LIQUID. Adding points to SIGMA. Adding points to TIS. T=1559.039, X_AL=0.00, X_C=0.01, X_CR=0.34, X_FE=0.00, X_MN=0.01, X_MO=0.13, X_NB=0.01, X_S=0.00, X_SI=0.01, X_TI=0.00, ΔT=0.417, NL: 0.018, NP(LIQUID)=0.986 NP(FCC_A1)=0.011 NP(MNS_Q)=0.000 NP(SIGMA)=0.002 NP(TIS)=0.000 
Adding points to FCC_A1. Adding points to LIQUID. Adding points to MNS_Q. Adding points to SIGMA. Adding points to TIS. T=1558.622, X_AL=0.00, X_C=0.01, X_CR=0.34, X_FE=0.00, X_MN=0.01, X_MO=0.13, X_NB=0.01, X_S=0.00, X_SI=0.01, X_TI=0.00, ΔT=0.417, NL: 0.018, NP(LIQUID)=0.987 NP(FCC_A1)=0.011 NP(MNS_Q)=0.000 NP(SIGMA)=0.002 NP(TIS)=0.000 
No liquid phase found at T=1558.206, X_AL=0.00, X_C=0.01, X_CR=0.34, X_FE=0.00, X_MN=0.01, X_MO=0.13, X_NB=0.01, X_S=0.00, X_SI=0.01, X_TI=0.00. (Found set()) (Convergence failure) Stepping back and reducing step size.
No liquid phase found at T=1558.275, X_AL=0.00, X_C=0.01, X_CR=0.34, X_FE=0.00, X_MN=0.01, X_MO=0.13, X_NB=0.01, X_S=0.00, X_SI=0.01, X_TI=0.00. (Found set()) (Convergence failure) Stepping back and reducing step size.
No liquid phase found at T=1558.333, X_AL=0.00, X_C=0.01, X_CR=0.34, X_FE=0.00, X_MN=0.01, X_MO=0.13, X_NB=0.01, X_S=0.00, X_SI=0.01, X_TI=0.00. (Found set()) (Convergence failure) Stepping back and reducing step size.
No liquid phase found at T=1558.381, X_AL=0.00, X_C=0.01, X_CR=0.34, X_FE=0.00, X_MN=0.01, X_MO=0.13, X_NB=0.01, X_S=0.00, X_SI=0.01, X_TI=0.00. (Found set()) (Convergence failure) Stepping back and reducing step size.
No liquid phase found at T=1558.421, X_AL=0.00, X_C=0.01, X_CR=0.34, X_FE=0.00, X_MN=0.01, X_MO=0.13, X_NB=0.01, X_S=0.00, X_SI=0.01, X_TI=0.00. (Found set()) (Convergence failure) Stepping back and reducing step size.
Adding points to FCC_A1. Adding points to LIQUID. Adding points to MNS_Q. Adding points to SIGMA. Adding points to TIS. T=1558.455, X_AL=0.00, X_C=0.01, X_CR=0.34, X_FE=0.00, X_MN=0.01, X_MO=0.13, X_NB=0.01, X_S=0.00, X_SI=0.01, X_TI=0.00, ΔT=0.167, NL: 0.018, NP(LIQUID)=0.995 NP(FCC_A1)=0.004 NP(MNS_Q)=0.000 NP(SIGMA)=0.001 NP(TIS)=0.000 
No liquid phase found at T=1558.287, X_AL=0.00, X_C=0.01, X_CR=0.34, X_FE=0.00, X_MN=0.01, X_MO=0.13, X_NB=0.01, X_S=0.00, X_SI=0.01, X_TI=0.00. (Found set()) (Convergence failure) Stepping back and reducing step size.
No liquid phase found at T=1558.315, X_AL=0.00, X_C=0.01, X_CR=0.34, X_FE=0.00, X_MN=0.01, X_MO=0.13, X_NB=0.01, X_S=0.00, X_SI=0.01, X_TI=0.00. (Found set()) (Convergence failure) Stepping back and reducing step size.
No liquid phase found at T=1558.338, X_AL=0.00, X_C=0.01, X_CR=0.34, X_FE=0.00, X_MN=0.01, X_MO=0.13, X_NB=0.01, X_S=0.00, X_SI=0.01, X_TI=0.00. (Found set()) (Convergence failure) Stepping back and reducing step size.
No liquid phase found at T=1558.358, X_AL=0.00, X_C=0.01, X_CR=0.34, X_FE=0.00, X_MN=0.01, X_MO=0.13, X_NB=0.01, X_S=0.00, X_SI=0.01, X_TI=0.00. (Found set()) (Convergence failure) Maximum step size reduction exceeded. Stopping.