generating points... ALPHA_MN BETA_MN BETA_RHOMBO_B CEMENTITE CHI_A12 CR3MN5 CU2S DELTA DIAMOND_A4 DIGENITE DISULF D_NIMO ETA FCC_A1 FC_MONO FC_ORTHO FES_P GAMMA_DP GAMMA_PRIME GRAPHITE G_PHASE HCP_A3 KSI_CARBIDE LAVES LAV_C14 LIQUID M23C6 M23C6_WY M3C2 M6C M6C_WY M7C3 MNS_Q MOB2 MU_PHASE NBB NI2CR NIAL NITI2 PYRR P_PHASE R_PHASE TIB TIB2 TIS ZET done
Adding points to LIQUID. T=1653.162, X_AL=0.01, X_C=0.00, X_CR=0.27, X_FE=0.01, X_MN=0.01, X_MO=0.08, X_NB=0.00, X_S=0.00, X_SI=0.00, X_TI=0.00, ΔT=0.500, NL: 1.000, NP(LIQUID)=1.000 
Adding points to LIQUID. T=1652.662, X_AL=0.01, X_C=0.00, X_CR=0.27, X_FE=0.01, X_MN=0.01, X_MO=0.08, X_NB=0.00, X_S=0.00, X_SI=0.00, X_TI=0.00, ΔT=0.500, NL: 1.000, NP(LIQUID)=1.000 
Adding points to LIQUID. T=1652.162, X_AL=0.01, X_C=0.00, X_CR=0.27, X_FE=0.01, X_MN=0.01, X_MO=0.08, X_NB=0.00, X_S=0.00, X_SI=0.00, X_TI=0.00, ΔT=0.500, NL: 1.000, NP(LIQUID)=1.000 
Adding points to LIQUID. T=1651.662, X_AL=0.01, X_C=0.00, X_CR=0.27, X_FE=0.01, X_MN=0.01, X_MO=0.08, X_NB=0.00, X_S=0.00, X_SI=0.00, X_TI=0.00, ΔT=0.500, NL: 1.000, NP(LIQUID)=1.000 
Adding points to LIQUID. T=1651.162, X_AL=0.01, X_C=0.00, X_CR=0.27, X_FE=0.01, X_MN=0.01, X_MO=0.08, X_NB=0.00, X_S=0.00, X_SI=0.00, X_TI=0.00, ΔT=0.500, NL: 1.000, NP(LIQUID)=1.000 
Adding points to LIQUID. T=1650.662, X_AL=0.01, X_C=0.00, X_CR=0.27, X_FE=0.01, X_MN=0.01, X_MO=0.08, X_NB=0.00, X_S=0.00, X_SI=0.00, X_TI=0.00, ΔT=0.500, NL: 1.000, NP(LIQUID)=1.000 
Adding points to LIQUID. T=1650.162, X_AL=0.01, X_C=0.00, X_CR=0.27, X_FE=0.01, X_MN=0.01, X_MO=0.08, X_NB=0.00, X_S=0.00, X_SI=0.00, X_TI=0.00, ΔT=0.500, NL: 1.000, NP(LIQUID)=1.000 
Adding points to LIQUID. T=1649.662, X_AL=0.01, X_C=0.00, X_CR=0.27, X_FE=0.01, X_MN=0.01, X_MO=0.08, X_NB=0.00, X_S=0.00, X_SI=0.00, X_TI=0.00, ΔT=0.500, NL: 1.000, NP(LIQUID)=1.000 
Adding points to LIQUID. T=1649.162, X_AL=0.01, X_C=0.00, X_CR=0.27, X_FE=0.01, X_MN=0.01, X_MO=0.08, X_NB=0.00, X_S=0.00, X_SI=0.00, X_TI=0.00, ΔT=0.500, NL: 1.000, NP(LIQUID)=1.000 
Adding points to LIQUID. T=1648.662, X_AL=0.01, X_C=0.00, X_CR=0.27, X_FE=0.01, X_MN=0.01, X_MO=0.08, X_NB=0.00, X_S=0.00, X_SI=0.00, X_TI=0.00, ΔT=0.500, NL: 1.000, NP(LIQUID)=1.000 
Adding points to LIQUID. Adding points to FCC_A1. New phases seen: {'FCC_A1'}. T=1648.162, X_AL=0.01, X_C=0.00, X_CR=0.27, X_FE=0.01, X_MN=0.01, X_MO=0.08, X_NB=0.00, X_S=0.00, X_SI=0.00, X_TI=0.00, ΔT=0.500, NL: 0.998, NP(LIQUID)=0.998 NP(FCC_A1)=0.002 
Adding points to LIQUID. Adding points to FCC_A1. T=1647.662, X_AL=0.01, X_C=0.00, X_CR=0.27, X_FE=0.01, X_MN=0.01, X_MO=0.08, X_NB=0.00, X_S=0.00, X_SI=0.00, X_TI=0.00, ΔT=0.500, NL: 0.964, NP(LIQUID)=0.965 NP(FCC_A1)=0.035 
Adding points to LIQUID. Adding points to FCC_A1. T=1647.162, X_AL=0.01, X_C=0.00, X_CR=0.27, X_FE=0.01, X_MN=0.01, X_MO=0.08, X_NB=0.00, X_S=0.00, X_SI=0.00, X_TI=0.00, ΔT=0.500, NL: 0.931, NP(LIQUID)=0.966 NP(FCC_A1)=0.034 
Adding points to LIQUID. Adding points to FCC_A1. T=1646.662, X_AL=0.01, X_C=0.00, X_CR=0.27, X_FE=0.01, X_MN=0.01, X_MO=0.08, X_NB=0.00, X_S=0.00, X_SI=0.00, X_TI=0.00, ΔT=0.500, NL: 0.899, NP(LIQUID)=0.966 NP(FCC_A1)=0.034 
Adding points to LIQUID. Adding points to FCC_A1. T=1646.162, X_AL=0.01, X_C=0.00, X_CR=0.27, X_FE=0.01, X_MN=0.01, X_MO=0.08, X_NB=0.00, X_S=0.00, X_SI=0.00, X_TI=0.00, ΔT=0.500, NL: 0.869, NP(LIQUID)=0.967 NP(FCC_A1)=0.033 
Adding points to LIQUID. Adding points to FCC_A1. T=1645.662, X_AL=0.01, X_C=0.00, X_CR=0.27, X_FE=0.01, X_MN=0.01, X_MO=0.08, X_NB=0.00, X_S=0.00, X_SI=0.00, X_TI=0.00, ΔT=0.500, NL: 0.840, NP(LIQUID)=0.967 NP(FCC_A1)=0.033 
Adding points to LIQUID. Adding points to FCC_A1. T=1645.162, X_AL=0.01, X_C=0.00, X_CR=0.27, X_FE=0.01, X_MN=0.01, X_MO=0.08, X_NB=0.00, X_S=0.00, X_SI=0.00, X_TI=0.00, ΔT=0.500, NL: 0.813, NP(LIQUID)=0.967 NP(FCC_A1)=0.033 
Adding points to LIQUID. Adding points to FCC_A1. T=1644.662, X_AL=0.01, X_C=0.00, X_CR=0.27, X_FE=0.01, X_MN=0.01, X_MO=0.08, X_NB=0.00, X_S=0.00, X_SI=0.00, X_TI=0.00, ΔT=0.500, NL: 0.787, NP(LIQUID)=0.968 NP(FCC_A1)=0.032 
Adding points to LIQUID. Adding points to FCC_A1. T=1644.162, X_AL=0.01, X_C=0.00, X_CR=0.27, X_FE=0.01, X_MN=0.01, X_MO=0.08, X_NB=0.00, X_S=0.00, X_SI=0.00, X_TI=0.00, ΔT=0.500, NL: 0.761, NP(LIQUID)=0.968 NP(FCC_A1)=0.032 
Adding points to LIQUID. Adding points to FCC_A1. T=1643.662, X_AL=0.01, X_C=0.00, X_CR=0.27, X_FE=0.01, X_MN=0.01, X_MO=0.08, X_NB=0.00, X_S=0.00, X_SI=0.00, X_TI=0.00, ΔT=0.500, NL: 0.737, NP(LIQUID)=0.968 NP(FCC_A1)=0.032 
Adding points to LIQUID. Adding points to FCC_A1. T=1643.162, X_AL=0.01, X_C=0.00, X_CR=0.27, X_FE=0.01, X_MN=0.01, X_MO=0.08, X_NB=0.00, X_S=0.00, X_SI=0.00, X_TI=0.00, ΔT=0.500, NL: 0.714, NP(LIQUID)=0.969 NP(FCC_A1)=0.031 
Adding points to LIQUID. Adding points to FCC_A1. T=1642.662, X_AL=0.01, X_C=0.00, X_CR=0.27, X_FE=0.01, X_MN=0.01, X_MO=0.09, X_NB=0.00, X_S=0.00, X_SI=0.00, X_TI=0.00, ΔT=0.500, NL: 0.692, NP(LIQUID)=0.969 NP(FCC_A1)=0.031 
Adding points to LIQUID. Adding points to FCC_A1. T=1642.162, X_AL=0.01, X_C=0.00, X_CR=0.28, X_FE=0.01, X_MN=0.01, X_MO=0.09, X_NB=0.00, X_S=0.00, X_SI=0.00, X_TI=0.00, ΔT=0.500, NL: 0.671, NP(LIQUID)=0.969 NP(FCC_A1)=0.031 
Adding points to LIQUID. Adding points to FCC_A1. T=1641.662, X_AL=0.01, X_C=0.00, X_CR=0.28, X_FE=0.01, X_MN=0.01, X_MO=0.09, X_NB=0.00, X_S=0.00, X_SI=0.00, X_TI=0.00, ΔT=0.500, NL: 0.650, NP(LIQUID)=0.970 NP(FCC_A1)=0.030 
Adding points to LIQUID. Adding points to FCC_A1. T=1641.162, X_AL=0.01, X_C=0.00, X_CR=0.28, X_FE=0.01, X_MN=0.01, X_MO=0.09, X_NB=0.00, X_S=0.00, X_SI=0.00, X_TI=0.00, ΔT=0.500, NL: 0.631, NP(LIQUID)=0.970 NP(FCC_A1)=0.030 
Adding points to LIQUID. Adding points to FCC_A1. T=1640.662, X_AL=0.01, X_C=0.00, X_CR=0.28, X_FE=0.01, X_MN=0.01, X_MO=0.09, X_NB=0.00, X_S=0.00, X_SI=0.00, X_TI=0.00, ΔT=0.500, NL: 0.612, NP(LIQUID)=0.970 NP(FCC_A1)=0.030 
Adding points to LIQUID. Adding points to FCC_A1. T=1640.162, X_AL=0.01, X_C=0.00, X_CR=0.28, X_FE=0.00, X_MN=0.01, X_MO=0.09, X_NB=0.00, X_S=0.00, X_SI=0.00, X_TI=0.00, ΔT=0.500, NL: 0.594, NP(LIQUID)=0.970 NP(FCC_A1)=0.030 
Adding points to LIQUID. Adding points to FCC_A1. T=1639.662, X_AL=0.01, X_C=0.00, X_CR=0.28, X_FE=0.00, X_MN=0.01, X_MO=0.09, X_NB=0.00, X_S=0.00, X_SI=0.00, X_TI=0.00, ΔT=0.500, NL: 0.577, NP(LIQUID)=0.971 NP(FCC_A1)=0.029 
Adding points to LIQUID. Adding points to FCC_A1. T=1639.162, X_AL=0.01, X_C=0.00, X_CR=0.28, X_FE=0.00, X_MN=0.01, X_MO=0.09, X_NB=0.00, X_S=0.00, X_SI=0.00, X_TI=0.00, ΔT=0.500, NL: 0.560, NP(LIQUID)=0.971 NP(FCC_A1)=0.029 
Adding points to LIQUID. Adding points to FCC_A1. T=1638.662, X_AL=0.01, X_C=0.00, X_CR=0.28, X_FE=0.00, X_MN=0.01, X_MO=0.09, X_NB=0.00, X_S=0.00, X_SI=0.00, X_TI=0.00, ΔT=0.500, NL: 0.544, NP(LIQUID)=0.971 NP(FCC_A1)=0.029 
Adding points to LIQUID. Adding points to FCC_A1. T=1638.162, X_AL=0.01, X_C=0.00, X_CR=0.28, X_FE=0.00, X_MN=0.01, X_MO=0.09, X_NB=0.00, X_S=0.00, X_SI=0.00, X_TI=0.00, ΔT=0.500, NL: 0.528, NP(LIQUID)=0.972 NP(FCC_A1)=0.028 
Adding points to LIQUID. Adding points to FCC_A1. T=1637.662, X_AL=0.01, X_C=0.00, X_CR=0.28, X_FE=0.00, X_MN=0.01, X_MO=0.09, X_NB=0.00, X_S=0.00, X_SI=0.00, X_TI=0.00, ΔT=0.500, NL: 0.514, NP(LIQUID)=0.972 NP(FCC_A1)=0.028 
Adding points to LIQUID. Adding points to FCC_A1. T=1637.162, X_AL=0.01, X_C=0.00, X_CR=0.28, X_FE=0.00, X_MN=0.01, X_MO=0.09, X_NB=0.00, X_S=0.00, X_SI=0.00, X_TI=0.00, ΔT=0.500, NL: 0.499, NP(LIQUID)=0.972 NP(FCC_A1)=0.028 
Adding points to LIQUID. Adding points to FCC_A1. T=1636.662, X_AL=0.01, X_C=0.00, X_CR=0.28, X_FE=0.00, X_MN=0.01, X_MO=0.09, X_NB=0.00, X_S=0.00, X_SI=0.00, X_TI=0.00, ΔT=0.500, NL: 0.486, NP(LIQUID)=0.972 NP(FCC_A1)=0.028 
Adding points to LIQUID. Adding points to FCC_A1. T=1636.162, X_AL=0.01, X_C=0.00, X_CR=0.28, X_FE=0.00, X_MN=0.01, X_MO=0.09, X_NB=0.00, X_S=0.00, X_SI=0.00, X_TI=0.00, ΔT=0.500, NL: 0.472, NP(LIQUID)=0.973 NP(FCC_A1)=0.027 
Adding points to LIQUID. Adding points to FCC_A1. T=1635.662, X_AL=0.01, X_C=0.00, X_CR=0.28, X_FE=0.00, X_MN=0.01, X_MO=0.09, X_NB=0.00, X_S=0.00, X_SI=0.00, X_TI=0.00, ΔT=0.500, NL: 0.460, NP(LIQUID)=0.973 NP(FCC_A1)=0.027 
Adding points to LIQUID. Adding points to FCC_A1. T=1635.162, X_AL=0.01, X_C=0.00, X_CR=0.28, X_FE=0.00, X_MN=0.01, X_MO=0.09, X_NB=0.00, X_S=0.00, X_SI=0.00, X_TI=0.00, ΔT=0.500, NL: 0.447, NP(LIQUID)=0.973 NP(FCC_A1)=0.027 
Adding points to FCC_A1. Adding points to LIQUID. T=1634.662, X_AL=0.01, X_C=0.00, X_CR=0.28, X_FE=0.00, X_MN=0.01, X_MO=0.09, X_NB=0.00, X_S=0.00, X_SI=0.00, X_TI=0.00, ΔT=0.500, NL: 0.435, NP(LIQUID)=0.974 NP(FCC_A1)=0.026 
Adding points to LIQUID. Adding points to FCC_A1. T=1634.162, X_AL=0.01, X_C=0.00, X_CR=0.28, X_FE=0.00, X_MN=0.01, X_MO=0.09, X_NB=0.00, X_S=0.00, X_SI=0.00, X_TI=0.00, ΔT=0.500, NL: 0.424, NP(LIQUID)=0.974 NP(FCC_A1)=0.026 
Adding points to FCC_A1. Adding points to LIQUID. T=1633.662, X_AL=0.01, X_C=0.00, X_CR=0.28, X_FE=0.00, X_MN=0.01, X_MO=0.09, X_NB=0.00, X_S=0.00, X_SI=0.00, X_TI=0.00, ΔT=0.500, NL: 0.413, NP(LIQUID)=0.974 NP(FCC_A1)=0.026 
Adding points to LIQUID. Adding points to FCC_A1. T=1633.162, X_AL=0.01, X_C=0.00, X_CR=0.28, X_FE=0.00, X_MN=0.01, X_MO=0.09, X_NB=0.00, X_S=0.00, X_SI=0.00, X_TI=0.00, ΔT=0.500, NL: 0.402, NP(LIQUID)=0.974 NP(FCC_A1)=0.026 
Adding points to LIQUID. Adding points to FCC_A1. T=1632.662, X_AL=0.01, X_C=0.00, X_CR=0.28, X_FE=0.00, X_MN=0.01, X_MO=0.09, X_NB=0.00, X_S=0.00, X_SI=0.00, X_TI=0.00, ΔT=0.500, NL: 0.392, NP(LIQUID)=0.974 NP(FCC_A1)=0.026 
Adding points to LIQUID. Adding points to FCC_A1. T=1632.162, X_AL=0.01, X_C=0.00, X_CR=0.28, X_FE=0.00, X_MN=0.01, X_MO=0.09, X_NB=0.00, X_S=0.00, X_SI=0.00, X_TI=0.00, ΔT=0.500, NL: 0.382, NP(LIQUID)=0.975 NP(FCC_A1)=0.025 
Adding points to LIQUID. Adding points to FCC_A1. T=1631.662, X_AL=0.01, X_C=0.00, X_CR=0.28, X_FE=0.00, X_MN=0.01, X_MO=0.09, X_NB=0.00, X_S=0.00, X_SI=0.00, X_TI=0.00, ΔT=0.500, NL: 0.373, NP(LIQUID)=0.975 NP(FCC_A1)=0.025 
Adding points to FCC_A1. Adding points to LIQUID. T=1631.162, X_AL=0.01, X_C=0.00, X_CR=0.28, X_FE=0.00, X_MN=0.01, X_MO=0.09, X_NB=0.00, X_S=0.00, X_SI=0.00, X_TI=0.00, ΔT=0.500, NL: 0.363, NP(LIQUID)=0.975 NP(FCC_A1)=0.025 
Adding points to LIQUID. Adding points to FCC_A1. T=1630.662, X_AL=0.01, X_C=0.00, X_CR=0.28, X_FE=0.00, X_MN=0.01, X_MO=0.10, X_NB=0.00, X_S=0.00, X_SI=0.00, X_TI=0.00, ΔT=0.500, NL: 0.354, NP(LIQUID)=0.975 NP(FCC_A1)=0.025 
Adding points to FCC_A1. Adding points to LIQUID. T=1630.162, X_AL=0.01, X_C=0.00, X_CR=0.29, X_FE=0.00, X_MN=0.01, X_MO=0.10, X_NB=0.00, X_S=0.00, X_SI=0.00, X_TI=0.00, ΔT=0.500, NL: 0.346, NP(LIQUID)=0.976 NP(FCC_A1)=0.024 
Adding points to LIQUID. Adding points to FCC_A1. T=1629.662, X_AL=0.01, X_C=0.00, X_CR=0.29, X_FE=0.00, X_MN=0.01, X_MO=0.10, X_NB=0.00, X_S=0.00, X_SI=0.00, X_TI=0.00, ΔT=0.500, NL: 0.337, NP(LIQUID)=0.976 NP(FCC_A1)=0.024 
Adding points to LIQUID. Adding points to FCC_A1. T=1629.162, X_AL=0.01, X_C=0.00, X_CR=0.29, X_FE=0.00, X_MN=0.01, X_MO=0.10, X_NB=0.00, X_S=0.00, X_SI=0.00, X_TI=0.00, ΔT=0.500, NL: 0.329, NP(LIQUID)=0.976 NP(FCC_A1)=0.024 
Adding points to LIQUID. Adding points to FCC_A1. T=1628.662, X_AL=0.01, X_C=0.00, X_CR=0.29, X_FE=0.00, X_MN=0.01, X_MO=0.10, X_NB=0.00, X_S=0.00, X_SI=0.00, X_TI=0.00, ΔT=0.500, NL: 0.322, NP(LIQUID)=0.976 NP(FCC_A1)=0.024 
Adding points to FCC_A1. Adding points to LIQUID. T=1628.162, X_AL=0.01, X_C=0.00, X_CR=0.29, X_FE=0.00, X_MN=0.01, X_MO=0.10, X_NB=0.00, X_S=0.00, X_SI=0.00, X_TI=0.00, ΔT=0.500, NL: 0.314, NP(LIQUID)=0.977 NP(FCC_A1)=0.023 
Adding points to LIQUID. Adding points to FCC_A1. T=1627.662, X_AL=0.01, X_C=0.00, X_CR=0.29, X_FE=0.00, X_MN=0.01, X_MO=0.10, X_NB=0.00, X_S=0.00, X_SI=0.00, X_TI=0.00, ΔT=0.500, NL: 0.307, NP(LIQUID)=0.977 NP(FCC_A1)=0.023 
Adding points to LIQUID. Adding points to FCC_A1. T=1627.162, X_AL=0.01, X_C=0.00, X_CR=0.29, X_FE=0.00, X_MN=0.01, X_MO=0.10, X_NB=0.00, X_S=0.00, X_SI=0.00, X_TI=0.00, ΔT=0.500, NL: 0.300, NP(LIQUID)=0.977 NP(FCC_A1)=0.023 
Adding points to FCC_A1. Adding points to LIQUID. T=1626.662, X_AL=0.01, X_C=0.00, X_CR=0.29, X_FE=0.00, X_MN=0.01, X_MO=0.10, X_NB=0.00, X_S=0.00, X_SI=0.00, X_TI=0.00, ΔT=0.500, NL: 0.293, NP(LIQUID)=0.977 NP(FCC_A1)=0.023 
Adding points to FCC_A1. Adding points to LIQUID. T=1626.162, X_AL=0.01, X_C=0.00, X_CR=0.29, X_FE=0.00, X_MN=0.01, X_MO=0.10, X_NB=0.00, X_S=0.00, X_SI=0.00, X_TI=0.00, ΔT=0.500, NL: 0.286, NP(LIQUID)=0.977 NP(FCC_A1)=0.023 
Adding points to LIQUID. Adding points to FCC_A1. T=1625.662, X_AL=0.01, X_C=0.00, X_CR=0.29, X_FE=0.00, X_MN=0.01, X_MO=0.10, X_NB=0.00, X_S=0.00, X_SI=0.00, X_TI=0.00, ΔT=0.500, NL: 0.280, NP(LIQUID)=0.978 NP(FCC_A1)=0.022 
Adding points to LIQUID. Adding points to FCC_A1. T=1625.162, X_AL=0.01, X_C=0.00, X_CR=0.29, X_FE=0.00, X_MN=0.01, X_MO=0.10, X_NB=0.00, X_S=0.00, X_SI=0.00, X_TI=0.00, ΔT=0.500, NL: 0.273, NP(LIQUID)=0.978 NP(FCC_A1)=0.022 
Adding points to FCC_A1. Adding points to LIQUID. T=1624.662, X_AL=0.01, X_C=0.00, X_CR=0.29, X_FE=0.00, X_MN=0.01, X_MO=0.10, X_NB=0.00, X_S=0.00, X_SI=0.00, X_TI=0.00, ΔT=0.500, NL: 0.267, NP(LIQUID)=0.978 NP(FCC_A1)=0.022 
Adding points to FCC_A1. Adding points to LIQUID. T=1624.162, X_AL=0.01, X_C=0.00, X_CR=0.29, X_FE=0.00, X_MN=0.01, X_MO=0.10, X_NB=0.00, X_S=0.00, X_SI=0.00, X_TI=0.00, ΔT=0.500, NL: 0.262, NP(LIQUID)=0.978 NP(FCC_A1)=0.022 
Adding points to FCC_A1. Adding points to LIQUID. T=1623.662, X_AL=0.01, X_C=0.00, X_CR=0.29, X_FE=0.00, X_MN=0.01, X_MO=0.10, X_NB=0.00, X_S=0.00, X_SI=0.00, X_TI=0.00, ΔT=0.500, NL: 0.256, NP(LIQUID)=0.978 NP(FCC_A1)=0.022 
Adding points to LIQUID. Adding points to FCC_A1. T=1623.162, X_AL=0.01, X_C=0.00, X_CR=0.29, X_FE=0.00, X_MN=0.01, X_MO=0.10, X_NB=0.00, X_S=0.00, X_SI=0.00, X_TI=0.00, ΔT=0.500, NL: 0.250, NP(LIQUID)=0.978 NP(FCC_A1)=0.022 
Adding points to FCC_A1. Adding points to LIQUID. T=1622.662, X_AL=0.01, X_C=0.00, X_CR=0.29, X_FE=0.00, X_MN=0.01, X_MO=0.10, X_NB=0.00, X_S=0.00, X_SI=0.00, X_TI=0.00, ΔT=0.500, NL: 0.245, NP(LIQUID)=0.979 NP(FCC_A1)=0.021 
Adding points to FCC_A1. Adding points to LIQUID. T=1622.162, X_AL=0.01, X_C=0.00, X_CR=0.29, X_FE=0.00, X_MN=0.01, X_MO=0.10, X_NB=0.00, X_S=0.00, X_SI=0.00, X_TI=0.00, ΔT=0.500, NL: 0.240, NP(LIQUID)=0.979 NP(FCC_A1)=0.021 
Adding points to FCC_A1. Adding points to LIQUID. T=1621.662, X_AL=0.01, X_C=0.00, X_CR=0.29, X_FE=0.00, X_MN=0.01, X_MO=0.10, X_NB=0.00, X_S=0.00, X_SI=0.00, X_TI=0.00, ΔT=0.500, NL: 0.235, NP(LIQUID)=0.979 NP(FCC_A1)=0.021 
Adding points to FCC_A1. Adding points to LIQUID. T=1621.162, X_AL=0.01, X_C=0.00, X_CR=0.29, X_FE=0.00, X_MN=0.01, X_MO=0.10, X_NB=0.00, X_S=0.00, X_SI=0.00, X_TI=0.00, ΔT=0.500, NL: 0.230, NP(LIQUID)=0.979 NP(FCC_A1)=0.021 
Adding points to FCC_A1. Adding points to LIQUID. T=1620.662, X_AL=0.01, X_C=0.00, X_CR=0.29, X_FE=0.00, X_MN=0.01, X_MO=0.10, X_NB=0.00, X_S=0.00, X_SI=0.00, X_TI=0.00, ΔT=0.500, NL: 0.225, NP(LIQUID)=0.979 NP(FCC_A1)=0.021 
Adding points to FCC_A1. Adding points to LIQUID. T=1620.162, X_AL=0.01, X_C=0.00, X_CR=0.29, X_FE=0.00, X_MN=0.01, X_MO=0.10, X_NB=0.00, X_S=0.00, X_SI=0.00, X_TI=0.00, ΔT=0.500, NL: 0.221, NP(LIQUID)=0.980 NP(FCC_A1)=0.020 
Adding points to FCC_A1. Adding points to LIQUID. T=1619.662, X_AL=0.01, X_C=0.00, X_CR=0.29, X_FE=0.00, X_MN=0.01, X_MO=0.10, X_NB=0.00, X_S=0.00, X_SI=0.00, X_TI=0.00, ΔT=0.500, NL: 0.216, NP(LIQUID)=0.980 NP(FCC_A1)=0.020 
Adding points to LIQUID. Adding points to FCC_A1. T=1619.162, X_AL=0.01, X_C=0.00, X_CR=0.29, X_FE=0.00, X_MN=0.01, X_MO=0.10, X_NB=0.00, X_S=0.00, X_SI=0.00, X_TI=0.00, ΔT=0.500, NL: 0.212, NP(LIQUID)=0.980 NP(FCC_A1)=0.020 
Adding points to FCC_A1. Adding points to LIQUID. T=1618.662, X_AL=0.01, X_C=0.00, X_CR=0.29, X_FE=0.00, X_MN=0.01, X_MO=0.10, X_NB=0.00, X_S=0.00, X_SI=0.00, X_TI=0.00, ΔT=0.500, NL: 0.208, NP(LIQUID)=0.980 NP(FCC_A1)=0.020 
Adding points to LIQUID. Adding points to FCC_A1. T=1618.162, X_AL=0.01, X_C=0.00, X_CR=0.29, X_FE=0.00, X_MN=0.01, X_MO=0.10, X_NB=0.00, X_S=0.00, X_SI=0.00, X_TI=0.00, ΔT=0.500, NL: 0.203, NP(LIQUID)=0.980 NP(FCC_A1)=0.020 
Adding points to LIQUID. Adding points to FCC_A1. T=1617.662, X_AL=0.01, X_C=0.00, X_CR=0.29, X_FE=0.00, X_MN=0.01, X_MO=0.10, X_NB=0.00, X_S=0.00, X_SI=0.00, X_TI=0.00, ΔT=0.500, NL: 0.199, NP(LIQUID)=0.980 NP(FCC_A1)=0.020 
Adding points to LIQUID. Adding points to FCC_A1. T=1617.162, X_AL=0.01, X_C=0.00, X_CR=0.29, X_FE=0.00, X_MN=0.01, X_MO=0.10, X_NB=0.00, X_S=0.00, X_SI=0.00, X_TI=0.00, ΔT=0.500, NL: 0.196, NP(LIQUID)=0.981 NP(FCC_A1)=0.019 
Adding points to LIQUID. Adding points to FCC_A1. T=1616.662, X_AL=0.01, X_C=0.00, X_CR=0.29, X_FE=0.00, X_MN=0.01, X_MO=0.11, X_NB=0.00, X_S=0.00, X_SI=0.00, X_TI=0.00, ΔT=0.500, NL: 0.192, NP(LIQUID)=0.981 NP(FCC_A1)=0.019 
Adding points to LIQUID. Adding points to FCC_A1. T=1616.162, X_AL=0.01, X_C=0.00, X_CR=0.29, X_FE=0.00, X_MN=0.01, X_MO=0.11, X_NB=0.00, X_S=0.00, X_SI=0.00, X_TI=0.00, ΔT=0.500, NL: 0.188, NP(LIQUID)=0.981 NP(FCC_A1)=0.019 
Adding points to LIQUID. Adding points to FCC_A1. T=1615.662, X_AL=0.01, X_C=0.00, X_CR=0.29, X_FE=0.00, X_MN=0.01, X_MO=0.11, X_NB=0.00, X_S=0.00, X_SI=0.00, X_TI=0.00, ΔT=0.500, NL: 0.184, NP(LIQUID)=0.981 NP(FCC_A1)=0.019 
Adding points to LIQUID. Adding points to FCC_A1. T=1615.162, X_AL=0.01, X_C=0.00, X_CR=0.29, X_FE=0.00, X_MN=0.01, X_MO=0.11, X_NB=0.00, X_S=0.00, X_SI=0.00, X_TI=0.00, ΔT=0.500, NL: 0.181, NP(LIQUID)=0.981 NP(FCC_A1)=0.019 
Adding points to LIQUID. Adding points to FCC_A1. T=1614.662, X_AL=0.01, X_C=0.00, X_CR=0.30, X_FE=0.00, X_MN=0.01, X_MO=0.11, X_NB=0.00, X_S=0.00, X_SI=0.00, X_TI=0.00, ΔT=0.500, NL: 0.178, NP(LIQUID)=0.981 NP(FCC_A1)=0.019 
Adding points to LIQUID. Adding points to FCC_A1. T=1614.162, X_AL=0.01, X_C=0.00, X_CR=0.30, X_FE=0.00, X_MN=0.01, X_MO=0.11, X_NB=0.00, X_S=0.00, X_SI=0.00, X_TI=0.00, ΔT=0.500, NL: 0.174, NP(LIQUID)=0.981 NP(FCC_A1)=0.019 
Adding points to LIQUID. Adding points to FCC_A1. T=1613.662, X_AL=0.01, X_C=0.00, X_CR=0.30, X_FE=0.00, X_MN=0.01, X_MO=0.11, X_NB=0.00, X_S=0.00, X_SI=0.00, X_TI=0.00, ΔT=0.500, NL: 0.171, NP(LIQUID)=0.982 NP(FCC_A1)=0.018 
Adding points to FCC_A1. Adding points to LIQUID. T=1613.162, X_AL=0.01, X_C=0.00, X_CR=0.30, X_FE=0.00, X_MN=0.01, X_MO=0.11, X_NB=0.00, X_S=0.00, X_SI=0.00, X_TI=0.00, ΔT=0.500, NL: 0.168, NP(LIQUID)=0.982 NP(FCC_A1)=0.018 
Adding points to FCC_A1. Adding points to LIQUID. T=1612.662, X_AL=0.01, X_C=0.00, X_CR=0.30, X_FE=0.00, X_MN=0.01, X_MO=0.11, X_NB=0.00, X_S=0.00, X_SI=0.00, X_TI=0.00, ΔT=0.500, NL: 0.165, NP(LIQUID)=0.982 NP(FCC_A1)=0.018 
Adding points to LIQUID. Adding points to FCC_A1. T=1612.162, X_AL=0.01, X_C=0.00, X_CR=0.30, X_FE=0.00, X_MN=0.01, X_MO=0.11, X_NB=0.00, X_S=0.00, X_SI=0.00, X_TI=0.00, ΔT=0.500, NL: 0.162, NP(LIQUID)=0.982 NP(FCC_A1)=0.018 
Adding points to LIQUID. Adding points to FCC_A1. T=1611.662, X_AL=0.01, X_C=0.00, X_CR=0.30, X_FE=0.00, X_MN=0.01, X_MO=0.11, X_NB=0.00, X_S=0.00, X_SI=0.00, X_TI=0.00, ΔT=0.500, NL: 0.159, NP(LIQUID)=0.982 NP(FCC_A1)=0.018 
Adding points to LIQUID. Adding points to FCC_A1. T=1611.162, X_AL=0.01, X_C=0.00, X_CR=0.30, X_FE=0.00, X_MN=0.01, X_MO=0.11, X_NB=0.00, X_S=0.00, X_SI=0.00, X_TI=0.00, ΔT=0.500, NL: 0.156, NP(LIQUID)=0.982 NP(FCC_A1)=0.018 
Adding points to LIQUID. Adding points to FCC_A1. T=1610.662, X_AL=0.01, X_C=0.00, X_CR=0.30, X_FE=0.00, X_MN=0.01, X_MO=0.11, X_NB=0.00, X_S=0.00, X_SI=0.00, X_TI=0.00, ΔT=0.500, NL: 0.154, NP(LIQUID)=0.982 NP(FCC_A1)=0.018 
Adding points to LIQUID. Adding points to FCC_A1. T=1610.162, X_AL=0.01, X_C=0.00, X_CR=0.30, X_FE=0.00, X_MN=0.01, X_MO=0.11, X_NB=0.00, X_S=0.00, X_SI=0.00, X_TI=0.00, ΔT=0.500, NL: 0.151, NP(LIQUID)=0.983 NP(FCC_A1)=0.017 
Adding points to LIQUID. Adding points to FCC_A1. T=1609.662, X_AL=0.01, X_C=0.00, X_CR=0.30, X_FE=0.00, X_MN=0.01, X_MO=0.11, X_NB=0.00, X_S=0.00, X_SI=0.00, X_TI=0.00, ΔT=0.500, NL: 0.148, NP(LIQUID)=0.983 NP(FCC_A1)=0.017 
Adding points to LIQUID. Adding points to FCC_A1. T=1609.162, X_AL=0.01, X_C=0.00, X_CR=0.30, X_FE=0.00, X_MN=0.01, X_MO=0.11, X_NB=0.00, X_S=0.00, X_SI=0.00, X_TI=0.00, ΔT=0.500, NL: 0.146, NP(LIQUID)=0.983 NP(FCC_A1)=0.017 
Adding points to TIS. Adding points to LIQUID. Adding points to FCC_A1. New phases seen: {'TIS'}. T=1608.662, X_AL=0.01, X_C=0.00, X_CR=0.30, X_FE=0.00, X_MN=0.01, X_MO=0.11, X_NB=0.00, X_S=0.00, X_SI=0.00, X_TI=0.00, ΔT=0.500, NL: 0.143, NP(LIQUID)=0.979 NP(FCC_A1)=0.021 NP(TIS)=0.000 
Adding points to TIS. Adding points to LIQUID. Adding points to FCC_A1. T=1608.162, X_AL=0.01, X_C=0.00, X_CR=0.30, X_FE=0.00, X_MN=0.01, X_MO=0.11, X_NB=0.00, X_S=0.00, X_SI=0.00, X_TI=0.00, ΔT=0.500, NL: 0.139, NP(LIQUID)=0.976 NP(FCC_A1)=0.024 NP(TIS)=0.000 
Adding points to TIS. Adding points to FCC_A1. Adding points to LIQUID. T=1607.662, X_AL=0.01, X_C=0.00, X_CR=0.30, X_FE=0.00, X_MN=0.01, X_MO=0.11, X_NB=0.00, X_S=0.00, X_SI=0.00, X_TI=0.00, ΔT=0.500, NL: 0.136, NP(LIQUID)=0.976 NP(FCC_A1)=0.024 NP(TIS)=0.000 
Adding points to FCC_A1. Adding points to LIQUID. Adding points to TIS. T=1607.162, X_AL=0.01, X_C=0.00, X_CR=0.30, X_FE=0.00, X_MN=0.01, X_MO=0.11, X_NB=0.00, X_S=0.00, X_SI=0.00, X_TI=0.00, ΔT=0.500, NL: 0.133, NP(LIQUID)=0.976 NP(FCC_A1)=0.024 NP(TIS)=0.000 
Adding points to LIQUID. Adding points to FCC_A1. Adding points to TIS. T=1606.662, X_AL=0.01, X_C=0.00, X_CR=0.30, X_FE=0.00, X_MN=0.01, X_MO=0.11, X_NB=0.00, X_S=0.00, X_SI=0.00, X_TI=0.00, ΔT=0.500, NL: 0.129, NP(LIQUID)=0.977 NP(FCC_A1)=0.023 NP(TIS)=0.000 
Adding points to LIQUID. Adding points to FCC_A1. Adding points to TIS. T=1606.162, X_AL=0.01, X_C=0.00, X_CR=0.30, X_FE=0.00, X_MN=0.01, X_MO=0.11, X_NB=0.00, X_S=0.00, X_SI=0.00, X_TI=0.00, ΔT=0.500, NL: 0.126, NP(LIQUID)=0.977 NP(FCC_A1)=0.023 NP(TIS)=0.000 
Adding points to LIQUID. Adding points to FCC_A1. Adding points to TIS. T=1605.662, X_AL=0.01, X_C=0.00, X_CR=0.30, X_FE=0.00, X_MN=0.01, X_MO=0.11, X_NB=0.00, X_S=0.00, X_SI=0.00, X_TI=0.00, ΔT=0.500, NL: 0.124, NP(LIQUID)=0.977 NP(FCC_A1)=0.023 NP(TIS)=0.000 
Adding points to LIQUID. Adding points to FCC_A1. Adding points to TIS. T=1605.162, X_AL=0.01, X_C=0.00, X_CR=0.30, X_FE=0.00, X_MN=0.01, X_MO=0.11, X_NB=0.00, X_S=0.00, X_SI=0.00, X_TI=0.00, ΔT=0.500, NL: 0.121, NP(LIQUID)=0.977 NP(FCC_A1)=0.023 NP(TIS)=0.000 
Adding points to FCC_A1. Adding points to LIQUID. Adding points to MNS_Q. Adding points to TIS. New phases seen: {'MNS_Q'}. T=1604.662, X_AL=0.01, X_C=0.00, X_CR=0.30, X_FE=0.00, X_MN=0.01, X_MO=0.11, X_NB=0.00, X_S=0.00, X_SI=0.00, X_TI=0.00, ΔT=0.500, NL: 0.118, NP(LIQUID)=0.977 NP(FCC_A1)=0.023 NP(MNS_Q)=0.000 NP(TIS)=0.000 
Adding points to FCC_A1. Adding points to LIQUID. Adding points to MNS_Q. Adding points to TIS. T=1604.162, X_AL=0.01, X_C=0.00, X_CR=0.30, X_FE=0.00, X_MN=0.01, X_MO=0.11, X_NB=0.00, X_S=0.00, X_SI=0.00, X_TI=0.00, ΔT=0.500, NL: 0.115, NP(LIQUID)=0.974 NP(FCC_A1)=0.025 NP(MNS_Q)=0.000 NP(TIS)=0.000 
Adding points to LIQUID. Adding points to MNS_Q. Adding points to FCC_A1. Adding points to TIS. T=1603.662, X_AL=0.01, X_C=0.00, X_CR=0.30, X_FE=0.00, X_MN=0.01, X_MO=0.11, X_NB=0.00, X_S=0.00, X_SI=0.00, X_TI=0.00, ΔT=0.500, NL: 0.112, NP(LIQUID)=0.975 NP(FCC_A1)=0.025 NP(MNS_Q)=0.000 NP(TIS)=0.000 
Adding points to LIQUID. Adding points to MNS_Q. Adding points to FCC_A1. Adding points to TIS. T=1603.162, X_AL=0.01, X_C=0.00, X_CR=0.30, X_FE=0.00, X_MN=0.01, X_MO=0.11, X_NB=0.00, X_S=0.00, X_SI=0.00, X_TI=0.00, ΔT=0.500, NL: 0.109, NP(LIQUID)=0.975 NP(FCC_A1)=0.025 NP(MNS_Q)=0.000 NP(TIS)=0.000 
Adding points to LIQUID. Adding points to FCC_A1. Adding points to MNS_Q. Adding points to TIS. T=1602.662, X_AL=0.01, X_C=0.00, X_CR=0.30, X_FE=0.00, X_MN=0.01, X_MO=0.12, X_NB=0.00, X_S=0.00, X_SI=0.00, X_TI=0.00, ΔT=0.500, NL: 0.107, NP(LIQUID)=0.976 NP(FCC_A1)=0.024 NP(MNS_Q)=0.000 NP(TIS)=0.000 
Adding points to FCC_A1. Adding points to MNS_Q. Adding points to LIQUID. Adding points to TIS. T=1602.162, X_AL=0.01, X_C=0.00, X_CR=0.30, X_FE=0.00, X_MN=0.01, X_MO=0.12, X_NB=0.00, X_S=0.00, X_SI=0.00, X_TI=0.00, ΔT=0.500, NL: 0.104, NP(LIQUID)=0.976 NP(FCC_A1)=0.024 NP(MNS_Q)=0.000 NP(TIS)=0.000 
Adding points to FCC_A1. Adding points to MNS_Q. Adding points to LIQUID. Adding points to TIS. T=1601.662, X_AL=0.01, X_C=0.00, X_CR=0.30, X_FE=0.00, X_MN=0.01, X_MO=0.12, X_NB=0.00, X_S=0.00, X_SI=0.00, X_TI=0.00, ΔT=0.500, NL: 0.102, NP(LIQUID)=0.976 NP(FCC_A1)=0.024 NP(MNS_Q)=0.000 NP(TIS)=0.000 
Adding points to FCC_A1. Adding points to LIQUID. Adding points to MNS_Q. Adding points to TIS. T=1601.162, X_AL=0.01, X_C=0.00, X_CR=0.30, X_FE=0.00, X_MN=0.01, X_MO=0.12, X_NB=0.00, X_S=0.00, X_SI=0.00, X_TI=0.00, ΔT=0.500, NL: 0.099, NP(LIQUID)=0.976 NP(FCC_A1)=0.023 NP(MNS_Q)=0.000 NP(TIS)=0.000 
Adding points to LIQUID. Adding points to MNS_Q. Adding points to FCC_A1. Adding points to TIS. T=1600.662, X_AL=0.01, X_C=0.00, X_CR=0.30, X_FE=0.00, X_MN=0.01, X_MO=0.12, X_NB=0.00, X_S=0.00, X_SI=0.00, X_TI=0.00, ΔT=0.500, NL: 0.097, NP(LIQUID)=0.977 NP(FCC_A1)=0.023 NP(MNS_Q)=0.000 NP(TIS)=0.000 
Adding points to LIQUID. Adding points to MNS_Q. Adding points to FCC_A1. Adding points to TIS. T=1600.162, X_AL=0.01, X_C=0.00, X_CR=0.30, X_FE=0.00, X_MN=0.01, X_MO=0.12, X_NB=0.00, X_S=0.00, X_SI=0.00, X_TI=0.00, ΔT=0.500, NL: 0.095, NP(LIQUID)=0.977 NP(FCC_A1)=0.023 NP(MNS_Q)=0.000 NP(TIS)=0.000 
Adding points to FCC_A1. Adding points to MNS_Q. Adding points to LIQUID. Adding points to TIS. T=1599.662, X_AL=0.01, X_C=0.00, X_CR=0.31, X_FE=0.00, X_MN=0.01, X_MO=0.12, X_NB=0.00, X_S=0.00, X_SI=0.00, X_TI=0.00, ΔT=0.500, NL: 0.092, NP(LIQUID)=0.977 NP(FCC_A1)=0.023 NP(MNS_Q)=0.000 NP(TIS)=0.000 
Adding points to FCC_A1. Adding points to MNS_Q. Adding points to LIQUID. Adding points to TIS. T=1599.162, X_AL=0.01, X_C=0.00, X_CR=0.31, X_FE=0.00, X_MN=0.01, X_MO=0.12, X_NB=0.00, X_S=0.00, X_SI=0.00, X_TI=0.00, ΔT=0.500, NL: 0.090, NP(LIQUID)=0.978 NP(FCC_A1)=0.022 NP(MNS_Q)=0.000 NP(TIS)=0.000 
Adding points to FCC_A1. Adding points to LIQUID. Adding points to MNS_Q. Adding points to TIS. T=1598.662, X_AL=0.01, X_C=0.00, X_CR=0.31, X_FE=0.00, X_MN=0.01, X_MO=0.12, X_NB=0.00, X_S=0.00, X_SI=0.00, X_TI=0.00, ΔT=0.500, NL: 0.088, NP(LIQUID)=0.978 NP(FCC_A1)=0.022 NP(MNS_Q)=0.000 NP(TIS)=0.000 
Adding points to FCC_A1. Adding points to LIQUID. Adding points to MNS_Q. Adding points to TIS. T=1598.162, X_AL=0.01, X_C=0.00, X_CR=0.31, X_FE=0.00, X_MN=0.01, X_MO=0.12, X_NB=0.00, X_S=0.00, X_SI=0.00, X_TI=0.00, ΔT=0.500, NL: 0.086, NP(LIQUID)=0.978 NP(FCC_A1)=0.022 NP(MNS_Q)=0.000 NP(TIS)=0.000 
Adding points to LIQUID. Adding points to FCC_A1. Adding points to MNS_Q. Adding points to TIS. T=1597.662, X_AL=0.01, X_C=0.00, X_CR=0.31, X_FE=0.00, X_MN=0.01, X_MO=0.12, X_NB=0.00, X_S=0.00, X_SI=0.00, X_TI=0.00, ΔT=0.500, NL: 0.085, NP(LIQUID)=0.978 NP(FCC_A1)=0.021 NP(MNS_Q)=0.000 NP(TIS)=0.000 
Adding points to FCC_A1. Adding points to MNS_Q. Adding points to LIQUID. Adding points to TIS. T=1597.162, X_AL=0.01, X_C=0.00, X_CR=0.31, X_FE=0.00, X_MN=0.01, X_MO=0.12, X_NB=0.00, X_S=0.00, X_SI=0.00, X_TI=0.00, ΔT=0.500, NL: 0.083, NP(LIQUID)=0.979 NP(FCC_A1)=0.021 NP(MNS_Q)=0.000 NP(TIS)=0.000 
Adding points to LIQUID. Adding points to FCC_A1. Adding points to MNS_Q. Adding points to TIS. T=1596.662, X_AL=0.01, X_C=0.00, X_CR=0.31, X_FE=0.00, X_MN=0.01, X_MO=0.12, X_NB=0.00, X_S=0.00, X_SI=0.00, X_TI=0.00, ΔT=0.500, NL: 0.081, NP(LIQUID)=0.979 NP(FCC_A1)=0.021 NP(MNS_Q)=0.000 NP(TIS)=0.000 
Adding points to LIQUID. Adding points to FCC_A1. Adding points to MNS_Q. Adding points to TIS. T=1596.162, X_AL=0.01, X_C=0.00, X_CR=0.31, X_FE=0.00, X_MN=0.01, X_MO=0.12, X_NB=0.00, X_S=0.00, X_SI=0.01, X_TI=0.00, ΔT=0.500, NL: 0.079, NP(LIQUID)=0.979 NP(FCC_A1)=0.021 NP(MNS_Q)=0.000 NP(TIS)=0.000 
Adding points to FCC_A1. Adding points to LIQUID. Adding points to MNS_Q. Adding points to TIS. T=1595.662, X_AL=0.01, X_C=0.00, X_CR=0.31, X_FE=0.00, X_MN=0.01, X_MO=0.12, X_NB=0.00, X_S=0.00, X_SI=0.01, X_TI=0.00, ΔT=0.500, NL: 0.078, NP(LIQUID)=0.979 NP(FCC_A1)=0.020 NP(MNS_Q)=0.000 NP(TIS)=0.000 
Adding points to FCC_A1. Adding points to MNS_Q. Adding points to LIQUID. Adding points to TIS. T=1595.162, X_AL=0.01, X_C=0.00, X_CR=0.31, X_FE=0.00, X_MN=0.01, X_MO=0.12, X_NB=0.00, X_S=0.00, X_SI=0.01, X_TI=0.00, ΔT=0.500, NL: 0.076, NP(LIQUID)=0.980 NP(FCC_A1)=0.020 NP(MNS_Q)=0.000 NP(TIS)=0.000 
Adding points to FCC_A1. Adding points to MNS_Q. Adding points to LIQUID. Adding points to TIS. T=1594.662, X_AL=0.01, X_C=0.00, X_CR=0.31, X_FE=0.00, X_MN=0.01, X_MO=0.12, X_NB=0.00, X_S=0.00, X_SI=0.01, X_TI=0.00, ΔT=0.500, NL: 0.075, NP(LIQUID)=0.980 NP(FCC_A1)=0.020 NP(MNS_Q)=0.000 NP(TIS)=0.000 
Adding points to FCC_A1. Adding points to MNS_Q. Adding points to LIQUID. Adding points to TIS. T=1594.162, X_AL=0.01, X_C=0.00, X_CR=0.31, X_FE=0.00, X_MN=0.01, X_MO=0.12, X_NB=0.00, X_S=0.00, X_SI=0.01, X_TI=0.00, ΔT=0.500, NL: 0.073, NP(LIQUID)=0.980 NP(FCC_A1)=0.020 NP(MNS_Q)=0.000 NP(TIS)=0.000 
Adding points to FCC_A1. Adding points to MNS_Q. Adding points to LIQUID. Adding points to TIS. T=1593.662, X_AL=0.01, X_C=0.00, X_CR=0.31, X_FE=0.00, X_MN=0.01, X_MO=0.12, X_NB=0.00, X_S=0.00, X_SI=0.01, X_TI=0.00, ΔT=0.500, NL: 0.072, NP(LIQUID)=0.980 NP(FCC_A1)=0.020 NP(MNS_Q)=0.000 NP(TIS)=0.000 
Adding points to FCC_A1. Adding points to MNS_Q. Adding points to LIQUID. Adding points to TIS. T=1593.162, X_AL=0.01, X_C=0.00, X_CR=0.31, X_FE=0.00, X_MN=0.01, X_MO=0.12, X_NB=0.00, X_S=0.00, X_SI=0.01, X_TI=0.00, ΔT=0.500, NL: 0.070, NP(LIQUID)=0.981 NP(FCC_A1)=0.019 NP(MNS_Q)=0.000 NP(TIS)=0.000 
Adding points to FCC_A1. Adding points to LIQUID. Adding points to MNS_Q. Adding points to TIS. T=1592.662, X_AL=0.01, X_C=0.00, X_CR=0.31, X_FE=0.00, X_MN=0.01, X_MO=0.12, X_NB=0.00, X_S=0.00, X_SI=0.01, X_TI=0.00, ΔT=0.500, NL: 0.069, NP(LIQUID)=0.981 NP(FCC_A1)=0.019 NP(MNS_Q)=0.000 NP(TIS)=0.000 
Adding points to FCC_A1. Adding points to LIQUID. Adding points to MNS_Q. Adding points to TIS. T=1592.162, X_AL=0.01, X_C=0.00, X_CR=0.31, X_FE=0.00, X_MN=0.01, X_MO=0.12, X_NB=0.00, X_S=0.00, X_SI=0.01, X_TI=0.00, ΔT=0.500, NL: 0.068, NP(LIQUID)=0.981 NP(FCC_A1)=0.019 NP(MNS_Q)=0.000 NP(TIS)=0.000 
Adding points to FCC_A1. Adding points to MNS_Q. Adding points to LIQUID. Adding points to TIS. T=1591.662, X_AL=0.01, X_C=0.00, X_CR=0.31, X_FE=0.00, X_MN=0.01, X_MO=0.12, X_NB=0.00, X_S=0.00, X_SI=0.01, X_TI=0.00, ΔT=0.500, NL: 0.066, NP(LIQUID)=0.981 NP(FCC_A1)=0.019 NP(MNS_Q)=0.000 NP(TIS)=0.000 
Adding points to FCC_A1. Adding points to MNS_Q. Adding points to LIQUID. Adding points to TIS. T=1591.162, X_AL=0.01, X_C=0.00, X_CR=0.31, X_FE=0.00, X_MN=0.01, X_MO=0.12, X_NB=0.00, X_S=0.00, X_SI=0.01, X_TI=0.00, ΔT=0.500, NL: 0.065, NP(LIQUID)=0.981 NP(FCC_A1)=0.019 NP(MNS_Q)=0.000 NP(TIS)=0.000 
Adding points to LIQUID. Adding points to FCC_A1. Adding points to MNS_Q. Adding points to TIS. T=1590.662, X_AL=0.01, X_C=0.00, X_CR=0.31, X_FE=0.00, X_MN=0.01, X_MO=0.13, X_NB=0.00, X_S=0.00, X_SI=0.01, X_TI=0.00, ΔT=0.500, NL: 0.064, NP(LIQUID)=0.982 NP(FCC_A1)=0.018 NP(MNS_Q)=0.000 NP(TIS)=0.000 
Adding points to FCC_A1. Adding points to LIQUID. Adding points to MNS_Q. Adding points to TIS. T=1590.162, X_AL=0.01, X_C=0.00, X_CR=0.31, X_FE=0.00, X_MN=0.01, X_MO=0.13, X_NB=0.00, X_S=0.00, X_SI=0.01, X_TI=0.00, ΔT=0.500, NL: 0.063, NP(LIQUID)=0.982 NP(FCC_A1)=0.018 NP(MNS_Q)=0.000 NP(TIS)=0.000 
Adding points to FCC_A1. Adding points to LIQUID. Adding points to MNS_Q. Adding points to TIS. T=1589.662, X_AL=0.01, X_C=0.00, X_CR=0.31, X_FE=0.00, X_MN=0.01, X_MO=0.13, X_NB=0.00, X_S=0.00, X_SI=0.01, X_TI=0.00, ΔT=0.500, NL: 0.062, NP(LIQUID)=0.982 NP(FCC_A1)=0.018 NP(MNS_Q)=0.000 NP(TIS)=0.000 
Adding points to FCC_A1. Adding points to LIQUID. Adding points to MNS_Q. Adding points to TIS. T=1589.162, X_AL=0.01, X_C=0.00, X_CR=0.31, X_FE=0.00, X_MN=0.01, X_MO=0.13, X_NB=0.00, X_S=0.00, X_SI=0.01, X_TI=0.00, ΔT=0.500, NL: 0.060, NP(LIQUID)=0.982 NP(FCC_A1)=0.018 NP(MNS_Q)=0.000 NP(TIS)=0.000 
Adding points to FCC_A1. Adding points to LIQUID. Adding points to MNS_Q. Adding points to TIS. T=1588.662, X_AL=0.01, X_C=0.00, X_CR=0.31, X_FE=0.00, X_MN=0.01, X_MO=0.13, X_NB=0.00, X_S=0.00, X_SI=0.01, X_TI=0.00, ΔT=0.500, NL: 0.059, NP(LIQUID)=0.982 NP(FCC_A1)=0.018 NP(MNS_Q)=0.000 NP(TIS)=0.000 
Adding points to FCC_A1. Adding points to LIQUID. Adding points to MNS_Q. Adding points to TIS. T=1588.162, X_AL=0.01, X_C=0.00, X_CR=0.31, X_FE=0.00, X_MN=0.01, X_MO=0.13, X_NB=0.00, X_S=0.00, X_SI=0.01, X_TI=0.00, ΔT=0.500, NL: 0.058, NP(LIQUID)=0.982 NP(FCC_A1)=0.017 NP(MNS_Q)=0.000 NP(TIS)=0.000 
Adding points to FCC_A1. Adding points to MNS_Q. Adding points to LIQUID. Adding points to TIS. T=1587.662, X_AL=0.01, X_C=0.00, X_CR=0.31, X_FE=0.00, X_MN=0.01, X_MO=0.13, X_NB=0.00, X_S=0.00, X_SI=0.01, X_TI=0.00, ΔT=0.500, NL: 0.057, NP(LIQUID)=0.983 NP(FCC_A1)=0.017 NP(MNS_Q)=0.000 NP(TIS)=0.000 
Adding points to LIQUID. Adding points to FCC_A1. Adding points to MNS_Q. Adding points to TIS. T=1587.162, X_AL=0.01, X_C=0.00, X_CR=0.31, X_FE=0.00, X_MN=0.01, X_MO=0.13, X_NB=0.00, X_S=0.00, X_SI=0.01, X_TI=0.00, ΔT=0.500, NL: 0.056, NP(LIQUID)=0.983 NP(FCC_A1)=0.017 NP(MNS_Q)=0.000 NP(TIS)=0.000 
Adding points to FCC_A1. Adding points to MNS_Q. Adding points to LIQUID. Adding points to TIS. T=1586.662, X_AL=0.01, X_C=0.00, X_CR=0.31, X_FE=0.00, X_MN=0.01, X_MO=0.13, X_NB=0.00, X_S=0.00, X_SI=0.01, X_TI=0.00, ΔT=0.500, NL: 0.055, NP(LIQUID)=0.983 NP(FCC_A1)=0.017 NP(MNS_Q)=0.000 NP(TIS)=0.000 
Adding points to FCC_A1. Adding points to LIQUID. Adding points to MNS_Q. Adding points to TIS. T=1586.162, X_AL=0.01, X_C=0.00, X_CR=0.31, X_FE=0.00, X_MN=0.01, X_MO=0.13, X_NB=0.00, X_S=0.00, X_SI=0.01, X_TI=0.00, ΔT=0.500, NL: 0.054, NP(LIQUID)=0.983 NP(FCC_A1)=0.017 NP(MNS_Q)=0.000 NP(TIS)=0.000 
Adding points to LIQUID. Adding points to FCC_A1. Adding points to MNS_Q. Adding points to TIS. T=1585.662, X_AL=0.01, X_C=0.00, X_CR=0.31, X_FE=0.00, X_MN=0.01, X_MO=0.13, X_NB=0.00, X_S=0.00, X_SI=0.01, X_TI=0.00, ΔT=0.500, NL: 0.054, NP(LIQUID)=0.983 NP(FCC_A1)=0.017 NP(MNS_Q)=0.000 NP(TIS)=0.000 
Adding points to MNS_Q. Adding points to LIQUID. Adding points to FCC_A1. Adding points to TIS. T=1585.162, X_AL=0.01, X_C=0.00, X_CR=0.32, X_FE=0.00, X_MN=0.01, X_MO=0.13, X_NB=0.00, X_S=0.00, X_SI=0.01, X_TI=0.00, ΔT=0.500, NL: 0.053, NP(LIQUID)=0.983 NP(FCC_A1)=0.017 NP(MNS_Q)=0.000 NP(TIS)=0.000 
Adding points to MNS_Q. Adding points to LIQUID. Adding points to FCC_A1. Adding points to TIS. T=1584.662, X_AL=0.01, X_C=0.00, X_CR=0.32, X_FE=0.00, X_MN=0.01, X_MO=0.13, X_NB=0.00, X_S=0.00, X_SI=0.01, X_TI=0.00, ΔT=0.500, NL: 0.052, NP(LIQUID)=0.984 NP(FCC_A1)=0.016 NP(MNS_Q)=0.000 NP(TIS)=0.000 
Adding points to FCC_A1. Adding points to LIQUID. Adding points to MNS_Q. Adding points to TIS. T=1584.162, X_AL=0.01, X_C=0.00, X_CR=0.32, X_FE=0.00, X_MN=0.01, X_MO=0.13, X_NB=0.00, X_S=0.00, X_SI=0.01, X_TI=0.00, ΔT=0.500, NL: 0.051, NP(LIQUID)=0.984 NP(FCC_A1)=0.016 NP(MNS_Q)=0.000 NP(TIS)=0.000 
Adding points to MNS_Q. Adding points to LIQUID. Adding points to FCC_A1. Adding points to TIS. T=1583.662, X_AL=0.01, X_C=0.00, X_CR=0.32, X_FE=0.00, X_MN=0.01, X_MO=0.13, X_NB=0.00, X_S=0.00, X_SI=0.01, X_TI=0.00, ΔT=0.500, NL: 0.050, NP(LIQUID)=0.984 NP(FCC_A1)=0.016 NP(MNS_Q)=0.000 NP(TIS)=0.000 
Adding points to LIQUID. Adding points to MNS_Q. Adding points to FCC_A1. Adding points to TIS. T=1583.162, X_AL=0.01, X_C=0.00, X_CR=0.32, X_FE=0.00, X_MN=0.01, X_MO=0.13, X_NB=0.00, X_S=0.00, X_SI=0.01, X_TI=0.00, ΔT=0.500, NL: 0.049, NP(LIQUID)=0.984 NP(FCC_A1)=0.016 NP(MNS_Q)=0.000 NP(TIS)=0.000 
Adding points to LIQUID. Adding points to MNS_Q. Adding points to FCC_A1. Adding points to TIS. T=1582.662, X_AL=0.01, X_C=0.00, X_CR=0.32, X_FE=0.00, X_MN=0.01, X_MO=0.13, X_NB=0.00, X_S=0.00, X_SI=0.01, X_TI=0.00, ΔT=0.500, NL: 0.049, NP(LIQUID)=0.984 NP(FCC_A1)=0.016 NP(MNS_Q)=0.000 NP(TIS)=0.000 
Adding points to FCC_A1. Adding points to LIQUID. Adding points to MNS_Q. Adding points to TIS. T=1582.162, X_AL=0.01, X_C=0.00, X_CR=0.32, X_FE=0.00, X_MN=0.01, X_MO=0.13, X_NB=0.00, X_S=0.00, X_SI=0.01, X_TI=0.00, ΔT=0.500, NL: 0.048, NP(LIQUID)=0.984 NP(FCC_A1)=0.016 NP(MNS_Q)=0.000 NP(TIS)=0.000 
Adding points to LIQUID. Adding points to MNS_Q. Adding points to FCC_A1. Adding points to TIS. T=1581.662, X_AL=0.01, X_C=0.00, X_CR=0.32, X_FE=0.00, X_MN=0.01, X_MO=0.13, X_NB=0.00, X_S=0.00, X_SI=0.01, X_TI=0.00, ΔT=0.500, NL: 0.047, NP(LIQUID)=0.984 NP(FCC_A1)=0.016 NP(MNS_Q)=0.000 NP(TIS)=0.000 
Adding points to FCC_A1. Adding points to LIQUID. Adding points to MNS_Q. Adding points to TIS. T=1581.162, X_AL=0.01, X_C=0.00, X_CR=0.32, X_FE=0.00, X_MN=0.01, X_MO=0.13, X_NB=0.00, X_S=0.00, X_SI=0.01, X_TI=0.00, ΔT=0.500, NL: 0.046, NP(LIQUID)=0.985 NP(FCC_A1)=0.015 NP(MNS_Q)=0.000 NP(TIS)=0.000 
Adding points to FCC_A1. Adding points to LIQUID. Adding points to MNS_Q. Adding points to TIS. T=1580.662, X_AL=0.01, X_C=0.00, X_CR=0.32, X_FE=0.00, X_MN=0.01, X_MO=0.13, X_NB=0.00, X_S=0.00, X_SI=0.01, X_TI=0.00, ΔT=0.500, NL: 0.046, NP(LIQUID)=0.985 NP(FCC_A1)=0.015 NP(MNS_Q)=0.000 NP(TIS)=0.000 
Adding points to FCC_A1. Adding points to LIQUID. Adding points to MNS_Q. Adding points to TIS. T=1580.162, X_AL=0.01, X_C=0.00, X_CR=0.32, X_FE=0.00, X_MN=0.01, X_MO=0.13, X_NB=0.00, X_S=0.00, X_SI=0.01, X_TI=0.00, ΔT=0.500, NL: 0.045, NP(LIQUID)=0.985 NP(FCC_A1)=0.015 NP(MNS_Q)=0.000 NP(TIS)=0.000 
Adding points to LIQUID. Adding points to FCC_A1. Adding points to MNS_Q. Adding points to TIS. T=1579.662, X_AL=0.01, X_C=0.00, X_CR=0.32, X_FE=0.00, X_MN=0.01, X_MO=0.13, X_NB=0.00, X_S=0.00, X_SI=0.01, X_TI=0.00, ΔT=0.500, NL: 0.044, NP(LIQUID)=0.985 NP(FCC_A1)=0.015 NP(MNS_Q)=0.000 NP(TIS)=0.000 
Adding points to FCC_A1. Adding points to LIQUID. Adding points to MNS_Q. Adding points to TIS. T=1579.162, X_AL=0.01, X_C=0.00, X_CR=0.32, X_FE=0.00, X_MN=0.01, X_MO=0.13, X_NB=0.00, X_S=0.00, X_SI=0.01, X_TI=0.00, ΔT=0.500, NL: 0.044, NP(LIQUID)=0.985 NP(FCC_A1)=0.015 NP(MNS_Q)=0.000 NP(TIS)=0.000 
Adding points to FCC_A1. Adding points to MNS_Q. Adding points to LIQUID. Adding points to TIS. T=1578.662, X_AL=0.01, X_C=0.00, X_CR=0.32, X_FE=0.00, X_MN=0.01, X_MO=0.13, X_NB=0.00, X_S=0.00, X_SI=0.01, X_TI=0.00, ΔT=0.500, NL: 0.043, NP(LIQUID)=0.985 NP(FCC_A1)=0.015 NP(MNS_Q)=0.000 NP(TIS)=0.000 
Adding points to LIQUID. Adding points to MNS_Q. Adding points to FCC_A1. Adding points to TIS. T=1578.162, X_AL=0.01, X_C=0.00, X_CR=0.32, X_FE=0.00, X_MN=0.01, X_MO=0.13, X_NB=0.00, X_S=0.00, X_SI=0.01, X_TI=0.00, ΔT=0.500, NL: 0.042, NP(LIQUID)=0.985 NP(FCC_A1)=0.015 NP(MNS_Q)=0.000 NP(TIS)=0.000 
Adding points to FCC_A1. Adding points to MNS_Q. Adding points to LIQUID. Adding points to TIS. T=1577.662, X_AL=0.01, X_C=0.00, X_CR=0.32, X_FE=0.00, X_MN=0.01, X_MO=0.13, X_NB=0.00, X_S=0.00, X_SI=0.01, X_TI=0.00, ΔT=0.500, NL: 0.042, NP(LIQUID)=0.985 NP(FCC_A1)=0.015 NP(MNS_Q)=0.000 NP(TIS)=0.000 
Adding points to FCC_A1. Adding points to MNS_Q. Adding points to LIQUID. Adding points to TIS. T=1577.162, X_AL=0.01, X_C=0.00, X_CR=0.32, X_FE=0.00, X_MN=0.01, X_MO=0.13, X_NB=0.00, X_S=0.00, X_SI=0.01, X_TI=0.00, ΔT=0.500, NL: 0.041, NP(LIQUID)=0.986 NP(FCC_A1)=0.014 NP(MNS_Q)=0.000 NP(TIS)=0.000 
Adding points to FCC_A1. Adding points to MNS_Q. Adding points to LIQUID. Adding points to TIS. T=1576.662, X_AL=0.01, X_C=0.00, X_CR=0.32, X_FE=0.00, X_MN=0.01, X_MO=0.13, X_NB=0.00, X_S=0.00, X_SI=0.01, X_TI=0.00, ΔT=0.500, NL: 0.040, NP(LIQUID)=0.986 NP(FCC_A1)=0.014 NP(MNS_Q)=0.000 NP(TIS)=0.000 
Adding points to FCC_A1. Adding points to LIQUID. Adding points to MNS_Q. Adding points to TIS. T=1576.162, X_AL=0.01, X_C=0.01, X_CR=0.32, X_FE=0.00, X_MN=0.01, X_MO=0.14, X_NB=0.00, X_S=0.00, X_SI=0.01, X_TI=0.00, ΔT=0.500, NL: 0.040, NP(LIQUID)=0.986 NP(FCC_A1)=0.014 NP(MNS_Q)=0.000 NP(TIS)=0.000 
Adding points to LIQUID. Adding points to FCC_A1. Adding points to MNS_Q. Adding points to TIS. T=1575.662, X_AL=0.01, X_C=0.01, X_CR=0.32, X_FE=0.00, X_MN=0.01, X_MO=0.14, X_NB=0.00, X_S=0.00, X_SI=0.01, X_TI=0.00, ΔT=0.500, NL: 0.039, NP(LIQUID)=0.986 NP(FCC_A1)=0.014 NP(MNS_Q)=0.000 NP(TIS)=0.000 
Adding points to LIQUID. Adding points to FCC_A1. Adding points to MNS_Q. Adding points to TIS. T=1575.162, X_AL=0.01, X_C=0.01, X_CR=0.32, X_FE=0.00, X_MN=0.01, X_MO=0.14, X_NB=0.00, X_S=0.00, X_SI=0.01, X_TI=0.00, ΔT=0.500, NL: 0.039, NP(LIQUID)=0.986 NP(FCC_A1)=0.014 NP(MNS_Q)=0.000 NP(TIS)=0.000 
Adding points to LIQUID. Adding points to FCC_A1. Adding points to MNS_Q. Adding points to TIS. T=1574.662, X_AL=0.01, X_C=0.01, X_CR=0.32, X_FE=0.00, X_MN=0.01, X_MO=0.14, X_NB=0.00, X_S=0.00, X_SI=0.01, X_TI=0.00, ΔT=0.500, NL: 0.038, NP(LIQUID)=0.986 NP(FCC_A1)=0.014 NP(MNS_Q)=0.000 NP(TIS)=0.000 
Adding points to LIQUID. Adding points to FCC_A1. Adding points to MNS_Q. Adding points to TIS. T=1574.162, X_AL=0.01, X_C=0.01, X_CR=0.32, X_FE=0.00, X_MN=0.01, X_MO=0.14, X_NB=0.00, X_S=0.00, X_SI=0.01, X_TI=0.00, ΔT=0.500, NL: 0.038, NP(LIQUID)=0.986 NP(FCC_A1)=0.014 NP(MNS_Q)=0.000 NP(TIS)=0.000 
Adding points to LIQUID. Adding points to FCC_A1. Adding points to MNS_Q. Adding points to TIS. T=1573.662, X_AL=0.01, X_C=0.01, X_CR=0.32, X_FE=0.00, X_MN=0.01, X_MO=0.14, X_NB=0.00, X_S=0.00, X_SI=0.01, X_TI=0.00, ΔT=0.500, NL: 0.037, NP(LIQUID)=0.986 NP(FCC_A1)=0.014 NP(MNS_Q)=0.000 NP(TIS)=0.000 
Adding points to LIQUID. Adding points to FCC_A1. Adding points to MNS_Q. Adding points to TIS. T=1573.162, X_AL=0.00, X_C=0.01, X_CR=0.32, X_FE=0.00, X_MN=0.01, X_MO=0.14, X_NB=0.00, X_S=0.00, X_SI=0.01, X_TI=0.00, ΔT=0.500, NL: 0.037, NP(LIQUID)=0.986 NP(FCC_A1)=0.014 NP(MNS_Q)=0.000 NP(TIS)=0.000 
Adding points to LIQUID. Adding points to FCC_A1. Adding points to MNS_Q. Adding points to TIS. T=1572.662, X_AL=0.00, X_C=0.01, X_CR=0.32, X_FE=0.00, X_MN=0.01, X_MO=0.14, X_NB=0.00, X_S=0.00, X_SI=0.01, X_TI=0.00, ΔT=0.500, NL: 0.036, NP(LIQUID)=0.987 NP(FCC_A1)=0.013 NP(MNS_Q)=0.000 NP(TIS)=0.000 
Adding points to LIQUID. Adding points to FCC_A1. Adding points to MNS_Q. Adding points to TIS. T=1572.162, X_AL=0.00, X_C=0.01, X_CR=0.32, X_FE=0.00, X_MN=0.01, X_MO=0.14, X_NB=0.00, X_S=0.00, X_SI=0.01, X_TI=0.00, ΔT=0.500, NL: 0.036, NP(LIQUID)=0.987 NP(FCC_A1)=0.013 NP(MNS_Q)=0.000 NP(TIS)=0.000 
Adding points to FCC_A1. Adding points to LIQUID. Adding points to MNS_Q. Adding points to TIS. T=1571.662, X_AL=0.00, X_C=0.01, X_CR=0.32, X_FE=0.00, X_MN=0.01, X_MO=0.14, X_NB=0.00, X_S=0.00, X_SI=0.01, X_TI=0.00, ΔT=0.500, NL: 0.035, NP(LIQUID)=0.987 NP(FCC_A1)=0.013 NP(MNS_Q)=0.000 NP(TIS)=0.000 
Adding points to LIQUID. Adding points to MNS_Q. Adding points to FCC_A1. Adding points to TIS. T=1571.162, X_AL=0.00, X_C=0.01, X_CR=0.32, X_FE=0.00, X_MN=0.01, X_MO=0.14, X_NB=0.00, X_S=0.00, X_SI=0.01, X_TI=0.00, ΔT=0.500, NL: 0.035, NP(LIQUID)=0.987 NP(FCC_A1)=0.013 NP(MNS_Q)=0.000 NP(TIS)=0.000 
Adding points to LIQUID. Adding points to MNS_Q. Adding points to FCC_A1. Adding points to TIS. T=1570.662, X_AL=0.00, X_C=0.01, X_CR=0.32, X_FE=0.00, X_MN=0.01, X_MO=0.14, X_NB=0.00, X_S=0.00, X_SI=0.01, X_TI=0.00, ΔT=0.500, NL: 0.034, NP(LIQUID)=0.987 NP(FCC_A1)=0.013 NP(MNS_Q)=0.000 NP(TIS)=0.000 
Adding points to LIQUID. Adding points to FCC_A1. Adding points to MNS_Q. Adding points to TIS. T=1570.162, X_AL=0.00, X_C=0.01, X_CR=0.32, X_FE=0.00, X_MN=0.01, X_MO=0.14, X_NB=0.00, X_S=0.00, X_SI=0.01, X_TI=0.00, ΔT=0.500, NL: 0.034, NP(LIQUID)=0.987 NP(FCC_A1)=0.013 NP(MNS_Q)=0.000 NP(TIS)=0.000 
Adding points to FCC_A1. Adding points to LIQUID. Adding points to MNS_Q. Adding points to TIS. T=1569.662, X_AL=0.00, X_C=0.01, X_CR=0.32, X_FE=0.00, X_MN=0.01, X_MO=0.14, X_NB=0.00, X_S=0.00, X_SI=0.01, X_TI=0.00, ΔT=0.500, NL: 0.033, NP(LIQUID)=0.987 NP(FCC_A1)=0.013 NP(MNS_Q)=0.000 NP(TIS)=0.000 
Adding points to LIQUID. Adding points to FCC_A1. Adding points to MNS_Q. Adding points to TIS. T=1569.162, X_AL=0.00, X_C=0.01, X_CR=0.32, X_FE=0.00, X_MN=0.01, X_MO=0.14, X_NB=0.00, X_S=0.00, X_SI=0.01, X_TI=0.00, ΔT=0.500, NL: 0.033, NP(LIQUID)=0.987 NP(FCC_A1)=0.013 NP(MNS_Q)=0.000 NP(TIS)=0.000 
Adding points to FCC_A1. Adding points to LIQUID. Adding points to MNS_Q. Adding points to TIS. T=1568.662, X_AL=0.00, X_C=0.01, X_CR=0.32, X_FE=0.00, X_MN=0.01, X_MO=0.14, X_NB=0.00, X_S=0.00, X_SI=0.01, X_TI=0.00, ΔT=0.500, NL: 0.033, NP(LIQUID)=0.987 NP(FCC_A1)=0.013 NP(MNS_Q)=0.000 NP(TIS)=0.000 
Adding points to LIQUID. Adding points to FCC_A1. Adding points to MNS_Q. Adding points to TIS. T=1568.162, X_AL=0.00, X_C=0.01, X_CR=0.32, X_FE=0.00, X_MN=0.01, X_MO=0.14, X_NB=0.00, X_S=0.00, X_SI=0.01, X_TI=0.00, ΔT=0.500, NL: 0.032, NP(LIQUID)=0.987 NP(FCC_A1)=0.013 NP(MNS_Q)=0.000 NP(TIS)=0.000 
Adding points to FCC_A1. Adding points to LIQUID. Adding points to MNS_Q. Adding points to TIS. T=1567.662, X_AL=0.00, X_C=0.01, X_CR=0.32, X_FE=0.00, X_MN=0.01, X_MO=0.14, X_NB=0.00, X_S=0.00, X_SI=0.01, X_TI=0.00, ΔT=0.500, NL: 0.032, NP(LIQUID)=0.987 NP(FCC_A1)=0.012 NP(MNS_Q)=0.000 NP(TIS)=0.000 
Adding points to LIQUID. Adding points to FCC_A1. Adding points to MNS_Q. Adding points to TIS. T=1567.162, X_AL=0.00, X_C=0.01, X_CR=0.32, X_FE=0.00, X_MN=0.01, X_MO=0.14, X_NB=0.00, X_S=0.00, X_SI=0.01, X_TI=0.00, ΔT=0.500, NL: 0.031, NP(LIQUID)=0.988 NP(FCC_A1)=0.012 NP(MNS_Q)=0.000 NP(TIS)=0.000 
Adding points to LIQUID. Adding points to FCC_A1. Adding points to MNS_Q. Adding points to TIS. T=1566.662, X_AL=0.00, X_C=0.01, X_CR=0.33, X_FE=0.00, X_MN=0.01, X_MO=0.14, X_NB=0.00, X_S=0.00, X_SI=0.01, X_TI=0.00, ΔT=0.500, NL: 0.031, NP(LIQUID)=0.988 NP(FCC_A1)=0.012 NP(MNS_Q)=0.000 NP(TIS)=0.000 
Adding points to FCC_A1. Adding points to LIQUID. Adding points to MNS_Q. Adding points to TIS. T=1566.162, X_AL=0.00, X_C=0.01, X_CR=0.33, X_FE=0.00, X_MN=0.01, X_MO=0.14, X_NB=0.00, X_S=0.00, X_SI=0.01, X_TI=0.00, ΔT=0.500, NL: 0.031, NP(LIQUID)=0.988 NP(FCC_A1)=0.012 NP(MNS_Q)=0.000 NP(TIS)=0.000 
Adding points to FCC_A1. Adding points to LIQUID. Adding points to MNS_Q. Adding points to TIS. T=1565.662, X_AL=0.00, X_C=0.01, X_CR=0.33, X_FE=0.00, X_MN=0.01, X_MO=0.14, X_NB=0.00, X_S=0.00, X_SI=0.01, X_TI=0.00, ΔT=0.500, NL: 0.030, NP(LIQUID)=0.988 NP(FCC_A1)=0.012 NP(MNS_Q)=0.000 NP(TIS)=0.000 
Adding points to FCC_A1. Adding points to LIQUID. Adding points to MNS_Q. Adding points to TIS. T=1565.162, X_AL=0.00, X_C=0.01, X_CR=0.33, X_FE=0.00, X_MN=0.01, X_MO=0.14, X_NB=0.00, X_S=0.00, X_SI=0.01, X_TI=0.00, ΔT=0.500, NL: 0.030, NP(LIQUID)=0.988 NP(FCC_A1)=0.012 NP(MNS_Q)=0.000 NP(TIS)=0.000 
Adding points to MNS_Q. Adding points to FCC_A1. Adding points to LIQUID. Adding points to TIS. T=1564.662, X_AL=0.00, X_C=0.01, X_CR=0.33, X_FE=0.00, X_MN=0.01, X_MO=0.14, X_NB=0.00, X_S=0.00, X_SI=0.01, X_TI=0.00, ΔT=0.500, NL: 0.030, NP(LIQUID)=0.988 NP(FCC_A1)=0.012 NP(MNS_Q)=0.000 NP(TIS)=0.000 
Adding points to MNS_Q. Adding points to LIQUID. Adding points to FCC_A1. Adding points to TIS. T=1564.162, X_AL=0.00, X_C=0.01, X_CR=0.33, X_FE=0.00, X_MN=0.01, X_MO=0.14, X_NB=0.00, X_S=0.00, X_SI=0.01, X_TI=0.00, ΔT=0.500, NL: 0.029, NP(LIQUID)=0.988 NP(FCC_A1)=0.012 NP(MNS_Q)=0.000 NP(TIS)=0.000 
Adding points to MNS_Q. Adding points to LIQUID. Adding points to FCC_A1. Adding points to TIS. T=1563.662, X_AL=0.00, X_C=0.01, X_CR=0.33, X_FE=0.00, X_MN=0.01, X_MO=0.14, X_NB=0.00, X_S=0.00, X_SI=0.01, X_TI=0.00, ΔT=0.500, NL: 0.029, NP(LIQUID)=0.988 NP(FCC_A1)=0.012 NP(MNS_Q)=0.000 NP(TIS)=0.000 
Adding points to MNS_Q. Adding points to FCC_A1. Adding points to LIQUID. Adding points to TIS. T=1563.162, X_AL=0.00, X_C=0.01, X_CR=0.33, X_FE=0.00, X_MN=0.01, X_MO=0.14, X_NB=0.00, X_S=0.00, X_SI=0.01, X_TI=0.00, ΔT=0.500, NL: 0.028, NP(LIQUID)=0.988 NP(FCC_A1)=0.012 NP(MNS_Q)=0.000 NP(TIS)=0.000 
Adding points to MNS_Q. Adding points to LIQUID. Adding points to FCC_A1. Adding points to TIS. T=1562.662, X_AL=0.00, X_C=0.01, X_CR=0.33, X_FE=0.00, X_MN=0.01, X_MO=0.14, X_NB=0.00, X_S=0.00, X_SI=0.01, X_TI=0.00, ΔT=0.500, NL: 0.028, NP(LIQUID)=0.988 NP(FCC_A1)=0.012 NP(MNS_Q)=0.000 NP(TIS)=0.000 
Adding points to MNS_Q. Adding points to LIQUID. Adding points to FCC_A1. Adding points to TIS. T=1562.162, X_AL=0.00, X_C=0.01, X_CR=0.33, X_FE=0.00, X_MN=0.01, X_MO=0.14, X_NB=0.00, X_S=0.00, X_SI=0.01, X_TI=0.00, ΔT=0.500, NL: 0.028, NP(LIQUID)=0.988 NP(FCC_A1)=0.012 NP(MNS_Q)=0.000 NP(TIS)=0.000 
Adding points to MNS_Q. Adding points to LIQUID. Adding points to FCC_A1. Adding points to TIS. T=1561.662, X_AL=0.00, X_C=0.01, X_CR=0.33, X_FE=0.00, X_MN=0.01, X_MO=0.14, X_NB=0.00, X_S=0.00, X_SI=0.01, X_TI=0.00, ΔT=0.500, NL: 0.027, NP(LIQUID)=0.988 NP(FCC_A1)=0.012 NP(MNS_Q)=0.000 NP(TIS)=0.000 
Adding points to MNS_Q. Adding points to LIQUID. Adding points to FCC_A1. Adding points to TIS. T=1561.162, X_AL=0.00, X_C=0.01, X_CR=0.33, X_FE=0.00, X_MN=0.01, X_MO=0.14, X_NB=0.00, X_S=0.00, X_SI=0.01, X_TI=0.00, ΔT=0.500, NL: 0.027, NP(LIQUID)=0.989 NP(FCC_A1)=0.011 NP(MNS_Q)=0.000 NP(TIS)=0.000 
Adding points to MNS_Q. Adding points to LIQUID. Adding points to FCC_A1. Adding points to TIS. T=1560.662, X_AL=0.00, X_C=0.01, X_CR=0.33, X_FE=0.00, X_MN=0.01, X_MO=0.14, X_NB=0.00, X_S=0.00, X_SI=0.01, X_TI=0.00, ΔT=0.500, NL: 0.027, NP(LIQUID)=0.989 NP(FCC_A1)=0.011 NP(MNS_Q)=0.000 NP(TIS)=0.000 
Adding points to MNS_Q. Adding points to LIQUID. Adding points to FCC_A1. Adding points to TIS. T=1560.162, X_AL=0.00, X_C=0.01, X_CR=0.33, X_FE=0.00, X_MN=0.01, X_MO=0.14, X_NB=0.00, X_S=0.00, X_SI=0.01, X_TI=0.00, ΔT=0.500, NL: 0.027, NP(LIQUID)=0.989 NP(FCC_A1)=0.011 NP(MNS_Q)=0.000 NP(TIS)=0.000 
Adding points to MNS_Q. Adding points to LIQUID. Adding points to FCC_A1. Adding points to TIS. T=1559.662, X_AL=0.00, X_C=0.01, X_CR=0.33, X_FE=0.00, X_MN=0.01, X_MO=0.14, X_NB=0.00, X_S=0.00, X_SI=0.01, X_TI=0.00, ΔT=0.500, NL: 0.026, NP(LIQUID)=0.989 NP(FCC_A1)=0.011 NP(MNS_Q)=0.000 NP(TIS)=0.000 
Adding points to MNS_Q. Adding points to LIQUID. Adding points to FCC_A1. Adding points to TIS. T=1559.162, X_AL=0.00, X_C=0.01, X_CR=0.33, X_FE=0.00, X_MN=0.01, X_MO=0.14, X_NB=0.00, X_S=0.00, X_SI=0.01, X_TI=0.00, ΔT=0.500, NL: 0.026, NP(LIQUID)=0.989 NP(FCC_A1)=0.011 NP(MNS_Q)=0.000 NP(TIS)=0.000 
Adding points to MNS_Q. Adding points to LIQUID. Adding points to FCC_A1. Adding points to TIS. T=1558.662, X_AL=0.00, X_C=0.01, X_CR=0.33, X_FE=0.00, X_MN=0.01, X_MO=0.14, X_NB=0.00, X_S=0.00, X_SI=0.01, X_TI=0.00, ΔT=0.500, NL: 0.026, NP(LIQUID)=0.989 NP(FCC_A1)=0.011 NP(MNS_Q)=0.000 NP(TIS)=0.000 
Adding points to MNS_Q. Adding points to LIQUID. Adding points to FCC_A1. Adding points to TIS. T=1558.162, X_AL=0.00, X_C=0.01, X_CR=0.33, X_FE=0.00, X_MN=0.01, X_MO=0.14, X_NB=0.00, X_S=0.00, X_SI=0.01, X_TI=0.00, ΔT=0.500, NL: 0.025, NP(LIQUID)=0.989 NP(FCC_A1)=0.011 NP(MNS_Q)=0.000 NP(TIS)=0.000 
Adding points to MNS_Q. Adding points to LIQUID. Adding points to FCC_A1. Adding points to TIS. T=1557.662, X_AL=0.00, X_C=0.01, X_CR=0.33, X_FE=0.00, X_MN=0.01, X_MO=0.14, X_NB=0.00, X_S=0.00, X_SI=0.01, X_TI=0.00, ΔT=0.500, NL: 0.025, NP(LIQUID)=0.989 NP(FCC_A1)=0.011 NP(MNS_Q)=0.000 NP(TIS)=0.000 
Adding points to MNS_Q. Adding points to LIQUID. Adding points to FCC_A1. Adding points to TIS. T=1557.162, X_AL=0.00, X_C=0.01, X_CR=0.33, X_FE=0.00, X_MN=0.01, X_MO=0.15, X_NB=0.01, X_S=0.00, X_SI=0.01, X_TI=0.00, ΔT=0.500, NL: 0.025, NP(LIQUID)=0.989 NP(FCC_A1)=0.011 NP(MNS_Q)=0.000 NP(TIS)=0.000 
Adding points to MNS_Q. Adding points to LIQUID. Adding points to FCC_A1. Adding points to TIS. T=1556.662, X_AL=0.00, X_C=0.01, X_CR=0.33, X_FE=0.00, X_MN=0.01, X_MO=0.15, X_NB=0.01, X_S=0.00, X_SI=0.01, X_TI=0.00, ΔT=0.500, NL: 0.025, NP(LIQUID)=0.989 NP(FCC_A1)=0.011 NP(MNS_Q)=0.000 NP(TIS)=0.000 
Adding points to MNS_Q. Adding points to LIQUID. Adding points to FCC_A1. Adding points to TIS. T=1556.162, X_AL=0.00, X_C=0.01, X_CR=0.33, X_FE=0.00, X_MN=0.01, X_MO=0.15, X_NB=0.01, X_S=0.00, X_SI=0.01, X_TI=0.00, ΔT=0.500, NL: 0.024, NP(LIQUID)=0.989 NP(FCC_A1)=0.011 NP(MNS_Q)=0.000 NP(TIS)=0.000 
Adding points to MNS_Q. Adding points to LIQUID. Adding points to FCC_A1. Adding points to TIS. T=1555.662, X_AL=0.00, X_C=0.01, X_CR=0.33, X_FE=0.00, X_MN=0.01, X_MO=0.15, X_NB=0.01, X_S=0.00, X_SI=0.01, X_TI=0.00, ΔT=0.500, NL: 0.024, NP(LIQUID)=0.989 NP(FCC_A1)=0.011 NP(MNS_Q)=0.000 NP(TIS)=0.000 
Adding points to MNS_Q. Adding points to LIQUID. Adding points to FCC_A1. Adding points to TIS. T=1555.162, X_AL=0.00, X_C=0.01, X_CR=0.33, X_FE=0.00, X_MN=0.01, X_MO=0.15, X_NB=0.01, X_S=0.00, X_SI=0.01, X_TI=0.00, ΔT=0.500, NL: 0.024, NP(LIQUID)=0.989 NP(FCC_A1)=0.011 NP(MNS_Q)=0.000 NP(TIS)=0.000 
Adding points to MNS_Q. Adding points to LIQUID. Adding points to FCC_A1. Adding points to TIS. T=1554.662, X_AL=0.00, X_C=0.01, X_CR=0.33, X_FE=0.00, X_MN=0.01, X_MO=0.15, X_NB=0.01, X_S=0.00, X_SI=0.01, X_TI=0.00, ΔT=0.500, NL: 0.024, NP(LIQUID)=0.989 NP(FCC_A1)=0.011 NP(MNS_Q)=0.000 NP(TIS)=0.000 
Adding points to MNS_Q. Adding points to LIQUID. Adding points to FCC_A1. Adding points to TIS. T=1554.162, X_AL=0.00, X_C=0.01, X_CR=0.33, X_FE=0.00, X_MN=0.01, X_MO=0.15, X_NB=0.01, X_S=0.00, X_SI=0.01, X_TI=0.00, ΔT=0.500, NL: 0.023, NP(LIQUID)=0.989 NP(FCC_A1)=0.011 NP(MNS_Q)=0.000 NP(TIS)=0.000 
Adding points to MNS_Q. Adding points to LIQUID. Adding points to FCC_A1. Adding points to TIS. T=1553.662, X_AL=0.00, X_C=0.01, X_CR=0.33, X_FE=0.00, X_MN=0.01, X_MO=0.15, X_NB=0.01, X_S=0.00, X_SI=0.01, X_TI=0.00, ΔT=0.500, NL: 0.023, NP(LIQUID)=0.990 NP(FCC_A1)=0.010 NP(MNS_Q)=0.000 NP(TIS)=0.000 
Adding points to LIQUID. Adding points to MNS_Q. Adding points to FCC_A1. Adding points to TIS. T=1553.162, X_AL=0.00, X_C=0.01, X_CR=0.33, X_FE=0.00, X_MN=0.01, X_MO=0.15, X_NB=0.01, X_S=0.00, X_SI=0.01, X_TI=0.00, ΔT=0.500, NL: 0.023, NP(LIQUID)=0.990 NP(FCC_A1)=0.010 NP(MNS_Q)=0.000 NP(TIS)=0.000 
Adding points to LIQUID. Adding points to MNS_Q. Adding points to FCC_A1. Adding points to TIS. T=1552.662, X_AL=0.00, X_C=0.01, X_CR=0.33, X_FE=0.00, X_MN=0.01, X_MO=0.15, X_NB=0.01, X_S=0.00, X_SI=0.01, X_TI=0.00, ΔT=0.500, NL: 0.023, NP(LIQUID)=0.990 NP(FCC_A1)=0.010 NP(MNS_Q)=0.000 NP(TIS)=0.000 
Adding points to LIQUID. Adding points to MNS_Q. Adding points to FCC_A1. Adding points to TIS. T=1552.162, X_AL=0.00, X_C=0.01, X_CR=0.33, X_FE=0.00, X_MN=0.01, X_MO=0.15, X_NB=0.01, X_S=0.00, X_SI=0.01, X_TI=0.00, ΔT=0.500, NL: 0.022, NP(LIQUID)=0.990 NP(FCC_A1)=0.010 NP(MNS_Q)=0.000 NP(TIS)=0.000 
Adding points to LIQUID. Adding points to MNS_Q. Adding points to FCC_A1. Adding points to TIS. T=1551.662, X_AL=0.00, X_C=0.01, X_CR=0.33, X_FE=0.00, X_MN=0.01, X_MO=0.15, X_NB=0.01, X_S=0.00, X_SI=0.01, X_TI=0.00, ΔT=0.500, NL: 0.022, NP(LIQUID)=0.990 NP(FCC_A1)=0.010 NP(MNS_Q)=0.000 NP(TIS)=0.000 
Adding points to LIQUID. Adding points to FCC_A1. Adding points to MNS_Q. Adding points to TIS. T=1551.162, X_AL=0.00, X_C=0.01, X_CR=0.33, X_FE=0.00, X_MN=0.01, X_MO=0.15, X_NB=0.01, X_S=0.00, X_SI=0.01, X_TI=0.00, ΔT=0.500, NL: 0.022, NP(LIQUID)=0.990 NP(FCC_A1)=0.010 NP(MNS_Q)=0.000 NP(TIS)=0.000 
Adding points to LIQUID. Adding points to MNS_Q. Adding points to FCC_A1. Adding points to TIS. T=1550.662, X_AL=0.00, X_C=0.01, X_CR=0.33, X_FE=0.00, X_MN=0.01, X_MO=0.15, X_NB=0.01, X_S=0.00, X_SI=0.01, X_TI=0.00, ΔT=0.500, NL: 0.022, NP(LIQUID)=0.990 NP(FCC_A1)=0.010 NP(MNS_Q)=0.000 NP(TIS)=0.000 
Adding points to LIQUID. Adding points to MNS_Q. Adding points to FCC_A1. Adding points to TIS. T=1550.162, X_AL=0.00, X_C=0.01, X_CR=0.33, X_FE=0.00, X_MN=0.01, X_MO=0.15, X_NB=0.01, X_S=0.00, X_SI=0.01, X_TI=0.00, ΔT=0.500, NL: 0.021, NP(LIQUID)=0.990 NP(FCC_A1)=0.010 NP(MNS_Q)=0.000 NP(TIS)=0.000 
Adding points to LIQUID. Adding points to MNS_Q. Adding points to FCC_A1. Adding points to TIS. T=1549.662, X_AL=0.00, X_C=0.01, X_CR=0.33, X_FE=0.00, X_MN=0.01, X_MO=0.15, X_NB=0.01, X_S=0.00, X_SI=0.01, X_TI=0.00, ΔT=0.500, NL: 0.021, NP(LIQUID)=0.990 NP(FCC_A1)=0.010 NP(MNS_Q)=0.000 NP(TIS)=0.000 
Adding points to LIQUID. Adding points to MNS_Q. Adding points to FCC_A1. Adding points to TIS. T=1549.162, X_AL=0.00, X_C=0.01, X_CR=0.33, X_FE=0.00, X_MN=0.01, X_MO=0.15, X_NB=0.01, X_S=0.00, X_SI=0.01, X_TI=0.00, ΔT=0.500, NL: 0.021, NP(LIQUID)=0.990 NP(FCC_A1)=0.010 NP(MNS_Q)=0.000 NP(TIS)=0.000 
Adding points to LIQUID. Adding points to MNS_Q. Adding points to FCC_A1. Adding points to TIS. T=1548.662, X_AL=0.00, X_C=0.01, X_CR=0.33, X_FE=0.00, X_MN=0.01, X_MO=0.15, X_NB=0.01, X_S=0.00, X_SI=0.01, X_TI=0.00, ΔT=0.500, NL: 0.021, NP(LIQUID)=0.990 NP(FCC_A1)=0.010 NP(MNS_Q)=0.000 NP(TIS)=0.000 
Adding points to LIQUID. Adding points to MNS_Q. Adding points to FCC_A1. Adding points to TIS. T=1548.162, X_AL=0.00, X_C=0.01, X_CR=0.33, X_FE=0.00, X_MN=0.01, X_MO=0.15, X_NB=0.01, X_S=0.00, X_SI=0.01, X_TI=0.00, ΔT=0.500, NL: 0.021, NP(LIQUID)=0.990 NP(FCC_A1)=0.010 NP(MNS_Q)=0.000 NP(TIS)=0.000 
Adding points to LIQUID. Adding points to FCC_A1. Adding points to MNS_Q. Adding points to TIS. T=1547.662, X_AL=0.00, X_C=0.01, X_CR=0.33, X_FE=0.00, X_MN=0.01, X_MO=0.15, X_NB=0.01, X_S=0.00, X_SI=0.01, X_TI=0.00, ΔT=0.500, NL: 0.020, NP(LIQUID)=0.990 NP(FCC_A1)=0.010 NP(MNS_Q)=0.000 NP(TIS)=0.000 
Adding points to LIQUID. Adding points to FCC_A1. Adding points to MNS_Q. T=1547.162, X_AL=0.00, X_C=0.01, X_CR=0.33, X_FE=0.00, X_MN=0.01, X_MO=0.15, X_NB=0.01, X_S=0.00, X_SI=0.01, X_TI=0.00, ΔT=0.500, NL: 0.020, NP(LIQUID)=0.990 NP(FCC_A1)=0.010 NP(MNS_Q)=0.000 
Adding points to LIQUID. Adding points to FCC_A1. Adding points to MNS_Q. T=1546.662, X_AL=0.00, X_C=0.01, X_CR=0.33, X_FE=0.00, X_MN=0.02, X_MO=0.15, X_NB=0.01, X_S=0.00, X_SI=0.01, X_TI=0.00, ΔT=0.500, NL: 0.020, NP(LIQUID)=0.990 NP(FCC_A1)=0.010 NP(MNS_Q)=0.000 
Adding points to LIQUID. Adding points to FCC_A1. Adding points to MNS_Q. T=1546.162, X_AL=0.00, X_C=0.01, X_CR=0.33, X_FE=0.00, X_MN=0.02, X_MO=0.15, X_NB=0.01, X_S=0.00, X_SI=0.01, X_TI=0.00, ΔT=0.500, NL: 0.020, NP(LIQUID)=0.990 NP(FCC_A1)=0.010 NP(MNS_Q)=0.000 
Adding points to LIQUID. Adding points to FCC_A1. Adding points to MNS_Q. T=1545.662, X_AL=0.00, X_C=0.01, X_CR=0.33, X_FE=0.00, X_MN=0.02, X_MO=0.15, X_NB=0.01, X_S=0.00, X_SI=0.01, X_TI=0.00, ΔT=0.500, NL: 0.020, NP(LIQUID)=0.990 NP(FCC_A1)=0.010 NP(MNS_Q)=0.000 
Adding points to LIQUID. Adding points to M6C. Adding points to FCC_A1. Adding points to MNS_Q. Adding points to TIS. New phases seen: {'M6C'}. T=1545.162, X_AL=0.00, X_C=0.01, X_CR=0.33, X_FE=0.00, X_MN=0.02, X_MO=0.15, X_NB=0.01, X_S=0.00, X_SI=0.01, X_TI=0.00, ΔT=0.500, NL: 0.019, NP(LIQUID)=0.989 NP(FCC_A1)=0.011 NP(M6C)=0.000 NP(MNS_Q)=0.000 NP(TIS)=0.000 
Adding points to LIQUID. Adding points to M6C. Adding points to FCC_A1. Adding points to TIS. Adding points to MNS_Q. T=1544.662, X_AL=0.00, X_C=0.01, X_CR=0.34, X_FE=0.00, X_MN=0.02, X_MO=0.15, X_NB=0.01, X_S=0.00, X_SI=0.01, X_TI=0.00, ΔT=0.500, NL: 0.019, NP(LIQUID)=0.986 NP(FCC_A1)=0.013 NP(M6C)=0.001 NP(MNS_Q)=0.000 NP(TIS)=0.000 
Adding points to M6C. Adding points to FCC_A1. Adding points to LIQUID. Adding points to TIS. Adding points to MNS_Q. T=1544.162, X_AL=0.00, X_C=0.01, X_CR=0.34, X_FE=0.00, X_MN=0.02, X_MO=0.15, X_NB=0.01, X_S=0.00, X_SI=0.01, X_TI=0.00, ΔT=0.500, NL: 0.019, NP(LIQUID)=0.986 NP(FCC_A1)=0.013 NP(M6C)=0.001 NP(MNS_Q)=0.000 NP(TIS)=0.000 
Adding points to M6C. Adding points to LIQUID. Adding points to FCC_A1. Adding points to TIS. Adding points to MNS_Q. T=1543.662, X_AL=0.00, X_C=0.01, X_CR=0.34, X_FE=0.00, X_MN=0.02, X_MO=0.15, X_NB=0.01, X_S=0.00, X_SI=0.01, X_TI=0.00, ΔT=0.500, NL: 0.019, NP(LIQUID)=0.987 NP(FCC_A1)=0.012 NP(M6C)=0.001 NP(MNS_Q)=0.000 NP(TIS)=0.000 
Adding points to FCC_A1. Adding points to M6C. Adding points to LIQUID. Adding points to TIS. Adding points to MNS_Q. T=1543.162, X_AL=0.00, X_C=0.01, X_CR=0.34, X_FE=0.00, X_MN=0.02, X_MO=0.15, X_NB=0.01, X_S=0.00, X_SI=0.01, X_TI=0.00, ΔT=0.500, NL: 0.018, NP(LIQUID)=0.987 NP(FCC_A1)=0.012 NP(M6C)=0.001 NP(MNS_Q)=0.000 NP(TIS)=0.000 
Adding points to FCC_A1. Adding points to M6C. Adding points to LIQUID. Adding points to TIS. Adding points to MNS_Q. T=1542.662, X_AL=0.00, X_C=0.01, X_CR=0.34, X_FE=0.00, X_MN=0.02, X_MO=0.15, X_NB=0.01, X_S=0.00, X_SI=0.01, X_TI=0.00, ΔT=0.500, NL: 0.018, NP(LIQUID)=0.987 NP(FCC_A1)=0.012 NP(M6C)=0.001 NP(MNS_Q)=0.000 NP(TIS)=0.000 
Adding points to FCC_A1. Adding points to M6C. Adding points to LIQUID. Adding points to TIS. Adding points to MNS_Q. T=1542.162, X_AL=0.00, X_C=0.01, X_CR=0.34, X_FE=0.00, X_MN=0.02, X_MO=0.15, X_NB=0.01, X_S=0.00, X_SI=0.01, X_TI=0.00, ΔT=0.500, NL: 0.018, NP(LIQUID)=0.987 NP(FCC_A1)=0.012 NP(M6C)=0.001 NP(MNS_Q)=0.000 NP(TIS)=0.000 
Adding points to LIQUID. Adding points to M6C. Adding points to FCC_A1. Adding points to TIS. Adding points to MNS_Q. T=1541.662, X_AL=0.00, X_C=0.01, X_CR=0.34, X_FE=0.00, X_MN=0.02, X_MO=0.15, X_NB=0.01, X_S=0.00, X_SI=0.01, X_TI=0.00, ΔT=0.500, NL: 0.018, NP(LIQUID)=0.987 NP(FCC_A1)=0.012 NP(M6C)=0.001 NP(MNS_Q)=0.000 NP(TIS)=0.000 
Adding points to LIQUID. Adding points to FCC_A1. Adding points to M6C. Adding points to TIS. Adding points to MNS_Q. T=1541.162, X_AL=0.00, X_C=0.01, X_CR=0.34, X_FE=0.00, X_MN=0.02, X_MO=0.15, X_NB=0.01, X_S=0.00, X_SI=0.01, X_TI=0.00, ΔT=0.500, NL: 0.017, NP(LIQUID)=0.987 NP(FCC_A1)=0.012 NP(M6C)=0.001 NP(MNS_Q)=0.000 NP(TIS)=0.000 
Adding points to LIQUID. Adding points to FCC_A1. Adding points to M6C. Adding points to TIS. Adding points to MNS_Q. T=1540.662, X_AL=0.00, X_C=0.01, X_CR=0.34, X_FE=0.00, X_MN=0.02, X_MO=0.15, X_NB=0.01, X_S=0.00, X_SI=0.01, X_TI=0.00, ΔT=0.500, NL: 0.017, NP(LIQUID)=0.987 NP(FCC_A1)=0.012 NP(M6C)=0.001 NP(MNS_Q)=0.000 NP(TIS)=0.000 
Adding points to LIQUID. Adding points to FCC_A1. Adding points to M6C. Adding points to TIS. Adding points to MNS_Q. T=1540.162, X_AL=0.00, X_C=0.01, X_CR=0.34, X_FE=0.00, X_MN=0.02, X_MO=0.15, X_NB=0.01, X_S=0.00, X_SI=0.01, X_TI=0.00, ΔT=0.500, NL: 0.017, NP(LIQUID)=0.987 NP(FCC_A1)=0.012 NP(M6C)=0.001 NP(MNS_Q)=0.000 NP(TIS)=0.000 
Adding points to LIQUID. Adding points to FCC_A1. Adding points to M6C. Adding points to TIS. Adding points to MNS_Q. T=1539.662, X_AL=0.00, X_C=0.01, X_CR=0.34, X_FE=0.00, X_MN=0.02, X_MO=0.15, X_NB=0.01, X_S=0.00, X_SI=0.01, X_TI=0.00, ΔT=0.500, NL: 0.017, NP(LIQUID)=0.987 NP(FCC_A1)=0.012 NP(M6C)=0.001 NP(MNS_Q)=0.000 NP(TIS)=0.000 
Adding points to LIQUID. Adding points to FCC_A1. Adding points to M6C. Adding points to TIS. Adding points to MNS_Q. T=1539.162, X_AL=0.00, X_C=0.01, X_CR=0.34, X_FE=0.00, X_MN=0.02, X_MO=0.15, X_NB=0.01, X_S=0.00, X_SI=0.01, X_TI=0.00, ΔT=0.500, NL: 0.017, NP(LIQUID)=0.987 NP(FCC_A1)=0.012 NP(M6C)=0.001 NP(MNS_Q)=0.000 NP(TIS)=0.000 
Adding points to FCC_A1. Adding points to LIQUID. Adding points to M6C. Adding points to TIS. Adding points to MNS_Q. T=1538.662, X_AL=0.00, X_C=0.01, X_CR=0.34, X_FE=0.00, X_MN=0.02, X_MO=0.15, X_NB=0.01, X_S=0.00, X_SI=0.01, X_TI=0.00, ΔT=0.500, NL: 0.016, NP(LIQUID)=0.987 NP(FCC_A1)=0.012 NP(M6C)=0.001 NP(MNS_Q)=0.000 NP(TIS)=0.000 
Adding points to FCC_A1. Adding points to LIQUID. Adding points to M6C. Adding points to TIS. Adding points to MNS_Q. T=1538.162, X_AL=0.00, X_C=0.01, X_CR=0.34, X_FE=0.00, X_MN=0.02, X_MO=0.15, X_NB=0.01, X_S=0.00, X_SI=0.01, X_TI=0.00, ΔT=0.500, NL: 0.016, NP(LIQUID)=0.987 NP(FCC_A1)=0.012 NP(M6C)=0.001 NP(MNS_Q)=0.000 NP(TIS)=0.000 
Adding points to FCC_A1. Adding points to LIQUID. Adding points to M6C. Adding points to TIS. Adding points to MNS_Q. T=1537.662, X_AL=0.00, X_C=0.01, X_CR=0.34, X_FE=0.00, X_MN=0.02, X_MO=0.15, X_NB=0.01, X_S=0.00, X_SI=0.01, X_TI=0.00, ΔT=0.500, NL: 0.016, NP(LIQUID)=0.987 NP(FCC_A1)=0.012 NP(M6C)=0.001 NP(MNS_Q)=0.000 NP(TIS)=0.000 
Adding points to FCC_A1. Adding points to LIQUID. Adding points to M6C. Adding points to TIS. Adding points to MNS_Q. T=1537.162, X_AL=0.00, X_C=0.01, X_CR=0.34, X_FE=0.00, X_MN=0.02, X_MO=0.15, X_NB=0.01, X_S=0.00, X_SI=0.01, X_TI=0.00, ΔT=0.500, NL: 0.016, NP(LIQUID)=0.988 NP(FCC_A1)=0.012 NP(M6C)=0.001 NP(MNS_Q)=0.000 NP(TIS)=0.000 
Adding points to LIQUID. Adding points to FCC_A1. Adding points to M6C. Adding points to TIS. Adding points to MNS_Q. T=1536.662, X_AL=0.00, X_C=0.01, X_CR=0.34, X_FE=0.00, X_MN=0.02, X_MO=0.15, X_NB=0.01, X_S=0.00, X_SI=0.01, X_TI=0.00, ΔT=0.500, NL: 0.016, NP(LIQUID)=0.988 NP(FCC_A1)=0.011 NP(M6C)=0.001 NP(MNS_Q)=0.000 NP(TIS)=0.000 
Adding points to LIQUID. Adding points to FCC_A1. Adding points to M6C. Adding points to TIS. Adding points to MNS_Q. T=1536.162, X_AL=0.00, X_C=0.01, X_CR=0.34, X_FE=0.00, X_MN=0.02, X_MO=0.15, X_NB=0.01, X_S=0.00, X_SI=0.01, X_TI=0.00, ΔT=0.500, NL: 0.015, NP(LIQUID)=0.988 NP(FCC_A1)=0.011 NP(M6C)=0.001 NP(MNS_Q)=0.000 NP(TIS)=0.000 
Adding points to LIQUID. Adding points to FCC_A1. Adding points to M6C. Adding points to TIS. Adding points to MNS_Q. T=1535.662, X_AL=0.00, X_C=0.01, X_CR=0.34, X_FE=0.00, X_MN=0.02, X_MO=0.15, X_NB=0.01, X_S=0.00, X_SI=0.01, X_TI=0.00, ΔT=0.500, NL: 0.015, NP(LIQUID)=0.988 NP(FCC_A1)=0.011 NP(M6C)=0.001 NP(MNS_Q)=0.000 NP(TIS)=0.000 
Adding points to FCC_A1. Adding points to LIQUID. Adding points to M6C. Adding points to TIS. Adding points to MNS_Q. T=1535.162, X_AL=0.00, X_C=0.01, X_CR=0.34, X_FE=0.00, X_MN=0.02, X_MO=0.15, X_NB=0.01, X_S=0.00, X_SI=0.01, X_TI=0.00, ΔT=0.500, NL: 0.015, NP(LIQUID)=0.988 NP(FCC_A1)=0.011 NP(M6C)=0.001 NP(MNS_Q)=0.000 NP(TIS)=0.000 
Adding points to FCC_A1. Adding points to LIQUID. Adding points to M6C. Adding points to TIS. Adding points to MNS_Q. T=1534.662, X_AL=0.00, X_C=0.01, X_CR=0.34, X_FE=0.00, X_MN=0.02, X_MO=0.15, X_NB=0.01, X_S=0.00, X_SI=0.01, X_TI=0.00, ΔT=0.500, NL: 0.015, NP(LIQUID)=0.988 NP(FCC_A1)=0.011 NP(M6C)=0.001 NP(MNS_Q)=0.000 NP(TIS)=0.000 
Adding points to FCC_A1. Adding points to LIQUID. Adding points to M6C. Adding points to TIS. Adding points to MNS_Q. T=1534.162, X_AL=0.00, X_C=0.01, X_CR=0.34, X_FE=0.00, X_MN=0.02, X_MO=0.15, X_NB=0.01, X_S=0.00, X_SI=0.01, X_TI=0.00, ΔT=0.500, NL: 0.015, NP(LIQUID)=0.988 NP(FCC_A1)=0.011 NP(M6C)=0.001 NP(MNS_Q)=0.000 NP(TIS)=0.000 
Adding points to LIQUID. Adding points to FCC_A1. Adding points to M6C. Adding points to TIS. Adding points to MNS_Q. T=1533.662, X_AL=0.00, X_C=0.01, X_CR=0.34, X_FE=0.00, X_MN=0.02, X_MO=0.15, X_NB=0.01, X_S=0.00, X_SI=0.01, X_TI=0.00, ΔT=0.500, NL: 0.014, NP(LIQUID)=0.988 NP(FCC_A1)=0.011 NP(M6C)=0.001 NP(MNS_Q)=0.000 NP(TIS)=0.000 
Adding points to FCC_A1. Adding points to LIQUID. Adding points to M6C. Adding points to TIS. Adding points to MNS_Q. T=1533.162, X_AL=0.00, X_C=0.01, X_CR=0.34, X_FE=0.00, X_MN=0.02, X_MO=0.15, X_NB=0.01, X_S=0.00, X_SI=0.01, X_TI=0.00, ΔT=0.500, NL: 0.014, NP(LIQUID)=0.988 NP(FCC_A1)=0.011 NP(M6C)=0.001 NP(MNS_Q)=0.000 NP(TIS)=0.000 
Adding points to LIQUID. Adding points to FCC_A1. Adding points to M6C. Adding points to TIS. Adding points to MNS_Q. T=1532.662, X_AL=0.00, X_C=0.01, X_CR=0.34, X_FE=0.00, X_MN=0.02, X_MO=0.15, X_NB=0.01, X_S=0.00, X_SI=0.01, X_TI=0.00, ΔT=0.500, NL: 0.014, NP(LIQUID)=0.988 NP(FCC_A1)=0.011 NP(M6C)=0.001 NP(MNS_Q)=0.000 NP(TIS)=0.000 
Adding points to LIQUID. Adding points to FCC_A1. Adding points to M6C. Adding points to TIS. Adding points to MNS_Q. T=1532.162, X_AL=0.00, X_C=0.01, X_CR=0.34, X_FE=0.00, X_MN=0.02, X_MO=0.15, X_NB=0.01, X_S=0.00, X_SI=0.01, X_TI=0.00, ΔT=0.500, NL: 0.014, NP(LIQUID)=0.988 NP(FCC_A1)=0.011 NP(M6C)=0.001 NP(MNS_Q)=0.000 NP(TIS)=0.000 
No liquid phase found at T=1531.662, X_AL=0.00, X_C=0.01, X_CR=0.34, X_FE=0.00, X_MN=0.02, X_MO=0.15, X_NB=0.01, X_S=0.00, X_SI=0.01, X_TI=0.01. (Found set()) (Convergence failure) Stepping back and reducing step size.
No liquid phase found at T=1531.746, X_AL=0.00, X_C=0.01, X_CR=0.34, X_FE=0.00, X_MN=0.02, X_MO=0.15, X_NB=0.01, X_S=0.00, X_SI=0.01, X_TI=0.01. (Found set()) (Convergence failure) Stepping back and reducing step size.
Adding points to LIQUID. Adding points to P_PHASE. Adding points to FCC_A1. Adding points to M6C. Adding points to MNS_Q. New phases seen: {'P_PHASE'}. T=1531.815, X_AL=0.00, X_C=0.01, X_CR=0.34, X_FE=0.00, X_MN=0.02, X_MO=0.15, X_NB=0.01, X_S=0.00, X_SI=0.01, X_TI=0.01, ΔT=0.347, NL: 0.014, NP(LIQUID)=0.988 NP(FCC_A1)=0.007 NP(M6C)=0.001 NP(MNS_Q)=0.000 NP(P_PHASE)=0.005 
No liquid phase found at T=1531.468, X_AL=0.00, X_C=0.01, X_CR=0.34, X_FE=0.00, X_MN=0.02, X_MO=0.15, X_NB=0.01, X_S=0.00, X_SI=0.01, X_TI=0.01. (Found set()) (Convergence failure) Stepping back and reducing step size.
No liquid phase found at T=1531.526, X_AL=0.00, X_C=0.01, X_CR=0.34, X_FE=0.00, X_MN=0.02, X_MO=0.15, X_NB=0.01, X_S=0.00, X_SI=0.01, X_TI=0.01. (Found set()) (Convergence failure) Stepping back and reducing step size.
No liquid phase found at T=1531.574, X_AL=0.00, X_C=0.01, X_CR=0.34, X_FE=0.00, X_MN=0.02, X_MO=0.15, X_NB=0.01, X_S=0.00, X_SI=0.01, X_TI=0.01. (Found set()) (Convergence failure) Stepping back and reducing step size.
Adding points to P_PHASE. Adding points to FCC_A1. Adding points to LIQUID. Adding points to M6C. Adding points to MNS_Q. T=1531.614, X_AL=0.00, X_C=0.01, X_CR=0.34, X_FE=0.00, X_MN=0.02, X_MO=0.15, X_NB=0.01, X_S=0.00, X_SI=0.01, X_TI=0.01, ΔT=0.201, NL: 0.014, NP(LIQUID)=0.993 NP(FCC_A1)=0.004 NP(M6C)=0.001 NP(MNS_Q)=0.000 NP(P_PHASE)=0.003 
Adding points to P_PHASE. Adding points to FCC_A1. Adding points to LIQUID. Adding points to M6C. Adding points to MNS_Q. T=1531.413, X_AL=0.00, X_C=0.01, X_CR=0.34, X_FE=0.00, X_MN=0.02, X_MO=0.15, X_NB=0.01, X_S=0.00, X_SI=0.01, X_TI=0.01, ΔT=0.201, NL: 0.014, NP(LIQUID)=0.993 NP(FCC_A1)=0.004 NP(M6C)=0.001 NP(MNS_Q)=0.000 NP(P_PHASE)=0.003 
No liquid phase found at T=1531.212, X_AL=0.00, X_C=0.01, X_CR=0.34, X_FE=0.00, X_MN=0.02, X_MO=0.15, X_NB=0.01, X_S=0.00, X_SI=0.01, X_TI=0.01. (Found set()) (Convergence failure) Stepping back and reducing step size.
Adding points to LIQUID. Adding points to P_PHASE. Adding points to FCC_A1. Adding points to M6C. Adding points to MNS_Q. T=1531.246, X_AL=0.00, X_C=0.01, X_CR=0.34, X_FE=0.00, X_MN=0.02, X_MO=0.15, X_NB=0.01, X_S=0.00, X_SI=0.01, X_TI=0.01, ΔT=0.167, NL: 0.013, NP(LIQUID)=0.994 NP(FCC_A1)=0.003 NP(M6C)=0.000 NP(MNS_Q)=0.000 NP(P_PHASE)=0.002 
No liquid phase found at T=1531.078, X_AL=0.00, X_C=0.01, X_CR=0.34, X_FE=0.00, X_MN=0.02, X_MO=0.15, X_NB=0.01, X_S=0.00, X_SI=0.01, X_TI=0.01. (Found set()) (Convergence failure) Stepping back and reducing step size.
No liquid phase found at T=1531.106, X_AL=0.00, X_C=0.01, X_CR=0.34, X_FE=0.00, X_MN=0.02, X_MO=0.15, X_NB=0.01, X_S=0.00, X_SI=0.01, X_TI=0.01. (Found set()) (Convergence failure) Stepping back and reducing step size.
Adding points to LIQUID. Adding points to P_PHASE. Adding points to FCC_A1. Adding points to M6C. Adding points to MNS_Q. T=1531.129, X_AL=0.00, X_C=0.01, X_CR=0.34, X_FE=0.00, X_MN=0.02, X_MO=0.15, X_NB=0.01, X_S=0.00, X_SI=0.01, X_TI=0.01, ΔT=0.116, NL: 0.013, NP(LIQUID)=0.996 NP(FCC_A1)=0.002 NP(M6C)=0.000 NP(MNS_Q)=0.000 NP(P_PHASE)=0.002 
Adding points to LIQUID. Adding points to P_PHASE. Adding points to FCC_A1. Adding points to M6C. Adding points to MNS_Q. T=1531.013, X_AL=0.00, X_C=0.01, X_CR=0.34, X_FE=0.00, X_MN=0.02, X_MO=0.15, X_NB=0.01, X_S=0.00, X_SI=0.01, X_TI=0.01, ΔT=0.116, NL: 0.013, NP(LIQUID)=0.996 NP(FCC_A1)=0.002 NP(M6C)=0.000 NP(MNS_Q)=0.000 NP(P_PHASE)=0.002 
No liquid phase found at T=1530.897, X_AL=0.00, X_C=0.01, X_CR=0.34, X_FE=0.00, X_MN=0.02, X_MO=0.15, X_NB=0.01, X_S=0.00, X_SI=0.01, X_TI=0.01. (Found set()) (Convergence failure) Stepping back and reducing step size.
No liquid phase found at T=1530.916, X_AL=0.00, X_C=0.01, X_CR=0.34, X_FE=0.00, X_MN=0.02, X_MO=0.15, X_NB=0.01, X_S=0.00, X_SI=0.01, X_TI=0.01. (Found set()) (Convergence failure) Maximum step size reduction exceeded. Stopping.