[10:49:06] заданий 35, из кэша 2, считать 33; вход 3.0 ГиБ, аварийный 1.0 ГиБ, лимит 3600 с
[10:49:06] 1/33 RS320 · A
[10:49:42]    ok · 293.15 K: VerifiedLoaderError: BACKEND_FAILED: ValueError: Температура 293.15 K вне диапаз ; 298.15 K: 2722.9210807069294 · 36 с · пик 1643 МиБ
[10:49:42] 2/33 RS320 · A0
[10:50:15]    ok · 293.15 K: VerifiedLoaderError: BACKEND_FAILED: ValueError: Температура 293.15 K вне диапаз ; 298.15 K: 2722.9210807069294 · 33 с · пик 1649 МиБ
[10:50:15] 3/33 RS320 · B
[10:50:53]    ok · 293.15 K: VerifiedLoaderError: BACKEND_FAILED: ValueError: Температура 293.15 K вне диапаз ; 298.15 K: 2722.921322696695 · 38 с · пик 2021 МиБ
[10:50:53] 4/33 RS320 · C
[10:51:01]    ok · 293.15 K: VerifiedLoaderError: BACKEND_FAILED: ValueError: Температура 293.15 K вне диапаз ; 298.15 K: 2523.1984778671103 · 8 с · пик 226 МиБ
[10:51:01] 5/33 RS320 · D
[10:51:09]    ok · 293.15 K: правило смеси не дало плотности: Нет плотности элементов: AL, FE, MG, MN, SI ; 298.15 K: 2722.9206035865104 · 7 с · пик 186 МиБ
[10:51:09] 6/33 AlSi10Mg · A
[10:51:42]    ok · 293.15 K: VerifiedLoaderError: BACKEND_FAILED: ValueError: Температура 293.15 K вне диапаз ; 298.15 K: 2733.450662637259 · 33 с · пик 1645 МиБ
[10:51:42] 7/33 AlSi10Mg · A0
[10:52:14]    ok · 293.15 K: VerifiedLoaderError: BACKEND_FAILED: ValueError: Температура 293.15 K вне диапаз ; 298.15 K: 2733.450662637259 · 32 с · пик 1651 МиБ
[10:52:14] 8/33 AlSi10Mg · B
[10:52:52]    ok · 293.15 K:  ; 298.15 K: 2733.4506436350325 · 38 с · пик 2019 МиБ
[10:52:52] 9/33 AlSi10Mg · C
[10:53:00]    ok · 293.15 K: VerifiedLoaderError: BACKEND_FAILED: ValueError: Температура 293.15 K вне диапаз ; 298.15 K: 2491.0262142972324 · 8 с · пик 226 МиБ
[10:53:00] 10/33 AlSi10Mg · D
[10:53:08]    ok · 293.15 K: правило смеси не дало плотности: Нет плотности элементов: AL, FE, MG, MN, SI ; 298.15 K: 2733.449938800956 · 7 с · пик 186 МиБ
[10:53:08] 11/33 VJ159 · A
[10:53:42]    ok · 293.15 K:  ; 298.15 K: 8111.248037672825 · 35 с · пик 1425 МиБ
[10:53:42] 12/33 VJ159 · A0
[10:54:17]    ok · 293.15 K:  ; 298.15 K: 8111.249265579734 · 35 с · пик 1425 МиБ
[10:54:17] 13/33 VJ159 · B
[10:54:55]    ok · 293.15 K: VerifiedLoaderError: BACKEND_FAILED: ValueError: Температура 293.15 K вне диапаз ; 298.15 K: 8111.243417664625 · 37 с · пик 1692 МиБ
[10:54:55] 14/33 VJ159 · C
[10:55:08]    ok · 293.15 K: VerifiedLoaderError: BACKEND_FAILED: ValueError: Температура 293.15 K вне диапаз ; 298.15 K: 8110.970695290379 · 13 с · пик 298 МиБ
[10:55:08] 15/33 VJ159 · D
[10:55:19]    ok · 293.15 K: правило смеси не дало плотности: Нет плотности элементов: AL, C, CR, FE, MN, MO, ; 298.15 K: 8111.0669897917205 · 10 с · пик 194 МиБ
[10:55:19] 16/33 IN718 · A0
[10:56:29]    ok · 293.15 K: VerifiedLoaderError: BACKEND_FAILED: ValueError: Температура 293.15 K вне диапаз ; 298.15 K: 8235.583326831995 · 70 с · пик 2068 МиБ
[10:56:29] 17/33 IN718 · B
[10:57:44]    ok · 293.15 K: VerifiedLoaderError: BACKEND_FAILED: ValueError: Температура 293.15 K вне диапаз ; 298.15 K: 8241.104224630111 · 75 с · пик 2456 МиБ
[10:57:44] 18/33 IN718 · C
[10:58:01]    ok · 293.15 K: VerifiedLoaderError: BACKEND_FAILED: ValueError: Температура 293.15 K вне диапаз ; 298.15 K: 8228.905049644889 · 17 с · пик 384 МиБ
[10:58:01] 19/33 17-4 PH · A
[10:58:40]    ok · 293.15 K: VerifiedLoaderError: BACKEND_FAILED: ValueError: Температура 293.15 K вне диапаз ; 298.15 K: 7768.433565997825 · 40 с · пик 1311 МиБ
[10:58:40] 20/33 17-4 PH · A0
[10:59:16]    ok · 293.15 K: VerifiedLoaderError: BACKEND_FAILED: ValueError: Температура 293.15 K вне диапаз ; 298.15 K: 7768.434268383289 · 35 с · пик 1304 МиБ
[10:59:16] 21/33 17-4 PH · B
[10:59:55]    ok · 293.15 K: VerifiedLoaderError: BACKEND_FAILED: ValueError: Температура 293.15 K вне диапаз ; 298.15 K: 7951.772114338677 · 39 с · пик 1837 МиБ
[10:59:55] 22/33 17-4 PH · C
[11:00:09]    ok · 293.15 K: VerifiedLoaderError: BACKEND_FAILED: ValueError: Температура 293.15 K вне диапаз ; 298.15 K: 7752.548693231104 · 15 с · пик 279 МиБ
[11:00:09] 23/33 17-4 PH · D
[11:00:22]    ok · 293.15 K: правило смеси не дало плотности: Нет плотности элементов: C, CR, CU, FE, MN, NB, ; 298.15 K: 7951.817874338658 · 12 с · пик 200 МиБ
[11:00:22] 24/33 18Ni300 · A
[11:01:02]    ok · 293.15 K: VerifiedLoaderError: BACKEND_FAILED: ValueError: Температура 293.15 K вне диапаз ; 298.15 K:  · 41 с · пик 1624 МиБ
[11:01:02] 25/33 18Ni300 · A0
[11:01:43]    ok · 293.15 K: VerifiedLoaderError: BACKEND_FAILED: ValueError: Температура 293.15 K вне диапаз ; 298.15 K:  · 40 с · пик 1624 МиБ
[11:01:43] 26/33 18Ni300 · B
[11:02:28]    ok · 293.15 K: VerifiedLoaderError: BACKEND_FAILED: ValueError: Температура 293.15 K вне диапаз ; 298.15 K:  · 45 с · пик 2196 МиБ
[11:02:28] 27/33 18Ni300 · C
[11:02:43]    ok · 293.15 K: VerifiedLoaderError: BACKEND_FAILED: ValueError: Температура 293.15 K вне диапаз ; 298.15 K: 8194.428610933503 · 15 с · пик 292 МиБ
[11:02:43] 28/33 18Ni300 · D
[11:02:55]    ok · 293.15 K: правило смеси не дало плотности: Нет плотности элементов: AL, C, CO, FE, MN, MO, ; 298.15 K: 8395.409813219101 · 12 с · пик 200 МиБ
[11:02:55] 29/33 316L · A
[11:03:22]    ok · 293.15 K: VerifiedLoaderError: BACKEND_FAILED: ValueError: Температура 293.15 K вне диапаз ; 298.15 K:  · 27 с · пик 1141 МиБ
[11:03:22] 30/33 316L · A0
[11:03:48]    ok · 293.15 K: VerifiedLoaderError: BACKEND_FAILED: ValueError: Температура 293.15 K вне диапаз ; 298.15 K:  · 26 с · пик 1140 МиБ
[11:03:48] 31/33 316L · B
[11:04:16]    ok · 293.15 K: VerifiedLoaderError: BACKEND_FAILED: ValueError: Температура 293.15 K вне диапаз ; 298.15 K:  · 28 с · пик 1379 МиБ
[11:04:16] 32/33 316L · C
[11:04:30]    ok · 293.15 K: VerifiedLoaderError: BACKEND_FAILED: ValueError: Температура 293.15 K вне диапаз ; 298.15 K: 8047.552083192312 · 13 с · пик 245 МиБ
[11:04:30] 33/33 316L · D
[11:04:42]    ok · 293.15 K: правило смеси не дало плотности: Нет плотности элементов: C, CR, FE, MO, N, NI ; 298.15 K: правило смеси не дало плотности: Нет плотности элементов: N; Объём углерода — по · 12 с · пик 199 МиБ
