[13:01:02] заданий 476, из кэша 0, считать 476; аварийный порог 1.0 ГиБ, вход 3.0 / 5.0 ГиБ
[13:01:02] 1/476 RS320 · mc_al_2037 · ThermoGar · bystryj · [1e-06, 0.0001] · pdens 50
[13:06:12]    ok · 838.0718750000001 / 880.5328125000001 ; 838.1106323242188 / 880.5328125000001 · 310 с · пик 2097 МиБ
[13:06:12] 2/476 RS320 · mc_al_2037 · ThermoGar · polnyj · [1e-06, 0.0001] · pdens 50
[13:14:03]    ok · 876.0406250000001 / 880.5328125000001 ; 838.1378692626954 / 880.5328125000001 · 471 с · пик 2162 МиБ
[13:14:03] 3/476 RS320 · mc_al_2037 · ThermoGar · polnyj · [1e-06, 0.0001] · pdens 200
[13:22:06]    ok · 876.0406250000001 / 880.5328125000001 ; 838.1378692626954 / 880.5328125000001 · 482 с · пик 2194 МиБ
[13:22:06] 4/476 RS320 · mc_al_2037 · Lilit-skript · sloj · [1e-09] · pdens None
[13:24:37]    ok · 836.6 / 880.6 · 151 с · пик 2347 МиБ
[13:24:37] 5/476 RS320 · mc_al_2037 · Lilit-skript · sloj · [1e-06] · pdens None
[13:27:08]    ok · 836.6 / 880.6 · 151 с · пик 2346 МиБ
[13:27:08] 6/476 RS320 · mc_al_2037 · Lilit-skript · sloj · [0.0001] · pdens None
[13:29:39]    ok · 836.6 / 880.6 · 151 с · пик 2349 МиБ
[13:29:39] 7/476 RS320 · mc_al_2037 · Lilit-skript · polnyj · [1e-09] · pdens None
[13:32:29]    ok · 876.1 / 880.6 · 171 с · пик 3945 МиБ
[13:32:29] 8/476 RS320 · mc_al_2037 · Lilit-skript · polnyj · [1e-06] · pdens None
[13:35:21]    ok · 876.1 / 880.6 · 172 с · пик 3963 МиБ
[13:35:21] 9/476 RS320 · mc_al_2037 · Lilit-skript · polnyj · [0.0001] · pdens None
[13:38:11]    ok · 876.1 / 880.6 · 169 с · пик 3958 МиБ
[13:38:11] 10/476 В96ц1оч · mc_al_2037 · ThermoGar · bystryj · [1e-06, 0.0001] · pdens 50
[13:43:20]    ok · 781.9000000000001 / 898.5015625000001 ; 781.9390625000001 / 898.5015625000001 · 309 с · пик 2451 МиБ
[13:43:20] 11/476 В96ц1оч · mc_al_2037 · ThermoGar · polnyj · [1e-06, 0.0001] · pdens 50
[13:50:06]    ok · 781.9000000000001 / 898.5015625000001 ; 781.9390625000001 / 898.5015625000001 · 406 с · пик 2480 МиБ
[13:50:06] 12/476 В96ц1оч · mc_al_2037 · ThermoGar · polnyj · [1e-06, 0.0001] · pdens 200
[13:57:15]    ok · 781.9000000000001 / 898.5015625000001 ; 781.9390625000001 / 898.5015625000001 · 429 с · пик 2543 МиБ
[13:57:15] 13/476 В96ц1оч · mc_al_2037 · Lilit-skript · sloj · [1e-09] · pdens None
[14:00:29]    ok · 780.9 / 898.4 · 194 с · пик 4396 МиБ
[14:00:29] 14/476 В96ц1оч · mc_al_2037 · Lilit-skript · sloj · [1e-06] · pdens None
[14:03:41]    ok · 780.9 / 898.4 · 193 с · пик 4397 МиБ
[14:03:41] 15/476 В96ц1оч · mc_al_2037 · Lilit-skript · sloj · [0.0001] · pdens None
[14:06:55]    ok · 780.9 / 898.4 · 193 с · пик 4392 МиБ
[14:06:55] 16/476 В96ц1оч · mc_al_2037 · Lilit-skript · polnyj · [1e-09] · pdens None
