[14:47:54] заданий 199, из кэша 8, считать 191; аварийный порог 1.0 ГиБ, вход 3.0 / 5.0 ГиБ; у скрипта «Лилит» аварийный 2.0 ГиБ
[14:47:54] 1/191 INCONEL 600 · mc_ni_2036 · ThermoGar · polnyj · [1e-06, 0.0001] · pdens 50
[14:48:46]    ok · 1698.30625 / 1700.538916015625 ; 1698.3411354064942 / 1700.538916015625 · 52 с · пик 1394 МиБ
[14:48:46] 2/191 INCONEL 600 · mc_ni_2036 · ThermoGar · bystryj · [1e-06] · pdens 50
[14:49:25]    ok · 1698.30625 / 1700.538916015625 · 39 с · пик 1393 МиБ
[14:49:25] 3/191 INCONEL 600 · mc_ni_2036 · Lilit-skript · sloj · [1e-09] · pdens None
[14:49:41]    ok · 1698.4 / 1700.6 · 16 с · пик 550 МиБ
[14:49:41] 4/191 INCONEL 600 · mc_ni_2036 · Lilit-skript · sloj · [1e-06] · pdens None
[14:49:57]    ok · 1698.4 / 1700.6 · 16 с · пик 543 МиБ
[14:49:57] 5/191 40Х10С2М · mc_fe_2062_patch · ThermoGar · polnyj · [1e-06, 0.0001] · pdens 50
[14:53:28]    ok · 1671.665625 / 1724.9078125 ; 1671.71201171875 / 1724.9078125 · 211 с · пик 2133 МиБ
[14:53:28] 6/191 40Х10С2М · mc_fe_2062_patch · ThermoGar · bystryj · [1e-06] · pdens 50
[14:56:08]    ok · 1671.665625 / 1724.9078125 · 160 с · пик 2401 МиБ
[14:56:08] 7/191 40Х10С2М · mc_fe_2062_bez_patcha · ThermoGar · polnyj · [1e-06] · pdens 50
[14:59:27]    ok · 1671.665625 / 1724.9078125 · 199 с · пик 2141 МиБ
[14:59:27] 8/191 40Х10С2М · mc_fe_2062_patch · ThermoGar-app · polnyj · [1e-06] · pdens 50
[15:02:35]    ok · 1671.665625 / 1724.9078125 · 188 с · пик 2166 МиБ
[15:02:35] 9/191 40Х10С2М · mc_fe_2062_patch · Lilit-skript · sloj · [1e-09] · pdens None
[15:03:28]    ok · 1671.6 / 1724.9 · 53 с · пик 1999 МиБ
[15:03:28] 10/191 40Х10С2М · mc_fe_2062_patch · Lilit-skript · sloj · [1e-06] · pdens None
[15:04:20]    ok · 1671.6 / 1724.9 · 53 с · пик 1995 МиБ
[15:04:20] 11/191 40Х10С2М · mc_fe_2062_bez_patcha · Lilit-skript · sloj · [1e-09] · pdens None
[15:05:14]    ok · 1671.6 / 1724.9 · 53 с · пик 1998 МиБ
[15:05:14] 12/191 40Х10С2М · mc_fe_2062_bez_patcha · Lilit-skript · sloj · [1e-06] · pdens None
[15:06:07]    ok · 1671.6 / 1724.9 · 53 с · пик 2000 МиБ
[15:06:07] 13/191 17-4 PH · mc_fe_2062_patch · ThermoGar · polnyj · [1e-06, 0.0001] · pdens 50
[15:11:52]    ok · 1646.196875 / 1714.5171875 ; 1646.2783569335938 / 1714.5171875 · 345 с · пик 2367 МиБ
[15:11:52] 14/191 17-4 PH · mc_fe_2062_patch · ThermoGar · bystryj · [1e-06] · pdens 50
[15:16:16]    ok · 1646.196875 / 1714.5171875 · 264 с · пик 2903 МиБ
[15:16:16] 15/191 17-4 PH · mc_fe_2062_bez_patcha · ThermoGar · polnyj · [1e-06] · pdens 50
[15:17:29]    oshibka · 73 с · пик 2220 МиБ
[15:17:29] 16/191 17-4 PH · mc_fe_2062_patch · ThermoGar-app · polnyj · [1e-06] · pdens 50
[15:23:00]    ok · 1646.196875 / 1714.5171875 · 330 с · пик 2373 МиБ
[15:23:00] 17/191 17-4 PH · mc_fe_2062_patch · Lilit-skript · sloj · [1e-09] · pdens None
[15:24:49]    ok · 1646.4 / 1714.6 · 110 с · пик 5490 МиБ
[15:24:49] 18/191 17-4 PH · mc_fe_2062_patch · Lilit-skript · sloj · [1e-06] · pdens None
[15:26:39]    ok · 1646.4 / 1714.6 · 110 с · пик 5489 МиБ
[15:26:39] 19/191 17-4 PH · mc_fe_2062_bez_patcha · Lilit-skript · sloj · [1e-09] · pdens None
[15:28:40]    ok · None / None · 120 с · пик 5490 МиБ
[15:28:40] 20/191 17-4 PH · mc_fe_2062_bez_patcha · Lilit-skript · sloj · [1e-06] · pdens None
[15:30:43]    ok · None / None · 124 с · пик 5489 МиБ
[15:30:43] 21/191 VJ159 · mc_ni_2036 · ThermoGar · polnyj · [1e-06, 0.0001] · pdens 50
[15:37:03]    ok · 1515.025 / 1605.8453125 ; 1515.05673828125 / 1605.8453125 · 380 с · пик 2728 МиБ
[15:37:03] 22/191 VJ159 · mc_ni_2036 · ThermoGar · bystryj · [1e-06] · pdens 50
[15:42:37]    ok · 1515.025 / 1605.8453125 · 334 с · пик 2964 МиБ
[15:42:37] 23/191 VJ159 · mc_ni_2036 · Lilit-skript · sloj · [1e-09] · pdens None
[15:44:51]    snyat_po_pamyati_lilit · 134 с · пик 7065 МиБ
[15:44:51] 24/191 VJ159 · mc_ni_2036 · Lilit-skript · sloj · [1e-06] · pdens None
[15:44:51] ждём память: свободно 2.04 ГиБ, нужно 3.0
[15:47:34]    snyat_po_pamyati_lilit · 133 с · пик 7063 МиБ
[15:47:34] 25/191 IN718 · mc_ni_2036 · ThermoGar · polnyj · [1e-06, 0.0001] · pdens 50
[15:47:34] ждём память: свободно 2.07 ГиБ, нужно 5.0
[16:04:54]    ok · 1396.9 / 1615.2984375 ; 1398.511328125 / 1615.2984375 · 1011 с · пик 3541 МиБ
[16:04:54] 26/191 IN718 · mc_ni_2036 · ThermoGar · bystryj · [1e-06] · pdens 50
[16:19:59]    ok · 1396.9 / 1615.2984375 · 905 с · пик 4191 МиБ
[16:19:59] 27/191 IN718 · mc_ni_2036 · Lilit-skript · sloj · [1e-09] · pdens None
[16:22:52]    snyat_po_pamyati_lilit · 173 с · пик 8290 МиБ
[16:22:52] 28/191 IN718 · mc_ni_2036 · Lilit-skript · sloj · [1e-06] · pdens None
[16:22:52] ждём память: свободно 2.52 ГиБ, нужно 3.0
[16:26:13]    snyat_po_pamyati_lilit · 172 с · пик 8230 МиБ
[16:26:13] 29/191 316L · mc_fe_2062_patch · ThermoGar · polnyj · [1e-06, 0.0001] · pdens 50
[16:26:13] ждём память: свободно 2.00 ГиБ, нужно 5.0
[16:30:15]    ok · 1689.24375 / 1701.6265625 ; 1689.274267578125 / 1701.6265625 · 212 с · пик 2091 МиБ
[16:30:15] 30/191 316L · mc_fe_2062_patch · ThermoGar · bystryj · [1e-06] · pdens 50
[16:33:10]    ok · 1689.24375 / 1701.6265625 · 175 с · пик 2257 МиБ
[16:33:10] 31/191 316L · mc_fe_2062_bez_patcha · ThermoGar · polnyj · [1e-06] · pdens 50
[16:36:33]    ok · 1689.24375 / 1701.6265625 · 203 с · пик 2081 МиБ
[16:36:33] 32/191 316L · mc_fe_2062_patch · ThermoGar-app · polnyj · [1e-06] · pdens 50
[16:39:53]    ok · 1689.24375 / 1701.6265625 · 200 с · пик 2105 МиБ
[16:39:53] 33/191 316L · mc_fe_2062_patch · Lilit-skript · sloj · [1e-09] · pdens None
[16:40:33]    ok · 1689.4 / 1701.6 · 40 с · пик 1293 МиБ
[16:40:33] 34/191 316L · mc_fe_2062_patch · Lilit-skript · sloj · [1e-06] · pdens None
[16:41:12]    ok · 1689.4 / 1701.6 · 39 с · пик 1288 МиБ
[16:41:12] 35/191 316L · mc_fe_2062_bez_patcha · Lilit-skript · sloj · [1e-09] · pdens None
[16:41:51]    ok · 1689.4 / 1701.6 · 39 с · пик 1287 МиБ
[16:41:51] 36/191 316L · mc_fe_2062_bez_patcha · Lilit-skript · sloj · [1e-06] · pdens None
[16:42:31]    ok · 1689.4 / 1701.6 · 39 с · пик 1280 МиБ
[16:42:31] 37/191 AlSi10Mg · mc_al_2037 · ThermoGar · polnyj · [1e-06, 0.0001] · pdens 50
[16:48:59]    ok · 840.1031250000001 / 881.0796875000001 ; 840.1507324218751 / 880.6890625000001 · 388 с · пик 2161 МиБ
[16:48:59] 38/191 AlSi10Mg · mc_al_2037 · ThermoGar · bystryj · [1e-06] · pdens 50
[16:53:16]    ok · 840.1031250000001 / 881.0796875000001 · 256 с · пик 2084 МиБ
[16:53:16] 39/191 AlSi10Mg · mc_al_2037 · Lilit-skript · sloj · [1e-09] · pdens None
[16:53:18]    ok · 3 с · пик 159 МиБ
[16:53:18] 40/191 AlSi10Mg · mc_al_2037 · Lilit-skript · sloj · [1e-06] · pdens None
[16:53:21]    ok · 3 с · пик 160 МиБ
[16:53:21] 41/191 18Ni300 · mc_fe_2062_patch · ThermoGar · polnyj · [1e-06, 0.0001] · pdens 50
[17:01:17]    ok · 1666.275 / 1726.7828125 ; 1666.30185546875 / 1726.7828125 · 476 с · пик 2706 МиБ
[17:01:17] 42/191 18Ni300 · mc_fe_2062_patch · ThermoGar · bystryj · [1e-06] · pdens 50
[17:07:36]    ok · 1666.275 / 1726.7828125 · 378 с · пик 3278 МиБ
[17:07:36] 43/191 18Ni300 · mc_fe_2062_bez_patcha · ThermoGar · polnyj · [1e-06] · pdens 50
[17:09:20]    oshibka · 105 с · пик 2517 МиБ
[17:09:20] 44/191 18Ni300 · mc_fe_2062_patch · ThermoGar-app · polnyj · [1e-06] · pdens 50
[17:16:55]    ok · 1666.275 / 1726.7828125 · 455 с · пик 2702 МиБ
[17:16:55] 45/191 18Ni300 · mc_fe_2062_patch · Lilit-skript · sloj · [1e-09] · pdens None
[17:19:20]    ok · 1666.4 / 1726.9 · 145 с · пик 6816 МиБ
[17:19:20] 46/191 18Ni300 · mc_fe_2062_patch · Lilit-skript · sloj · [1e-06] · pdens None
[17:21:46]    ok · 1666.4 / 1726.9 · 147 с · пик 6817 МиБ
[17:21:46] 47/191 18Ni300 · mc_fe_2062_bez_patcha · Lilit-skript · sloj · [1e-09] · pdens None
[17:24:23]    ok · None / None · 157 с · пик 6817 МиБ
[17:24:23] 48/191 18Ni300 · mc_fe_2062_bez_patcha · Lilit-skript · sloj · [1e-06] · pdens None
[17:27:01]    ok · None / None · 158 с · пик 6818 МиБ
[17:27:01] 49/191 12Х18Н10Т · mc_fe_2062_patch · ThermoGar · polnyj · [1e-06, 0.0001] · pdens 50
[17:30:37]    ok · 1691.040625 / 1707.3296875 ; 1691.073583984375 / 1707.3296875 · 216 с · пик 2041 МиБ
[17:30:37] 50/191 12Х18Н10Т · mc_fe_2062_patch · ThermoGar · bystryj · [1e-06] · pdens 50
[17:33:09]    ok · 1691.040625 / 1707.3296875 · 152 с · пик 2390 МиБ
[17:33:09] 51/191 12Х18Н10Т · mc_fe_2062_bez_patcha · ThermoGar · polnyj · [1e-06] · pdens 50
[17:34:02]    oshibka · 53 с · пик 1932 МиБ
[17:34:02] 52/191 12Х18Н10Т · mc_fe_2062_patch · ThermoGar-app · polnyj · [1e-06] · pdens 50
[17:37:24]    ok · 1691.040625 / 1707.3296875 · 202 с · пик 2028 МиБ
[17:37:24] 53/191 12Х18Н10Т · mc_fe_2062_patch · Lilit-skript · sloj · [1e-09] · pdens None
[17:38:07]    ok · 1691.1 / 1707.4 · 43 с · пик 1446 МиБ
[17:38:07] 54/191 12Х18Н10Т · mc_fe_2062_patch · Lilit-skript · sloj · [1e-06] · pdens None
[17:38:50]    ok · 1691.1 / 1707.4 · 43 с · пик 1449 МиБ
[17:38:50] 55/191 12Х18Н10Т · mc_fe_2062_bez_patcha · Lilit-skript · sloj · [1e-09] · pdens None
[17:39:37]    ok · None / None · 47 с · пик 1750 МиБ
[17:39:37] 56/191 12Х18Н10Т · mc_fe_2062_bez_patcha · Lilit-skript · sloj · [1e-06] · pdens None
[17:40:25]    ok · None / None · 47 с · пик 1751 МиБ
[17:40:25] 57/191 AlSi7Mg0.6 · mc_al_2037 · ThermoGar · polnyj · [1e-06, 0.0001] · pdens 50
[17:44:12]    ok · 835.4937500000001 / 1075.5328125 ; 835.5352539062501 / 1068.394140625 · 227 с · пик 1799 МиБ
[17:44:12] 58/191 AlSi7Mg0.6 · mc_al_2037 · ThermoGar · bystryj · [1e-06] · pdens 50
[17:46:49]    ok · 835.4156250000001 / 888.6578125000001 · 157 с · пик 1778 МиБ
[17:46:49] 59/191 AlSi7Mg0.6 · mc_al_2037 · Lilit-skript · sloj · [1e-09] · pdens None
[17:47:16]    ok · 835.4 / 888.6 · 27 с · пик 1286 МиБ
[17:47:16] 60/191 AlSi7Mg0.6 · mc_al_2037 · Lilit-skript · sloj · [1e-06] · pdens None
[17:47:43]    ok · 835.4 / 888.6 · 27 с · пик 1293 МиБ
[17:47:43] 61/191 AlSi10Mg0.3 · mc_al_2037 · ThermoGar · polnyj · [1e-06, 0.0001] · pdens 50
[17:53:23]    ok · 861.6656250000001 / 867.5640625000001 ; 841.3507598876954 / 867.5640625000001 · 339 с · пик 1908 МиБ
[17:53:23] 62/191 AlSi10Mg0.3 · mc_al_2037 · ThermoGar · bystryj · [1e-06] · pdens 50
[17:56:03]    ok · 842.5250000000001 / 867.5640625000001 · 161 с · пик 1823 МиБ
[17:56:03] 63/191 AlSi10Mg0.3 · mc_al_2037 · Lilit-skript · sloj · [1e-09] · pdens None
[17:56:06]    ok · 3 с · пик 159 МиБ
[17:56:06] 64/191 AlSi10Mg0.3 · mc_al_2037 · Lilit-skript · sloj · [1e-06] · pdens None
[17:56:08]    ok · 2 с · пик 162 МиБ
[17:56:08] 65/191 AW-Al Cu4MgSi · mc_al_2037 · ThermoGar · polnyj · [1e-06, 0.0001] · pdens 50
[20:39:16]    ok · 824.7906250000001 / 913.8140625000001 ; 824.8693603515626 / 913.8140625000001 · 9788 с · пик 2835 МиБ
[20:39:16] 66/191 AW-Al Cu4MgSi · mc_al_2037 · ThermoGar · bystryj · [1e-06] · pdens 50
[20:47:02]    ok · 824.7906250000001 / 913.8140625000001 · 466 с · пик 2778 МиБ
[20:47:02] 67/191 AW-Al Cu4MgSi · mc_al_2037 · Lilit-skript · sloj · [1e-09] · pdens None
[20:51:22]    ok · 824.9 / 913.9 · 260 с · пик 4498 МиБ
[20:51:22] 68/191 AW-Al Cu4MgSi · mc_al_2037 · Lilit-skript · sloj · [1e-06] · pdens None
[20:55:44]    ok · 824.9 / 913.9 · 261 с · пик 4500 МиБ
[20:55:44] 69/191 АПБА-1 · mc_al_2037 · ThermoGar · polnyj · [1e-06, 0.0001] · pdens 50
[21:01:31]    ok · 846.2750000000001 / 901.1578125000001 ; 846.3042968750001 / 901.1578125000001 · 348 с · пик 2142 МиБ
[21:01:31] 70/191 АПБА-1 · mc_al_2037 · ThermoGar · bystryj · [1e-06] · pdens 50
[21:05:46]    ok · 846.2750000000001 / 901.1578125000001 · 254 с · пик 2088 МиБ
[21:05:46] 71/191 АПБА-1 · mc_al_2037 · Lilit-skript · sloj · [1e-09] · pdens None
[21:08:26]    ok · 846.4 / 901.1 · 160 с · пик 2584 МиБ
[21:08:26] 72/191 АПБА-1 · mc_al_2037 · Lilit-skript · sloj · [1e-06] · pdens None
[21:11:07]    ok · 846.4 / 901.1 · 161 с · пик 2581 МиБ
[21:11:07] 73/191 1545К · mc_al_2037 · ThermoGar · polnyj · [1e-06, 0.0001] · pdens 50
[21:13:13]    ok · 868.1500000000001 / 910.2984375000001 ; 868.1890625000001 / 910.2984375000001 · 126 с · пик 1429 МиБ
[21:13:13] 74/191 1545К · mc_al_2037 · ThermoGar · bystryj · [1e-06] · pdens 50
[21:14:45]    ok · 868.1500000000001 / 910.2984375000001 · 92 с · пик 1412 МиБ
[21:14:45] 75/191 1545К · mc_al_2037 · Lilit-skript · sloj · [1e-09] · pdens None
[21:15:07]    ok · 868.1 / 910.4 · 22 с · пик 1068 МиБ
[21:15:07] 76/191 1545К · mc_al_2037 · Lilit-skript · sloj · [1e-06] · pdens None
[21:15:29]    ok · 868.1 / 910.4 · 22 с · пик 1073 МиБ
[21:15:29] 77/191 AW-Al Mg2,5 · mc_al_2037 · ThermoGar · polnyj · [1e-06, 0.0001] · pdens 50
[21:22:15]    ok · 889.0875000000001 / 925.6109375000001 ; 889.1192382812501 / 925.2984375000001 · 406 с · пик 2217 МиБ
[21:22:15] 78/191 AW-Al Mg2,5 · mc_al_2037 · ThermoGar · bystryj · [1e-06] · pdens 50
[21:25:51]    ok · 886.9781250000001 / 921.2359375000001 · 217 с · пик 2032 МиБ
[21:25:51] 79/191 AW-Al Mg2,5 · mc_al_2037 · Lilit-skript · sloj · [1e-09] · pdens None
[21:27:48]    ok · 889.1 / 921.1 · 117 с · пик 2030 МиБ
[21:27:48] 80/191 AW-Al Mg2,5 · mc_al_2037 · Lilit-skript · sloj · [1e-06] · pdens None
[21:29:45]    ok · 889.1 / 921.1 · 117 с · пик 2052 МиБ
[21:29:45] 81/191 AW-Al Mg2 · mc_al_2037 · ThermoGar · polnyj · [1e-06, 0.0001] · pdens 50
[21:35:37]    ok · 895.1812500000001 / 921.0796875000001 ; 895.2276367187501 / 921.0796875000001 · 352 с · пик 2150 МиБ
[21:35:37] 82/191 AW-Al Mg2 · mc_al_2037 · ThermoGar · bystryj · [1e-06] · pdens 50
[21:40:15]    ok · 895.1812500000001 / 921.0796875000001 · 278 с · пик 2084 МиБ
[21:40:15] 83/191 AW-Al Mg2 · mc_al_2037 · Lilit-skript · sloj · [1e-09] · pdens None
[21:42:10]    ok · 895.1 / 921.1 · 115 с · пик 2023 МиБ
[21:42:10] 84/191 AW-Al Mg2 · mc_al_2037 · Lilit-skript · sloj · [1e-06] · pdens None
[21:44:05]    ok · 895.1 / 921.1 · 116 с · пик 2016 МиБ
[21:44:05] 85/191 EN AW-Al Fe1,5 · mc_al_2037 · ThermoGar · polnyj · [1e-06, 0.0001] · pdens 50
[21:46:19]    ok · 915.5718750000001 / 927.5640625000001 ; 915.6121582031251 / 927.5640625000001 · 133 с · пик 1492 МиБ
[21:46:19] 86/191 EN AW-Al Fe1,5 · mc_al_2037 · ThermoGar · bystryj · [1e-06] · pdens 50
[21:47:38]    ok · 915.5718750000001 / 927.5640625000001 · 79 с · пик 1416 МиБ
[21:47:38] 87/191 EN AW-Al Fe1,5 · mc_al_2037 · Lilit-skript · sloj · [1e-09] · pdens None
[21:48:21]    ok · 915.6 / 927.6 · 44 с · пик 1259 МиБ
[21:48:21] 88/191 EN AW-Al Fe1,5 · mc_al_2037 · Lilit-skript · sloj · [1e-06] · pdens None
[21:49:05]    ok · 915.6 / 927.6 · 44 с · пик 1260 МиБ
[21:49:05] 89/191 АД00 · mc_al_2037 · ThermoGar · polnyj · [1e-06, 0.0001] · pdens 50
[21:51:14]    ok · 921.1968750000001 / 932.4859375000001 ; 921.2273925781251 / 932.4859375000001 · 129 с · пик 1476 МиБ
[21:51:14] 90/191 АД00 · mc_al_2037 · ThermoGar · bystryj · [1e-06] · pdens 50
[21:52:33]    ok · 921.1968750000001 / 932.4859375000001 · 79 с · пик 1397 МиБ
[21:52:33] 91/191 АД00 · mc_al_2037 · Lilit-skript · sloj · [1e-09] · pdens None
[21:53:13]    ok · 921.1 / 932.4 · 41 с · пик 1259 МиБ
[21:53:13] 92/191 АД00 · mc_al_2037 · Lilit-skript · sloj · [1e-06] · pdens None
[21:53:54]    ok · 921.1 / 932.4 · 40 с · пик 1259 МиБ
[21:53:54] 93/191 09Х18Н9 · mc_fe_2062_patch · ThermoGar · polnyj · [1e-06, 0.0001] · pdens 50
[21:59:30]    ok · 1680.025 / 1702.8765625 ; 1680.073828125 / 1702.8765625 · 336 с · пик 2410 МиБ
[21:59:30] 94/191 09Х18Н9 · mc_fe_2062_patch · ThermoGar · bystryj · [1e-06] · pdens 50
[22:03:46]    ok · 1680.025 / 1702.8765625 · 256 с · пик 2922 МиБ
[22:03:46] 95/191 09Х18Н9 · mc_fe_2062_bez_patcha · ThermoGar · polnyj · [1e-06] · pdens 50
[22:05:07]    oshibka · 81 с · пик 2250 МиБ
[22:05:07] 96/191 09Х18Н9 · mc_fe_2062_patch · ThermoGar-app · polnyj · [1e-06] · pdens 50
[22:10:24]    ok · 1680.025 / 1702.8765625 · 317 с · пик 2390 МиБ
[22:10:24] 97/191 09Х18Н9 · mc_fe_2062_patch · Lilit-skript · sloj · [1e-09] · pdens None
[22:11:35]    ok · 1680.1 / 1702.9 · 71 с · пик 2108 МиБ
[22:11:35] 98/191 09Х18Н9 · mc_fe_2062_patch · Lilit-skript · sloj · [1e-06] · pdens None
[22:12:46]    ok · 1680.1 / 1702.9 · 71 с · пик 2109 МиБ
[22:12:46] 99/191 09Х18Н9 · mc_fe_2062_bez_patcha · Lilit-skript · sloj · [1e-09] · pdens None
[22:14:07]    ok · None / None · 81 с · пик 2176 МиБ
[22:14:07] 100/191 09Х18Н9 · mc_fe_2062_bez_patcha · Lilit-skript · sloj · [1e-06] · pdens None
[22:15:29]    ok · None / None · 82 с · пик 2177 МиБ
[22:15:29] 101/191 16Х11Н2В2МФ · mc_fe_2062_patch · ThermoGar · polnyj · [1e-06, 0.0001] · pdens 50
[22:26:24]    ok · 1687.2125 / 1762.1734375 ; 1687.25888671875 / 1762.1734375 · 655 с · пик 3037 МиБ
[22:26:24] 102/191 16Х11Н2В2МФ · mc_fe_2062_patch · ThermoGar · bystryj · [1e-06] · pdens 50
[22:35:33]    ok · 1687.2125 / 1762.1734375 · 550 с · пик 3737 МиБ
[22:35:33] 103/191 16Х11Н2В2МФ · mc_fe_2062_bez_patcha · ThermoGar · polnyj · [1e-06] · pdens 50
[22:37:53]    oshibka · 139 с · пик 2691 МиБ
[22:37:53] 104/191 16Х11Н2В2МФ · mc_fe_2062_patch · ThermoGar-app · polnyj · [1e-06] · pdens 50
[22:48:11]    ok · 1687.2125 / 1762.1734375 · 619 с · пик 3011 МиБ
[22:48:11] 105/191 16Х11Н2В2МФ · mc_fe_2062_patch · Lilit-skript · sloj · [1e-09] · pdens None
