[09:29:13] заданий 2, из кэша 0, считать 2; аварийный порог 1.0 ГиБ, вход 3.0 / 5.0 ГиБ; у скрипта «Лилит» аварийный 1.0 ГиБ; лимит задания 2700 с; машина mac-m4
[09:29:13] 1/2 INCONEL 600 · mc_ni_2036 · ThermoGar · polnyj · [1e-06, 0.0001] · pdens 50
[09:29:27]    ok · 1698.30625 / 1700.538916015625 ; 1698.3411354064942 / 1700.538916015625 · 14 с · пик 1193 МиБ · swap 884 МиБ
[09:29:27] 2/2 INCONEL 600 · mc_ni_2036 · Lilit-skript · sloj · [1e-09] · pdens None
[09:29:32]    ok · 1698.4 / 1700.6 · 5 с · пик 480 МиБ · swap 884 МиБ
[09:29:44] заданий 4, из кэша 0, считать 4; аварийный порог 1.0 ГиБ, вход 3.0 / 5.0 ГиБ; у скрипта «Лилит» аварийный 1.0 ГиБ; лимит задания 2700 с; машина mac-m4
[09:29:44] 1/4 В96ц1оч · mc_al_2037 · ThermoGar · polnyj · [1e-06, 0.0001] · pdens 50
[09:31:20]    ok · 781.9000000000001 / 898.5015625000001 ; 781.9390625000001 / 898.5015625000001 · 96 с · пик 3661 МиБ · swap 884 МиБ
[09:31:20] 2/4 В96ц1оч · mc_al_2037 · Lilit-skript · sloj · [1e-09] · pdens None
[09:32:12]    ok · 780.9 / 898.4 · 52 с · пик 5449 МиБ · swap 884 МиБ
[09:32:12] 3/4 40Х10С2М · mc_fe_2062_patch · ThermoGar · polnyj · [1e-06, 0.0001] · pdens 50
[09:33:00]    ok · 1671.665625 / 1724.9078125 ; 1671.71201171875 / 1724.9078125 · 47 с · пик 1926 МиБ · swap 884 МиБ
[09:33:00] 4/4 40Х10С2М · mc_fe_2062_patch · Lilit-skript · sloj · [1e-09] · pdens None
[09:33:13]    ok · 1671.6 / 1724.9 · 13 с · пик 3154 МиБ · swap 884 МиБ
[09:40:20] заданий 6, из кэша 0, считать 6; аварийный порог 1.0 ГиБ, вход 3.0 / 5.0 ГиБ; у скрипта «Лилит» аварийный 1.0 ГиБ; лимит задания 2700 с; машина mac-m4
[09:40:20] 1/6 IN718 · mc_ni_2036 · Lilit-skript · sloj · [1e-09] · pdens None
[09:43:41]    ok · 1520.4 / 1622.9 · 201 с · пик 8084 МиБ · swap 6909 МиБ
[09:43:41] 2/6 IN718 · mc_ni_2036 · Lilit-skript · sloj · [1e-06] · pdens None
[09:47:02]    ok · 1520.4 / 1622.9 · 201 с · пик 10516 МиБ · swap 5413 МиБ
[09:47:02] 3/6 HAYNES Waspaloy · mc_ni_2036 · Lilit-skript · sloj · [1e-09] · pdens None
[09:48:31]    ok · 1586.9 / 1641.6 · 89 с · пик 10379 МиБ · swap 1964 МиБ
[09:48:31] 4/6 HAYNES Waspaloy · mc_ni_2036 · Lilit-skript · sloj · [1e-06] · pdens None
[09:49:59]    ok · 1586.9 / 1641.6 · 89 с · пик 10327 МиБ · swap 1836 МиБ
[09:49:59] 5/6 VJ159 · mc_ni_2036 · Lilit-skript · sloj · [1e-09] · pdens None
[09:52:13]    ok · 1515.1 / 1605.9 · 134 с · пик 9582 МиБ · swap 3121 МиБ
[09:52:13] 6/6 VJ159 · mc_ni_2036 · Lilit-skript · sloj · [1e-06] · pdens None
[09:54:27]    ok · 1515.1 / 1605.9 · 133 с · пик 9833 МиБ · swap 2983 МиБ
