22:57:09 7.65
22:57:19 7.51
22:57:29 8.57
22:57:39 7.00
22:57:49 6.47
22:57:59 7.31
22:58:09 5.64
22:58:19 5.61
22:58:29 5.63
22:58:39 10.24
22:58:49 9.61
22:58:59 9.14
22:59:09 10.53
22:59:19 10.39
22:59:29 10.16
22:59:39 9.39
22:59:49 8.23
22:59:59 7.84
23:00:09 7.84
23:00:19 8.46
23:00:29 7.07
23:00:39 6.07
23:00:49 5.80
23:00:59 5.81
23:01:09 5.81
23:01:19 5.80
23:01:29 9.71
23:01:39 9.23
23:01:49 10.63
23:01:59 10.08
23:02:09 9.98
23:02:19 8.74
23:02:29 8.43
23:02:39 7.89
23:02:49 10.24
23:02:59 7.38
23:03:09 6.53
23:03:19 6.71
23:03:29 5.69
23:03:39 5.69
23:03:49 5.66
23:03:59 10.09
23:04:09 9.41
23:04:19 8.95
23:04:29 8.27
23:04:39 8.31
23:04:49 10.10
23:04:59 9.88
23:05:09 8.86
23:05:19 8.41
23:05:29 7.81
23:05:39 7.82
23:05:49 7.60
23:05:59 6.59
23:06:09 7.04
23:06:19 5.91
23:06:29 5.91
23:06:39 5.92
23:06:49 10.33
23:06:59 9.66
23:07:09 9.19
23:07:19 8.51
23:07:29 8.55
23:07:39 10.11
23:07:49 9.45
23:07:59 8.73
23:08:09 8.54
23:08:19 8.63
23:08:29 8.64
23:08:39 8.24
23:08:49 8.16
23:08:59 8.29
23:09:09 8.19
23:09:19 8.13
23:09:29 8.24
23:09:39 8.17
23:09:49 8.15
23:09:59 8.18
23:10:09 8.21
23:10:19 8.00
23:10:29 7.98
23:10:39 7.96
23:10:49 8.13
23:10:59 8.05
23:11:09 7.97
23:11:19 8.13
23:11:29 8.06
23:11:39 7.99
23:11:49 8.16
23:11:59 7.96
23:12:09 8.00
23:12:19 8.05
23:12:29 7.95
23:12:39 8.01
23:12:49 8.16
23:12:59 7.95
23:13:09 8.04
23:13:19 8.06
23:13:29 9.50
23:13:39 9.24
23:13:49 8.93
23:13:59 8.94
23:14:09 8.89
23:14:19 8.49
23:14:29 7.85
23:14:39 7.59
23:14:49 7.53
23:14:59 8.47
23:15:09 8.15
23:15:19 7.97
23:15:29 7.87
23:15:39 7.85
23:15:49 7.62
23:15:59 7.52
23:16:09 7.50
23:16:19 7.57
23:16:29 7.59
23:16:39 7.51
23:16:49 7.52
23:16:59 7.52
23:17:09 7.59
23:17:19 7.60
23:17:29 7.51
23:17:39 7.54
23:17:49 7.54
23:17:59 10.22
23:18:09 9.24
23:18:19 9.10
23:18:29 8.46
23:18:39 8.30
23:18:49 8.25
23:18:59 8.24
23:19:09 8.26
23:19:19 10.28
23:19:29 9.24
23:19:39 8.91
23:19:49 8.54
23:19:59 8.52
23:20:09 8.62
23:20:19 8.24
23:20:29 8.24
23:20:39 8.25
23:20:49 8.19
23:20:59 8.22
23:21:09 8.22
23:21:19 8.17
23:21:29 8.20
23:21:39 8.18
23:21:49 8.16
23:21:59 8.20
23:22:09 8.24
23:22:19 8.20
23:22:29 8.25
23:22:39 8.24
23:22:49 8.20
23:22:59 8.08
23:23:09 8.16
23:23:19 8.08
23:23:29 8.07
23:23:39 8.12
23:23:49 8.13
23:23:59 8.06
23:24:09 8.23
23:24:19 8.02
23:24:29 8.12
23:24:39 9.25
23:24:49 9.98
23:24:59 9.69
23:25:09 8.87
23:25:19 9.01
23:25:29 8.30
23:25:39 7.71
23:25:49 9.88
23:25:59 9.27
23:26:09 8.74
23:26:19 10.01
23:26:29 9.69
23:26:39 8.88
23:26:49 9.31
23:26:59 8.31
23:27:09 7.73
23:27:19 9.81
23:27:29 9.27
23:27:39 10.45
23:27:49 10.01
23:27:59 9.57
23:28:09 8.89
23:28:19 8.59
23:28:29 6.04
23:28:39 7.73
23:28:49 9.76
23:28:59 9.22
23:29:09 8.48
23:29:19 10.31
23:29:29 10.01
23:29:39 9.33
23:29:49 8.90
23:29:59 8.92
23:30:09 7.83
23:30:19 7.83
23:30:29 9.76
23:30:39 9.22
23:30:49 8.49
23:30:59 10.29
23:31:09 9.54
23:31:19 8.87
23:31:29 8.90
23:31:39 8.61
23:31:49 8.57
23:31:59 8.56
23:32:09 8.56
23:32:19 8.56
23:32:29 8.51
23:32:39 8.52
23:32:49 8.41
23:32:59 8.52
23:33:09 8.40
23:33:19 8.38
23:33:29 8.37
23:33:39 8.39
23:33:49 8.38
23:33:59 8.39
23:34:09 10.25
23:34:19 9.58
23:34:29 9.37
23:34:39 8.97
23:34:49 8.50
23:34:59 8.09
23:35:09 8.01
23:35:19 8.00
23:35:29 8.04
23:35:39 8.01
23:35:49 7.96
23:35:59 7.95
23:36:09 7.95
23:36:19 7.99
23:36:29 10.32
23:36:39 9.52
23:36:49 8.87
23:36:59 8.61
23:37:09 8.58
23:37:19 8.57
23:37:29 10.00
23:37:39 9.43
23:37:49 8.87
23:37:59 8.52
23:38:09 8.43
23:38:19 8.52
23:38:29 8.42
23:38:39 8.54
23:38:49 8.43
23:38:59 8.42
23:39:09 8.41
23:39:19 8.40
23:39:29 8.39
23:39:39 8.42
23:39:49 8.41
23:39:59 8.40
23:40:09 8.41
23:40:19 10.32
23:40:29 10.14
23:40:39 10.18
23:40:49 8.99
23:40:59 9.75
23:41:09 9.16
23:41:19 10.36
23:41:29 9.75
23:41:39 9.40
23:41:49 8.99
23:41:59 9.45
23:42:09 10.51
23:42:19 10.04
23:42:29 9.51
23:42:39 9.00
23:42:49 9.90
23:42:59 9.29
23:43:09 8.68
23:43:19 10.14
23:43:29 9.67
23:43:39 9.15
23:43:49 10.07
23:43:59 9.45
23:44:09 8.69
23:44:19 10.10
23:44:29 9.48
23:44:39 8.76
23:44:49 8.69
23:44:59 8.69
23:45:09 8.95
23:45:19 8.79
23:45:29 8.59
23:45:39 8.52
23:45:49 8.43
23:45:59 8.45
23:46:09 8.50
23:46:19 8.36
23:46:29 8.41
23:46:39 8.50
23:46:49 8.50
23:46:59 8.32
23:47:09 8.32
23:47:19 8.46
23:47:29 8.43
23:47:39 8.33
23:47:49 8.40
23:47:59 8.50
23:48:09 8.43
23:48:19 8.35
23:48:29 8.48
23:48:39 8.31
23:48:49 8.29
23:48:59 8.36
23:49:09 8.37
23:49:19 8.27
23:49:29 8.30
23:49:39 10.37
23:49:49 9.77
23:49:59 9.29
23:50:09 9.21
23:50:19 9.20
23:50:29 8.81
23:50:39 8.36
23:50:49 7.96
23:50:59 7.90
23:51:09 7.87
23:51:19 7.86
23:51:29 7.86
23:51:39 7.92
23:51:49 7.90
23:51:59 7.82
23:52:09 7.81
23:52:19 7.79
23:52:29 7.77
23:52:39 7.78
23:52:49 7.79
23:52:59 7.79
23:53:09 7.71
23:53:19 7.71
23:53:29 7.70
23:53:39 7.71
23:53:49 7.78
23:53:59 10.29
23:54:09 9.37
23:54:19 9.03
23:54:29 8.75
23:54:39 8.43
23:54:49 8.45
23:54:59 8.51
23:55:09 10.25
23:55:19 9.48
23:55:29 8.72
23:55:39 8.78
23:55:49 8.76
23:55:59 8.60
23:56:09 8.49
23:56:19 8.47
23:56:29 8.39
23:56:39 8.39
23:56:49 8.39
23:56:59 8.30
23:57:09 8.34
23:57:19 8.36
23:57:29 8.43
23:57:39 8.43
23:57:49 8.38
23:57:59 8.31
23:58:09 8.33
23:58:19 8.37
23:58:29 8.39
23:58:39 8.33
23:58:49 8.46
23:58:59 8.24
23:59:09 8.25
23:59:19 8.32
23:59:29 8.24
23:59:39 8.23
23:59:49 8.26
23:59:59 8.31
00:00:09 8.74
00:00:19 10.25
00:00:29 9.82
00:00:39 9.55
00:00:49 9.47
00:00:59 9.92
00:01:09 9.32
00:01:19 8.72
00:01:29 8.37
00:01:39 8.13
00:01:49 8.13
00:01:59 8.80
00:02:09 8.82
00:02:19 10.33
00:02:29 9.80
00:02:39 9.58
00:02:49 9.45
00:02:59 10.00
00:03:09 9.37
00:03:19 8.74
00:03:29 8.36
00:03:39 7.81
00:03:49 8.13
00:03:59 8.81
00:04:09 8.84
00:04:19 10.32
00:04:29 9.85
00:04:39 9.77
00:04:49 9.43
00:04:59 10.12
00:05:09 9.39
00:05:19 8.85
00:05:29 10.31
00:05:39 9.91
00:05:49 9.87
00:05:59 9.43
00:06:09 10.14
00:06:19 9.40
00:06:29 8.90
00:06:39 10.28
00:06:50 9.42
00:07:00 8.73
00:07:10 8.78
00:07:20 8.54
00:07:30 8.46
00:07:40 8.51
00:07:50 8.42
00:08:00 8.53
00:08:10 8.43
00:08:20 8.40
00:08:30 8.40
00:08:40 8.41
00:08:50 8.41
00:09:00 8.41
00:09:10 8.39
00:09:20 8.38
00:09:30 8.33
00:09:40 8.33
00:09:50 8.33
00:10:00 8.33
00:10:10 8.33
00:10:20 8.33
00:10:30 8.38
00:10:40 8.36
00:10:50 10.18
00:11:00 9.55
00:11:10 9.27
00:11:20 8.81
00:11:30 8.40
00:11:40 8.14
00:11:50 8.08
00:12:00 8.04
00:12:10 8.02
00:12:20 8.01
00:12:30 8.05
00:12:40 8.03
00:12:50 7.99
00:13:00 7.99
00:13:10 7.99
00:13:20 8.03
00:13:30 8.01
00:13:40 8.01
00:13:50 7.98
00:14:00 10.13
00:14:10 9.43
00:14:20 8.70
00:14:30 8.49
00:14:40 8.52
00:14:50 8.52
00:15:00 9.55
00:15:10 9.33
00:15:20 9.01
00:15:30 8.63
00:15:40 8.60
00:15:50 8.45
00:16:00 8.46
00:16:10 8.48
00:16:20 8.50
00:16:30 8.53
00:16:40 8.55
00:16:50 8.48
00:17:00 8.47
00:17:10 8.56
00:17:20 8.41
00:17:30 8.42
00:17:40 8.40
00:17:50 8.40
00:18:00 8.40
00:18:10 8.40
00:18:20 8.40
00:18:30 8.42
00:18:40 8.42
00:18:50 10.30
00:19:00 10.05
00:19:10 9.55
00:19:20 8.88
00:19:30 9.37
00:19:40 8.84
00:19:50 9.99
00:20:00 9.40
00:20:10 8.84
00:20:20 9.74
00:20:30 9.13
00:20:40 10.22
00:20:50 9.99
00:21:00 9.68
00:21:10 10.07
00:21:20 9.33
00:21:30 8.83
00:21:40 10.25
00:21:50 10.00
00:22:00 9.65
00:22:10 8.87
00:22:20 9.46
00:22:30 8.91
00:22:40 10.31
00:22:50 9.58
00:23:00 8.97
00:23:10 8.59
00:23:20 8.56
00:23:30 8.62
00:23:40 8.55
00:23:50 8.53
00:24:00 8.49
00:24:10 8.48
00:24:20 8.51
00:24:30 8.50
00:24:40 8.53
00:24:50 8.49
00:25:00 8.49
00:25:10 8.51
00:25:20 8.51
00:25:30 8.51
00:25:40 8.50
00:25:50 9.84
00:26:00 9.43
00:26:10 9.11
00:26:20 8.46
00:26:30 8.26
00:26:40 8.20
00:26:50 8.21
00:27:00 8.18
00:27:10 8.18
00:27:20 8.19
00:27:30 8.15
00:27:40 8.18
00:27:50 8.14
00:28:00 10.34
00:28:10 9.56
00:28:20 9.01
00:28:30 8.67
00:28:40 8.70
00:28:50 9.71
00:29:00 9.04
00:29:10 8.68
00:29:20 8.59
00:29:30 8.67
00:29:40 8.59
00:29:50 8.58
00:30:00 8.53
00:30:10 8.88
00:30:20 8.71
00:30:30 8.58
00:30:40 8.57
00:30:50 8.56
00:31:00 8.53
00:31:10 8.56
00:31:20 8.56
00:31:30 8.56
00:31:40 10.29
00:31:50 9.99
00:32:00 9.52
00:32:10 10.31
00:32:20 10.11
00:32:30 9.74
00:32:40 9.13
00:32:50 10.12
00:33:00 9.93
00:33:10 9.27
00:33:20 10.30
00:33:30 10.04
00:33:40 9.69
00:33:50 9.08
00:34:00 10.07
00:34:10 9.50
00:34:20 9.52
00:34:30 9.17
00:34:40 8.58
00:34:50 8.42
00:35:00 8.44
00:35:10 8.42
00:35:20 8.42
00:35:30 8.43
00:35:40 8.43
00:35:50 8.39
00:36:00 8.38
00:36:10 9.87
00:36:20 9.61
00:36:30 9.63
00:36:40 9.16
00:36:50 8.68
00:37:00 8.22
00:37:10 8.20
00:37:20 8.17
00:37:30 8.15
00:37:40 8.13
00:37:50 8.13
00:38:00 10.17
00:38:10 10.00
00:38:20 10.27
00:38:30 10.02
00:38:40 9.71
00:38:50 10.09
00:39:00 10.29
00:39:10 10.14
00:39:20 10.14
00:39:30 10.09
00:39:40 10.10
00:39:50 10.15
00:40:00 10.27
00:40:10 10.27
00:40:20 10.22
00:40:30 9.40
00:40:40 9.20
00:40:50 9.19
00:41:00 10.08
00:41:10 10.23
00:41:20 10.25
00:41:30 10.44
00:41:40 9.58
00:41:50 9.16
00:42:00 8.59
00:42:10 8.39
00:42:20 8.38
00:42:30 8.39
00:42:40 8.40
00:42:50 8.40
00:43:00 8.55
00:43:10 8.56
00:43:20 8.56
00:43:30 8.40
00:43:40 8.40
00:43:50 8.40
00:44:00 8.37
00:44:10 8.47
00:44:20 8.34
00:44:30 8.34
00:44:40 8.35
00:44:50 8.35
00:45:00 8.34
00:45:10 9.07
00:45:20 9.10
00:45:30 8.26
00:45:40 8.36
00:45:50 7.75
00:46:00 7.92
00:46:10 7.41
00:46:20 7.60
00:46:30 7.30
00:46:40 7.52
00:46:50 7.31
00:47:00 7.52
00:47:10 7.29
00:47:20 7.51
00:47:30 7.28
00:47:40 7.50
00:47:50 7.28
00:48:00 7.48
00:48:10 7.27
00:48:20 7.47
00:48:30 7.25
00:48:40 7.26
00:48:50 7.41
00:49:00 7.32
00:49:10 7.43
00:49:20 7.32
00:49:30 7.46
00:49:40 7.32
00:49:50 7.47
00:50:00 7.31
00:50:10 7.48
00:50:20 7.31
00:50:30 7.52
00:50:40 7.31
00:50:50 7.51
00:51:00 7.29
00:51:10 7.51
00:51:20 7.30
00:51:30 7.31
00:51:40 7.35
00:51:50 7.29
00:52:00 9.82
00:52:10 9.38
00:52:20 8.81
00:52:30 8.72
00:52:40 8.71
00:52:50 8.77
00:53:00 8.70
00:53:10 8.79
00:53:20 8.68
00:53:30 8.67
00:53:40 8.67
00:53:50 8.86
00:54:00 8.68
00:54:10 8.67
00:54:20 8.71
00:54:30 8.63
00:54:40 8.63
00:54:50 8.63
00:55:00 8.81
00:55:10 8.63
00:55:20 8.64
00:55:30 8.64
00:55:40 8.36
00:55:50 8.07
00:56:00 7.56
00:56:10 7.44
00:56:20 7.03
00:56:30 7.15
00:56:40 6.87
00:56:50 6.97
00:57:00 7.00
00:57:10 7.15
00:57:20 7.01
00:57:30 7.13
00:57:40 6.99
00:57:50 7.11
00:58:00 6.98
00:58:10 7.05
00:58:20 6.96
00:58:30 6.95
00:58:40 6.96
00:58:50 6.96
00:59:00 6.96
00:59:10 6.95
00:59:20 6.95
00:59:30 7.02
00:59:40 7.02
00:59:50 7.01
01:00:00 7.02
01:00:10 8.05
01:00:20 8.04
01:00:30 7.80
01:00:40 7.79
01:00:50 7.55
01:01:00 7.74
01:01:10 7.34
01:01:20 8.08
01:01:30 9.99
01:01:40 9.84
01:01:50 9.72
01:02:00 9.99
01:02:10 9.73
01:02:20 9.22
01:02:30 9.13
01:02:40 8.21
01:02:50 7.03
01:03:00 6.37
01:03:10 6.37
01:03:20 6.37
01:03:30 6.30
01:03:40 6.27
01:03:50 7.46
01:04:00 5.70
01:04:10 5.38
01:04:20 4.61
01:04:30 5.05
01:04:40 10.81
01:04:50 10.80
01:05:00 10.80
01:05:10 10.45
01:05:20 10.00
01:05:30 9.96
01:05:40 9.81
01:05:50 9.88
01:06:00 9.52
01:06:10 9.27
01:06:20 8.67
01:06:30 7.44
01:06:40 7.37
01:06:50 6.52
01:07:00 6.52
01:07:10 6.52
01:07:20 6.42
01:07:30 7.65
01:07:40 7.01
01:07:50 5.71
01:08:00 4.79
01:08:10 5.20
01:08:20 11.07
01:08:30 11.08
01:08:40 11.07
01:08:50 10.81
01:09:00 9.90
01:09:10 9.28
01:09:20 9.22
01:09:30 9.22
01:09:40 9.19
01:09:50 9.18
01:10:00 9.13
01:10:10 9.24
01:10:20 9.12
01:10:30 9.17
01:10:40 9.10
01:10:50 9.09
01:11:00 9.20
01:11:10 9.10
01:11:20 9.19
01:11:30 8.46
01:11:40 8.34
01:11:50 8.19
01:12:00 8.04
01:12:10 8.22
01:12:20 8.04
01:12:30 8.15
01:12:40 8.03
01:12:50 8.06
01:13:00 8.18
01:13:10 8.01
01:13:20 8.13
01:13:30 8.00
01:13:40 8.06
01:13:50 8.01
01:14:00 8.00
01:14:10 8.16
01:14:20 8.05
01:14:30 8.18
01:14:40 8.04
01:14:50 8.11
01:15:00 8.03
01:15:10 7.97
01:15:20 8.98
01:15:30 8.57
01:15:40 8.59
01:15:50 8.31
01:16:00 8.26
01:16:10 8.12
01:16:20 8.04
01:16:30 8.21
01:16:40 8.06
01:16:50 10.71
01:17:00 10.15
01:17:10 9.44
01:17:20 9.52
01:17:30 9.55
01:17:40 9.41
01:17:50 9.52
01:18:00 9.47
01:18:10 9.53
01:18:20 9.40
01:18:30 9.41
01:18:40 9.40
01:18:50 9.40
01:19:00 9.40
01:19:10 9.40
01:19:20 9.06
01:19:30 8.98
01:19:40 8.31
01:19:50 8.18
01:20:00 7.84
01:20:10 7.74
01:20:20 7.87
01:20:30 7.70
01:20:40 7.75
01:20:50 7.85
01:21:00 7.69
01:21:10 7.74
01:21:20 7.65
01:21:30 7.64
01:21:40 7.78
01:21:50 7.63
01:22:00 7.62
01:22:10 7.78
01:22:20 7.63
01:22:30 7.72
01:22:40 7.67
01:22:50 7.66
01:23:00 7.81
01:23:10 7.65
01:23:20 7.73
01:23:30 7.65
01:23:40 7.66
01:23:50 7.78
01:24:00 7.66
01:24:10 10.67
01:24:20 10.32
01:24:30 10.29
01:24:40 9.59
01:24:50 8.88
01:25:00 8.30
01:25:10 8.29
01:25:20 8.85
01:25:30 7.48
01:25:40 7.41
01:25:50 6.30
01:26:00 6.31
01:26:10 6.31
01:26:20 6.31
01:26:30 10.17
01:26:40 9.76
01:26:50 10.80
01:27:00 10.31
01:27:10 10.60
01:27:20 10.58
01:27:30 8.72
01:27:40 8.28
01:27:50 8.29
01:28:00 9.11
01:28:10 7.82
01:28:20 7.05
01:28:30 6.31
01:28:40 6.30
01:28:50 6.30
01:29:00 6.30
01:29:10 10.45
01:29:20 9.77
01:29:30 9.38
01:29:40 10.25
01:29:50 9.87
01:30:00 9.17
01:30:10 9.17
01:30:20 9.64
01:30:30 9.60
01:30:40 9.60
01:30:50 9.60
01:31:00 9.60
01:31:10 9.70
01:31:20 9.60
01:31:30 9.70
01:31:40 9.60
01:31:50 9.38
01:32:00 8.94
01:32:10 8.54
01:32:20 8.65
01:32:30 8.23
01:32:40 8.28
01:32:50 8.12
01:33:00 8.21
01:33:10 8.12
01:33:21 8.10
01:33:31 8.25
01:33:41 8.10
01:33:51 8.21
01:34:01 8.09
01:34:11 8.16
01:34:21 8.07
01:34:31 8.08
01:34:41 8.23
01:34:51 8.12
01:35:01 8.24
01:35:11 8.11
01:35:21 8.19
01:35:31 8.27
01:35:41 8.11
01:35:51 8.27
01:36:01 8.11
01:36:11 10.66
01:36:21 9.99
01:36:31 9.45
01:36:41 9.43
01:36:51 9.43
01:37:01 9.49
01:37:11 9.48
01:37:21 9.48
01:37:31 9.40
01:37:41 9.50
01:37:51 9.39
01:38:01 9.46
01:38:11 9.39
01:38:21 9.14
01:38:31 8.85
01:38:41 8.36
01:38:51 8.25
01:39:01 7.88
01:39:11 7.79
01:39:21 7.87
01:39:31 7.74
01:39:41 7.82
01:39:51 7.73
01:40:01 7.72
01:40:11 7.82
01:40:21 7.71
01:40:31 7.68
01:40:41 7.83
01:40:51 7.67
01:41:01 7.77
01:41:11 7.67
01:41:21 7.67
01:41:31 7.80
01:41:41 7.72
01:41:51 7.80
01:42:01 7.86
01:42:11 10.37
01:42:21 10.36
01:42:31 10.14
01:42:41 9.00
01:42:51 9.01
01:43:01 8.12
01:43:11 8.12
01:43:21 8.97
01:43:31 7.59
01:43:41 6.80
01:43:51 5.93
01:44:01 5.93
01:44:11 5.93
01:44:21 5.93
01:44:31 5.93
01:44:41 10.07
01:44:51 9.68
01:45:01 10.78
01:45:11 10.30
01:45:21 10.61
01:45:31 10.63
01:45:41 8.93
01:45:51 8.18
01:46:01 8.18
01:46:11 8.18
01:46:21 8.66
01:46:31 7.43
01:46:41 6.43
01:46:51 5.99
01:47:01 6.00
01:47:11 6.00
01:47:21 6.00
01:47:31 10.54
01:47:41 9.83
01:47:51 9.52
01:48:01 10.09
01:48:11 9.42
01:48:21 9.15
01:48:31 9.30
01:48:41 9.31
01:48:51 9.74
01:49:01 9.42
01:49:11 9.03
01:49:21 9.32
01:49:31 10.79
01:49:41 9.75
01:49:51 9.42
01:50:01 9.03
01:50:11 9.32
01:50:21 10.74
01:50:31 9.54
01:50:41 9.18
01:50:51 9.18
01:51:01 9.19
01:51:11 9.16
01:51:21 9.14
01:51:31 9.95
01:51:41 9.26
01:51:51 9.23
01:52:01 8.70
01:52:11 9.17
01:52:21 9.14
01:52:31 10.79
01:52:41 9.53
01:52:51 9.17
01:53:01 9.17
01:53:11 9.16
01:53:21 9.13
01:53:31 9.08
01:53:41 10.81
01:53:51 10.67
01:54:01 10.38
01:54:11 9.71
01:54:21 9.60
01:54:31 10.04
01:54:41 9.58
01:54:51 10.77
01:55:01 10.13
01:55:11 9.61
01:55:21 10.51
01:55:31 9.93
01:55:41 9.18
01:55:51 9.15
01:56:01 10.66
01:56:11 9.92
01:56:21 9.17
01:56:31 9.13
01:56:41 10.74
01:56:51 9.87
01:57:01 9.18
01:57:11 9.12
01:57:21 10.93
01:57:31 10.90
01:57:41 10.91
01:57:51 10.71
01:58:01 10.49
01:58:11 10.07
01:58:21 9.07
01:58:31 7.77
01:58:41 7.64
01:58:51 6.77
01:59:01 6.76
01:59:11 6.76
01:59:21 7.93
01:59:31 5.87
01:59:41 5.36
01:59:51 4.48
02:00:01 5.03
02:00:11 10.88
02:00:21 10.91
02:00:31 10.88
02:00:41 10.05
02:00:51 9.13
02:01:01 9.17
02:01:11 8.69
02:01:21 8.91
02:01:31 8.76
02:01:41 8.50
02:01:51 8.41
02:02:01 8.49
02:02:11 8.53
02:02:21 8.66
02:02:31 8.74
02:02:41 8.76
02:02:51 8.81
02:03:01 8.53
02:03:11 8.60
02:03:21 8.52
02:03:31 8.64
02:03:41 8.63
02:03:51 8.48
02:04:01 8.38
02:04:11 8.35
02:04:21 8.61
02:04:31 8.61
02:04:41 8.67
02:04:51 10.57
02:05:01 9.77
02:05:11 9.12
02:05:21 9.09
02:05:31 9.09
02:05:41 8.86
02:05:51 8.79
02:06:01 8.83
02:06:11 8.78
02:06:21 8.79
02:06:31 8.75
02:06:41 8.84
02:06:51 8.79
02:07:01 8.74
02:07:11 8.83
02:07:21 8.80
02:07:31 8.82
02:07:41 8.72
02:07:51 8.86
02:08:01 8.79
02:08:11 8.68
02:08:21 8.73
02:08:31 8.67
02:08:41 8.66
02:08:51 8.70
02:09:01 8.73
02:09:11 8.79
02:09:21 8.67
02:09:31 8.71
02:09:41 8.67
02:09:51 8.66
02:10:01 8.70
02:10:11 10.88
02:10:21 10.88
02:10:31 10.88
02:10:41 10.89
02:10:51 10.86
02:11:01 10.88
02:11:11 10.88
02:11:21 10.86
02:11:31 10.88
02:11:41 10.89
02:11:51 10.88
02:12:01 10.88
02:12:11 10.89
02:12:21 10.89
02:12:31 10.89
02:12:41 10.87
02:12:51 10.86
02:13:01 10.81
