free memory 5.91 GiB
[izmer]
  izmer Расчёты / Одна температура
  izmer Расчёты / Температурный диапазон
  izmer Расчёты / Изменение состава
  izmer Диаграммы / Бинарная T–X
  izmer Диаграммы / Многокомпонентное T–X
  izmer Диаграммы / Тройная при T = const
  izmer Диаграммы / Карта доли фазы
  izmer Затвердевание
  izmer Энергии / Энергии фаз
  izmer Энергии / Движущая сила
  izmer Энергии / T₀
  izmer Свойства / Плотность
  izmer Свойства / Плотность по T
  izmer Свойства / Упругие свойства
  izmer Свойства / Вклады упрочнения
  izmer Свойства / Покрытие PDB
  izmer Кинетика / Диффузия и гомогенизация
  izmer Кинетика / Выделения
  izmer Проекты и данные / Марки и составы
  izmer Проекты и данные / Пакетный расчёт
  izmer Проекты и данные / Проекты и история
  izmer Проекты и данные / Паспорт базы
  izmer Проекты и данные / Как пользоваться
  izmer Проекты и данные / Справочник фаз
  izmer Проекты и данные / Проверка установки
done in 78 s; frames 36
